1) Анализ был проведен инстументом JMAP, который показывает использование памяти,
детализируя количество экземпляров и общий объем памяти, потребляемый различными классами.


Если мы рассмотрим наш класс, добавим  5000 экземляров , то увидим выделенную память в 120 000.
 10:          5000         120000  ru.job4j.tracker.Item
После чего добавим еще заявок в кол-ве 10000
 7:         15000         360000  ru.job4j.tracker.Item

Постепенно добавляя заявок, было 190 000 экземпляров и занято 4560000 байт

Дальше удаляем все заявки и видим 
   6:        190000        4560000  ru.job4j.tracker.Item, тоесть после удаления, все экземпляры и память были сохранены, 
и не удалены сборщиком мусора



PS C:\Users\selov\projects\job4j_tracker> jps
5376
7984 Launcher
1268 StartUI
4900 RemoteMavenServer36
8504 Jps
PS C:\Users\selov\projects\job4j_tracker> jmap -histo 1268
 num     #instances         #bytes  class name (module)
-------------------------------------------------------
   1:         16744        1278192  [B (java.base@21.0.2)
   2:         15920         382080  java.lang.String (java.base@21.0.2)
   3:          1507         184504  java.lang.Class (java.base@21.0.2)
   4:          1657         165504  [Ljava.lang.Object; (java.base@21.0.2)
   5:            59         164480  Ljdk.internal.vm.FillerArray; (java.base@21.0.2)
   6:          4199         134368  java.util.HashMap$Node (java.base@21.0.2)
   7:          5126         123024  java.time.LocalDateTime (java.base@21.0.2)
   8:          5069         121656  java.time.LocalDate (java.base@21.0.2)
   9:          5026         120624  java.time.LocalTime (java.base@21.0.2)
  10:          5000         120000  ru.job4j.tracker.Item
  11:          2934          93888  java.util.concurrent.ConcurrentHashMap$Node (java.base@21.0.2)
  12:           224          79024  [C (java.base@21.0.2)
  13:           159          74656  [I (java.base@21.0.2)
  14:           356          60800  [Ljava.util.HashMap$Node; (java.base@21.0.2)
  15:          1128          45120  java.util.LinkedHashMap$Entry (java.base@21.0.2)
  16:           517          29272  [Ljava.lang.String; (java.base@21.0.2)
  17:            67          28528  [Ljava.util.concurrent.ConcurrentHashMap$Node; (java.base@21.0.2)
  18:           240          18240  [Ljava.lang.ref.SoftReference; (java.base@21.0.2)
  19:           362          17376  java.lang.invoke.MemberName (java.base@21.0.2)
  20:           357          17136  java.util.HashMap (java.base@21.0.2)
  21:           468          14976  java.lang.invoke.MethodType$ConcurrentWeakInternSet$WeakEntry (java.base@21.0.2)
  22:           351          14040  java.lang.invoke.MethodType (java.base@21.0.2)
  23:           349          11168  java.lang.invoke.LambdaForm$Name (java.base@21.0.2)
  24:           374           8976  java.lang.module.ModuleDescriptor$Exports (java.base@21.0.2)
  25:           296           8848  [Ljava.lang.Class; (java.base@21.0.2)
  26:            49           8032  [Ljava.lang.invoke.MethodHandle; (java.base@21.0.2)
  27:           303           7272  java.lang.invoke.ResolvedMethodName (java.base@21.0.2)
  28:           257           6168  java.lang.Long (java.base@21.0.2)
  29:            89           5696  java.util.concurrent.ConcurrentHashMap (java.base@21.0.2)
  30:           140           5600  java.lang.ref.SoftReference (java.base@21.0.2)
  31:            70           5600  java.net.URI (java.base@21.0.2)
  32:           230           5520  java.util.ImmutableCollections$Set12 (java.base@21.0.2)
  33:           172           5504  java.lang.module.ModuleDescriptor$Requires (java.base@21.0.2)
  34:           113           5424  java.lang.invoke.LambdaForm (java.base@21.0.2)
  35:           118           5016  [Ljava.lang.invoke.LambdaForm$Name; (java.base@21.0.2)
  36:           195           4680  jdk.internal.module.ServicesCatalog$ServiceProvider (java.base@21.0.2)
  37:           146           4672  java.lang.invoke.MethodTypeForm (java.base@21.0.2)
  38:            70           4480  java.lang.module.ModuleDescriptor (java.base@21.0.2)
  39:           272           4352  java.util.HashSet (java.base@21.0.2)
  40:           267           4272  java.lang.Integer (java.base@21.0.2)
  41:            71           3976  sun.util.calendar.ZoneInfo (java.base@21.0.2)
  42:            70           3920  jdk.internal.module.ModuleReferenceImpl (java.base@21.0.2)
  43:            69           3864  java.lang.Module (java.base@21.0.2)
  44:           152           3648  java.util.ImmutableCollections$SetN (java.base@21.0.2)
  45:            90           3600  java.math.BigInteger (java.base@21.0.2)
  46:           215           3440  java.lang.Object (java.base@21.0.2)
  47:            71           3408  jdk.internal.ref.CleanerImpl$PhantomCleanableRef (java.base@21.0.2)
  48:            83           3320  java.lang.invoke.DirectMethodHandle (java.base@21.0.2)
  49:           129           3096  java.lang.invoke.LambdaForm$NamedFunction (java.base@21.0.2)
  50:            12           2688  [J (java.base@21.0.2)
  51:           103           2472  [[C (java.base@21.0.2)
  52:            68           2176  java.lang.invoke.LambdaForm$Kind (java.base@21.0.2)
  53:           128           2048  java.lang.Character (java.base@21.0.2)
  54:            62           1984  jdk.internal.loader.BuiltinClassLoader$LoadedModule (java.base@21.0.2)
  55:            77           1848  java.util.ImmutableCollections$List12 (java.base@21.0.2)
  56:            74           1776  java.util.concurrent.CopyOnWriteArrayList (java.base@21.0.2)
  57:            20           1760  java.lang.reflect.Method (java.base@21.0.2)
  58:            70           1680  jdk.internal.module.SystemModuleFinders$2 (java.base@21.0.2)
  59:            69           1656  java.time.Instant (java.base@21.0.2)
  60:            25           1600  java.net.URL (java.base@21.0.2)
  61:            33           1584  java.time.temporal.ValueRange (java.base@21.0.2)
  62:            39           1560  java.lang.invoke.BoundMethodHandle$Species_L (java.base@21.0.2)
  63:            65           1560  java.lang.module.ModuleDescriptor$Provides (java.base@21.0.2)
  64:            38           1520  java.io.ObjectStreamField (java.base@21.0.2)
  65:            63           1512  java.lang.module.ResolvedModule (java.base@21.0.2)
  66:            63           1512  jdk.internal.module.SystemModuleFinders$SystemModuleReader (java.base@21.0.2)
  67:            46           1472  java.lang.invoke.MethodHandleNatives$CallSiteContext (java.base@21.0.2)
  68:            61           1464  jdk.internal.module.ModuleReferenceImpl$CachedHash (java.base@21.0.2)
  69:            10           1440  [Ljava.lang.invoke.MemberName; (java.base@21.0.2)
  70:            30           1440  java.time.temporal.ChronoField (java.base@21.0.2)
  71:             1           1424  [[B (java.base@21.0.2)
  72:            22           1408  java.lang.Class$ReflectionData (java.base@21.0.2)
  73:            29           1392  java.lang.invoke.DirectMethodHandle$Constructor (java.base@21.0.2)
  74:             6           1376  [Z (java.base@21.0.2)
  75:            42           1344  java.util.concurrent.locks.ReentrantLock$NonfairSync (java.base@21.0.2)
  76:            27           1296  java.lang.invoke.LambdaFormEditor$Transform (java.base@21.0.2)
  77:            17           1224  java.lang.reflect.Constructor (java.base@21.0.2)
  78:            38           1184  [Ljava.math.BigInteger; (java.base@21.0.2)
  79:            11           1144  java.util.jar.JarFile$JarFileEntry (java.base@21.0.2)
  80:            69           1104  java.util.HashMap$KeySet (java.base@21.0.2)
  81:            67           1072  java.time.Clock$SystemClock (java.base@21.0.2)
  82:            66           1056  jdk.internal.module.SystemModuleFinders$3 (java.base@21.0.2)
  83:             1           1040  [Ljava.lang.Integer; (java.base@21.0.2)
  84:             1           1040  [Ljava.lang.Long; (java.base@21.0.2)
  85:            26           1040  sun.util.locale.LocaleObjectCache$CacheEntry (java.base@21.0.2)
  86:            31            992  java.lang.invoke.VarHandle$AccessMode (java.base@21.0.2)
  87:            31            992  java.util.Locale (java.base@21.0.2)
  88:            31            992  sun.util.locale.BaseLocale (java.base@21.0.2)
  89:            12            960  [Ljava.util.WeakHashMap$Entry; (java.base@21.0.2)
  90:             8            960  java.lang.Thread (java.base@21.0.2)
  91:            20            960  java.lang.invoke.DirectMethodHandle$Accessor (java.base@21.0.2)
  92:            28            944  [Ljava.time.format.DateTimeFormatterBuilder$DateTimePrinterParser; (java.base@21.0.2)
  93:            23            920  java.lang.reflect.AccessFlag (java.base@21.0.2)
  94:            16            896  java.nio.HeapCharBuffer (java.base@21.0.2)
  95:            11            880  java.util.zip.ZipFile$Source (java.base@21.0.2)
  96:            27            864  java.lang.ref.ReferenceQueue (java.base@21.0.2)
  97:            33            792  java.util.ImmutableCollections$ListN (java.base@21.0.2)
  98:            24            768  java.time.format.DateTimeFormatterBuilder$NumberPrinterParser (java.base@21.0.2)
  99:            22            704  java.lang.reflect.ClassFileFormatVersion (java.base@21.0.2)
 100:            11            704  sun.nio.fs.WindowsFileAttributes (java.base@21.0.2)
 101:            28            672  java.time.format.DateTimeFormatterBuilder$CompositePrinterParser (java.base@21.0.2)
 102:            42            672  java.util.concurrent.locks.ReentrantLock (java.base@21.0.2)
 103:            27            648  java.util.concurrent.locks.AbstractQueuedSynchronizer$ConditionObject (java.base@21.0.2)
 104:            27            648  java.util.jar.Attributes$Name (java.base@21.0.2)
 105:            16            640  java.time.format.DateTimeFormatter (java.base@21.0.2)
 106:            20            640  java.util.regex.Pattern$Curly (java.base@21.0.2)
 107:            10            640  java.util.zip.Inflater (java.base@21.0.2)
 108:             3            624  [Ljava.lang.invoke.LambdaForm; (java.base@21.0.2)
 109:            11            616  java.io.FileCleanable (java.base@21.0.2)
 110:            11            616  java.util.jar.JarFile (java.base@21.0.2)
 111:            15            600  java.io.FileDescriptor (java.base@21.0.2)
 112:            12            576  java.util.WeakHashMap (java.base@21.0.2)
 113:             7            560  java.util.concurrent.TimeUnit (java.base@21.0.2)
 114:            10            560  sun.invoke.util.Wrapper (java.base@21.0.2)
 115:             1            528  [Ljava.lang.Character; (java.base@21.0.2)
 116:             2            528  [Ljava.time.LocalDateTime; (java.base@21.0.2)
 117:             6            528  java.util.regex.Pattern (java.base@21.0.2)
 118:            11            528  jdk.internal.loader.URLClassPath$JarLoader (java.base@21.0.2)
 119:            12            512  [Ljava.lang.invoke.MethodType; (java.base@21.0.2)
 120:             8            512  java.nio.DirectByteBuffer (java.base@21.0.2)
 121:            16            512  java.time.temporal.ChronoUnit (java.base@21.0.2)
 122:            21            504  java.lang.invoke.Invokers (java.base@21.0.2)
 123:            21            504  java.util.AbstractMap$SimpleImmutableEntry (java.base@21.0.2)
 124:            21            504  java.util.regex.Pattern$BmpCharProperty (java.base@21.0.2)
 125:            12            480  java.lang.OutOfMemoryError (java.base@21.0.2)
 126:            12            480  java.lang.Thread$FieldHolder (java.base@21.0.2)
 127:            12            480  java.security.AccessControlContext (java.base@21.0.2)
 128:            20            480  java.util.ArrayList (java.base@21.0.2)
 129:            19            456  java.time.Duration (java.base@21.0.2)
 130:             7            448  java.util.LinkedHashMap (java.base@21.0.2)
 131:            11            440  java.io.RandomAccessFile (java.base@21.0.2)
 132:             1            432  [[[C (java.base@21.0.2)
 133:            12            384  java.io.File (java.base@21.0.2)
 134:             8            384  java.lang.invoke.BoundMethodHandle$SpeciesData (java.base@21.0.2)
 135:            12            384  sun.util.locale.BaseLocale$Key (java.base@21.0.2)
 136:            12            368  [Ljava.io.ObjectStreamField; (java.base@21.0.2)
 137:            23            368  java.time.format.DateTimeFormatterBuilder$CharLiteralPrinterParser (java.base@21.0.2)
 138:             9            360  java.lang.invoke.BoundMethodHandle$Species_LL (java.base@21.0.2)
 139:            22            352  java.util.regex.Pattern$$Lambda/0x80000002a (java.base@21.0.2)
 140:            11            352  java.util.zip.ZipFile$CleanableResource (java.base@21.0.2)
 141:             3            344  [D (java.base@21.0.2)
 142:            14            336  [Ljava.lang.reflect.Constructor; (java.base@21.0.2)
 143:             5            336  [Lsun.invoke.util.Wrapper; (java.base@21.0.2)
 144:             5            336  [S (java.base@21.0.2)
 145:             7            336  java.lang.invoke.VarHandleReferences$FieldInstanceReadWrite (java.base@21.0.2)
 146:             6            336  java.nio.DirectLongBufferU (java.base@21.0.2)
 147:            14            336  java.util.Collections$SetFromMap (java.base@21.0.2)
 148:             2            328  [Ljava.time.ZoneOffset; (java.base@21.0.2)
 149:             8            320  [Ljava.lang.invoke.BoundMethodHandle$SpeciesData; (java.base@21.0.2)
 150:            10            320  java.lang.invoke.VarForm (java.base@21.0.2)
 151:             8            320  sun.util.resources.Bundles$BundleReference (java.base@21.0.2)
 152:            13            312  jdk.internal.reflect.DirectConstructorHandleAccessor (java.base@21.0.2)
 153:             1            288  [Ljava.lang.invoke.LambdaForm$Kind; (java.base@21.0.2)
 154:             6            288  java.lang.invoke.MethodHandleImpl$IntrinsicMethodHandle (java.base@21.0.2)
 155:            12            288  java.util.ArrayDeque (java.base@21.0.2)
 156:             6            288  java.util.stream.StreamOpFlag (java.base@21.0.2)
 157:             9            288  jdk.internal.org.objectweb.asm.Type (java.base@21.0.2)
 158:             5            280  java.nio.HeapByteBuffer (java.base@21.0.2)
 159:             7            280  java.security.ProtectionDomain (java.base@21.0.2)
 160:             7            280  jdk.internal.loader.NativeLibraries$NativeLibraryImpl (java.base@21.0.2)
 161:            11            264  java.lang.invoke.MethodHandleImpl$Intrinsic (java.base@21.0.2)
 162:            11            264  java.util.zip.ZipFile$Source$Key (java.base@21.0.2)
 163:             8            256  java.lang.invoke.SimpleMethodHandle (java.base@21.0.2)
 164:             8            256  java.math.RoundingMode (java.base@21.0.2)
 165:             8            256  sun.util.resources.Bundles$CacheKey (java.base@21.0.2)
 166:             5            240  [Ljava.lang.invoke.LambdaForm$NamedFunction; (java.base@21.0.2)
 167:             6            240  java.lang.invoke.LambdaForm$BasicType (java.base@21.0.2)
 168:            10            240  java.nio.charset.CoderResult (java.base@21.0.2)
 169:            10            240  java.nio.file.StandardOpenOption (java.base@21.0.2)
 170:             6            240  java.security.CodeSource (java.base@21.0.2)
 171:             6            240  java.util.EnumMap (java.base@21.0.2)
 172:            10            240  java.util.zip.Inflater$InflaterZStreamRef (java.base@21.0.2)
 173:             8            224  [Ljava.lang.reflect.Method; (java.base@21.0.2)
 174:             9            216  java.lang.reflect.AccessFlag$Location (java.base@21.0.2)
 175:             5            200  java.lang.invoke.VarHandle$AccessDescriptor (java.base@21.0.2)
 176:             5            200  java.util.WeakHashMap$Entry (java.base@21.0.2)
 177:             5            200  sun.util.locale.provider.LocaleProviderAdapter$Type (java.base@21.0.2)
 178:             5            200  sun.util.locale.provider.LocaleResources (java.base@21.0.2)
 179:             3            192  java.nio.DirectByteBufferR (java.base@21.0.2)
 180:             8            192  java.time.ZoneOffset (java.base@21.0.2)
 181:             6            192  java.time.format.TextStyle (java.base@21.0.2)
 182:             6            192  java.util.Hashtable$Entry (java.base@21.0.2)
 183:            12            192  java.util.WeakHashMap$KeySet (java.base@21.0.2)
 184:            12            192  jdk.internal.misc.InternalLock (java.base@21.0.2)
 185:             1            168  [[Ljava.math.BigInteger; (java.base@21.0.2)
 186:             3            168  java.util.Properties (java.base@21.0.2)
 187:             7            168  jdk.net.ExtendedSocketOptions$ExtSocketOption (jdk.net@21.0.2)
 188:             2            160  [Ljava.lang.ThreadLocal$ThreadLocalMap$Entry; (java.base@21.0.2)
 189:             5            160  java.lang.invoke.VarHandle$AccessType (java.base@21.0.2)
 190:             5            160  java.net.InetAddress$InetAddressHolder (java.base@21.0.2)
 191:             5            160  java.util.RegularEnumSet (java.base@21.0.2)
 192:             2            152  [[Ljava.lang.String; (java.base@21.0.2)
 193:             1            144  [Ljava.lang.invoke.VarHandle$AccessMode; (java.base@21.0.2)
 194:             6            144  java.lang.Thread$State (java.base@21.0.2)
 195:             3            144  java.lang.ThreadGroup (java.base@21.0.2)
 196:             3            144  java.lang.invoke.BoundMethodHandle$Species_LLLL (java.base@21.0.2)
 197:             6            144  java.lang.invoke.LambdaFormEditor$TransformKey (java.base@21.0.2)
 198:             3            144  java.lang.invoke.MethodHandleImpl$AsVarargsCollector (java.base@21.0.2)
 199:             3            144  java.time.temporal.JulianFields$Field (java.base@21.0.2)
 200:             9            144  java.util.Collections$UnmodifiableSet (java.base@21.0.2)
 201:             3            144  java.util.Hashtable (java.base@21.0.2)
 202:             1            144  java.util.Scanner (java.base@21.0.2)
 203:             6            144  jdk.internal.perf.PerfCounter (java.base@21.0.2)
 204:             1            136  [Ljava.time.temporal.ChronoField; (java.base@21.0.2)
 205:             3            128  [Ljava.util.Hashtable$Entry; (java.base@21.0.2)
 206:             1            128  com.intellij.rt.execution.application.AppMainV2$1
 207:             4            128  java.lang.ThreadLocal$ThreadLocalMap$Entry (java.base@21.0.2)
 208:             4            128  java.lang.invoke.MethodHandles$Lookup (java.base@21.0.2)
 209:             4            128  java.lang.module.ModuleDescriptor$Modifier (java.base@21.0.2)
 210:             4            128  java.lang.module.ModuleDescriptor$Requires$Modifier (java.base@21.0.2)
 211:             4            128  java.time.format.DateTimeFormatterBuilder$TextPrinterParser (java.base@21.0.2)
 212:             4            128  java.util.ImmutableCollections$MapN (java.base@21.0.2)
 213:             4            128  java.util.stream.FindOps$FindOp (java.base@21.0.2)
 214:             4            128  jdk.internal.loader.NativeLibraries (java.base@21.0.2)
 215:             4            128  jdk.internal.reflect.DirectMethodHandleAccessor (java.base@21.0.2)
 216:             3            120  [Ljava.lang.invoke.LambdaForm$BasicType; (java.base@21.0.2)
 217:             5            120  java.lang.module.ModuleDescriptor$Opens (java.base@21.0.2)
 218:             1            120  java.lang.ref.Finalizer$FinalizerThread (java.base@21.0.2)
 219:             1            120  java.lang.ref.Reference$ReferenceHandler (java.base@21.0.2)
 220:             5            120  java.time.format.SignStyle (java.base@21.0.2)
 221:             5            120  java.util.stream.StreamOpFlag$Type (java.base@21.0.2)
 222:             1            120  jdk.internal.misc.InnocuousThread (java.base@21.0.2)
 223:             5            120  sun.nio.fs.WindowsPathType (java.base@21.0.2)
 224:             3            120  sun.util.locale.provider.LocaleResources$ResourceReference (java.base@21.0.2)
 225:             1            112  [Ljava.lang.reflect.AccessFlag; (java.base@21.0.2)
 226:             7            112  [Ljava.security.Principal; (java.base@21.0.2)
 227:             1            112  [Ljava.time.LocalTime; (java.base@21.0.2)
 228:             2            112  java.nio.DirectIntBufferRU (java.base@21.0.2)
 229:             7            112  java.security.ProtectionDomain$Key (java.base@21.0.2)
 230:             2            112  sun.nio.cs.StreamEncoder (java.base@21.0.2)
 231:             1            104  [Ljava.lang.reflect.ClassFileFormatVersion; (java.base@21.0.2)
 232:             1            104  jdk.internal.loader.ClassLoaders$AppClassLoader (java.base@21.0.2)
 233:             1            104  jdk.internal.loader.ClassLoaders$BootClassLoader (java.base@21.0.2)
 234:             1            104  jdk.internal.loader.ClassLoaders$PlatformClassLoader (java.base@21.0.2)
 235:             1             96  [Lsun.util.locale.BaseLocale; (java.base@21.0.2)
 236:             2             96  java.io.PrintStream (java.base@21.0.2)
 237:             3             96  java.lang.Runtime$Version (java.base@21.0.2)
 238:             2             96  java.lang.invoke.BoundMethodHandle$Species_LJ (java.base@21.0.2)
 239:             2             96  java.lang.invoke.BoundMethodHandle$Species_LLL (java.base@21.0.2)
 240:             6             96  java.lang.invoke.LambdaFormEditor (java.base@21.0.2)
 241:             3             96  java.lang.ref.WeakReference (java.base@21.0.2)
 242:             4             96  java.time.format.DateTimeFormatterBuilder$OffsetIdPrinterParser (java.base@21.0.2)
 243:             4             96  java.time.format.DateTimeFormatterBuilder$SettingsParser (java.base@21.0.2)
 244:             3             96  java.util.HexFormat (java.base@21.0.2)
 245:             4             96  java.util.LinkedHashMap$LinkedKeySet (java.base@21.0.2)
 246:             2             96  java.util.Locale$Category (java.base@21.0.2)
 247:             6             96  java.util.concurrent.atomic.AtomicInteger (java.base@21.0.2)
 248:             4             96  java.util.regex.Pattern$BmpCharPropertyGreedy (java.base@21.0.2)
 249:             4             96  java.util.regex.Pattern$CharPropertyGreedy (java.base@21.0.2)
 250:             4             96  java.util.regex.Pattern$Qtype (java.base@21.0.2)
 251:             4             96  java.util.regex.Pattern$Start (java.base@21.0.2)
 252:             4             96  java.util.stream.StreamShape (java.base@21.0.2)
 253:             1             96  jdk.internal.jimage.ImageReader$SharedImageReader (java.base@21.0.2)
 254:             3             96  jdk.internal.util.ClassFileDumper (java.base@21.0.2)
 255:             4             96  jdk.internal.util.OperatingSystem (java.base@21.0.2)
 256:             3             96  sun.net.spi.DefaultProxySelector$NonProxyInfo (java.base@21.0.2)
 257:             2             96  sun.nio.cs.StreamDecoder (java.base@21.0.2)
 258:             2             96  sun.nio.cs.UTF_8$Encoder (java.base@21.0.2)
 259:             2             80  [Ljava.lang.OutOfMemoryError; (java.base@21.0.2)
 260:             1             80  [Ljava.nio.ByteBuffer; (java.base@21.0.2)
 261:             1             80  [Ljava.time.temporal.ChronoUnit; (java.base@21.0.2)
 262:             2             80  [Ljava.util.stream.StreamOpFlag$Type; (java.base@21.0.2)
 263:             2             80  [[Ljava.lang.invoke.MethodHandle; (java.base@21.0.2)
 264:             2             80  java.io.BufferedOutputStream (java.base@21.0.2)
 265:             2             80  java.io.BufferedWriter (java.base@21.0.2)
 266:             2             80  java.lang.ModuleLayer (java.base@21.0.2)
 267:             2             80  java.lang.module.Configuration (java.base@21.0.2)
 268:             2             80  java.lang.ref.NativeReferenceQueue (java.base@21.0.2)
 269:             2             80  java.util.Collections$SingletonMap (java.base@21.0.2)
 270:             2             80  java.util.IdentityHashMap (java.base@21.0.2)
 271:             1             80  java.util.regex.Matcher (java.base@21.0.2)
 272:             5             80  java.util.regex.Pattern$BitClass (java.base@21.0.2)
 273:             1             80  sun.nio.ch.NioSocketImpl (java.base@21.0.2)
 274:             1             80  sun.util.cldr.CLDRLocaleProviderAdapter (java.base@21.0.2)
 275:             1             80  sun.util.locale.provider.JRELocaleProviderAdapter (java.base@21.0.2)
 276:             3             72  [Ljava.security.ProtectionDomain; (java.base@21.0.2)
 277:             3             72  java.lang.NamedPackage (java.base@21.0.2)
 278:             3             72  java.lang.RuntimePermission (java.base@21.0.2)
 279:             3             72  java.lang.WeakPairMap (java.base@21.0.2)
 280:             3             72  java.net.Inet4Address (java.base@21.0.2)
 281:             3             72  java.net.Proxy$Type (java.base@21.0.2)
 282:             3             72  java.net.StandardProtocolFamily (java.base@21.0.2)
 283:             3             72  java.security.Permissions (java.base@21.0.2)
 284:             3             72  java.time.format.ResolverStyle (java.base@21.0.2)
 285:             3             72  java.util.concurrent.atomic.AtomicLong (java.base@21.0.2)
 286:             3             72  java.util.regex.Pattern$GroupHead (java.base@21.0.2)
 287:             3             72  java.util.regex.Pattern$GroupTail (java.base@21.0.2)
 288:             3             72  java.util.stream.Collector$Characteristics (java.base@21.0.2)
 289:             3             72  java.util.zip.ZipCoder$Comparison (java.base@21.0.2)
 290:             3             72  sun.security.util.LazyCodeSourcePermissionCollection (java.base@21.0.2)
 291:             2             64  [Ljava.lang.invoke.LambdaFormEditor$Transform; (java.base@21.0.2)
 292:             1             64  [Ljava.lang.invoke.MethodHandleImpl$Intrinsic; (java.base@21.0.2)
 293:             2             64  [Ljava.nio.charset.CoderResult; (java.base@21.0.2)
 294:             2             64  [Ljava.util.stream.Collector$Characteristics; (java.base@21.0.2)
 295:             2             64  [Ljdk.internal.util.OperatingSystem; (java.base@21.0.2)
 296:             2             64  java.io.FileOutputStream (java.base@21.0.2)
 297:             2             64  java.lang.ClassValue$Entry (java.base@21.0.2)
 298:             2             64  java.lang.Package (java.base@21.0.2)
 299:             2             64  java.lang.invoke.MethodHandles$Lookup$ClassOption (java.base@21.0.2)
 300:             2             64  java.lang.ref.ReferenceQueue$Null (java.base@21.0.2)
 301:             2             64  java.net.Inet6Address$Inet6AddressHolder (java.base@21.0.2)
 302:             1             64  java.net.SocksSocketImpl (java.base@21.0.2)
 303:             2             64  java.time.temporal.IsoFields$Unit (java.base@21.0.2)
 304:             4             64  java.util.concurrent.ConcurrentHashMap$ValuesView (java.base@21.0.2)
 305:             2             64  java.util.concurrent.locks.AbstractQueuedSynchronizer$ConditionNode (java.base@21.0.2)
 306:             2             64  java.util.regex.Pattern$Branch (java.base@21.0.2)
 307:             4             64  jdk.internal.module.ServicesCatalog (java.base@21.0.2)
 308:             4             64  jdk.internal.util.Preconditions$4 (java.base@21.0.2)
 309:             2             64  sun.nio.fs.NativeBuffer (java.base@21.0.2)
 310:             1             56  [Ljava.lang.reflect.AccessFlag$Location; (java.base@21.0.2)
 311:             1             56  [Ljava.nio.file.StandardOpenOption; (java.base@21.0.2)
 312:             1             56  [[I (java.base@21.0.2)
 313:             1             56  java.lang.invoke.BoundMethodHandle$Specializer (java.base@21.0.2)
 314:             1             56  java.lang.invoke.BoundMethodHandle$Species_LLLLL (java.base@21.0.2)
 315:             1             56  jdk.internal.org.objectweb.asm.Label (java.base@21.0.2)
 316:             1             48  [Ljava.math.RoundingMode; (java.base@21.0.2)
 317:             1             48  [Ljava.util.concurrent.TimeUnit; (java.base@21.0.2)
 318:             2             48  [Ljava.util.regex.Pattern$Node; (java.base@21.0.2)
 319:             1             48  java.io.BufferedInputStream (java.base@21.0.2)
 320:             1             48  java.io.BufferedReader (java.base@21.0.2)
 321:             2             48  java.io.File$PathStatus (java.base@21.0.2)
 322:             2             48  java.io.InputStreamReader (java.base@21.0.2)
 323:             2             48  java.io.OutputStreamWriter (java.base@21.0.2)
 324:             1             48  java.lang.NullPointerException (java.base@21.0.2)
 325:             2             48  java.lang.StringBuilder (java.base@21.0.2)
 326:             2             48  java.lang.ThreadLocal$ThreadLocalMap (java.base@21.0.2)
 327:             1             48  java.lang.invoke.BoundMethodHandle$Specializer$Factory (java.base@21.0.2)
 328:             1             48  java.lang.invoke.BoundMethodHandle$Species_LLJ (java.base@21.0.2)
 329:             2             48  java.net.Inet6Address (java.base@21.0.2)
 330:             3             48  java.nio.charset.CodingErrorAction (java.base@21.0.2)
 331:             2             48  java.security.BasicPermissionCollection (java.base@21.0.2)
 332:             3             48  java.security.SecureClassLoader$CodeSourceKey (java.base@21.0.2)
 333:             2             48  java.time.format.DateTimeFormatterBuilder$ZoneIdPrinterParser (java.base@21.0.2)
 334:             2             48  java.time.format.DateTimeTextProvider$LocaleStore (java.base@21.0.2)
 335:             3             48  java.util.HashMap$EntrySet (java.base@21.0.2)
 336:             2             48  java.util.LinkedHashMap$LinkedEntrySet (java.base@21.0.2)
 337:             3             48  java.util.Optional (java.base@21.0.2)
 338:             3             48  java.util.ResourceBundle$NoFallbackControl (java.base@21.0.2)
 339:             2             48  java.util.concurrent.ConcurrentHashMap$KeySetView (java.base@21.0.2)
 340:             1             48  java.util.concurrent.ConcurrentSkipListMap (java.base@21.0.2)
 341:             2             48  java.util.regex.Pattern$$Lambda/0x800000033 (java.base@21.0.2)
 342:             2             48  java.util.regex.Pattern$StartS (java.base@21.0.2)
 343:             1             48  jdk.internal.jimage.ImageHeader (java.base@21.0.2)
 344:             2             48  jdk.internal.misc.Signal (java.base@21.0.2)
 345:             2             48  jdk.internal.misc.Signal$NativeHandler (java.base@21.0.2)
 346:             2             48  jdk.internal.reflect.ReflectionFactory$Config (java.base@21.0.2)
 347:             2             48  sun.nio.fs.NativeBuffer$Deallocator (java.base@21.0.2)
 348:             1             48  sun.util.resources.TimeZoneNames (java.base@21.0.2)
 349:             1             48  sun.util.resources.TimeZoneNames_en (java.base@21.0.2)
 350:             1             48  sun.util.resources.cldr.TimeZoneNames (java.base@21.0.2)
 351:             1             48  sun.util.resources.cldr.TimeZoneNames_en (java.base@21.0.2)
 352:             1             40  [Ljava.lang.Thread$State; (java.base@21.0.2)
 353:             1             40  [Ljava.lang.invoke.VarHandle$AccessType; (java.base@21.0.2)
 354:             1             40  [Ljava.time.format.SignStyle; (java.base@21.0.2)
 355:             1             40  [Ljava.time.format.TextStyle; (java.base@21.0.2)
 356:             1             40  [Ljava.util.stream.StreamOpFlag; (java.base@21.0.2)
 357:             1             40  [Lsun.nio.fs.WindowsPathType; (java.base@21.0.2)
 358:             1             40  [Lsun.util.locale.provider.LocaleProviderAdapter$Type; (java.base@21.0.2)
 359:             1             40  [[Ljava.lang.invoke.LambdaForm$Name; (java.base@21.0.2)
 360:             1             40  java.lang.ArithmeticException (java.base@21.0.2)
 361:             1             40  java.lang.Package$VersionInfo (java.base@21.0.2)
 362:             1             40  java.lang.VirtualMachineError (java.base@21.0.2)
 363:             1             40  java.lang.invoke.DirectMethodHandle$Interface (java.base@21.0.2)
 364:             1             40  java.lang.invoke.VarHandleInts$FieldInstanceReadWrite (java.base@21.0.2)
 365:             1             40  java.net.Socket (java.base@21.0.2)
 366:             1             40  java.time.format.DateTimeFormatterBuilder$NanosPrinterParser (java.base@21.0.2)
 367:             1             40  java.time.zone.ZoneRules (java.base@21.0.2)
 368:             1             40  java.util.ResourceBundle$2 (java.base@21.0.2)
 369:             1             40  jdk.internal.loader.URLClassPath (java.base@21.0.2)
 370:             1             40  jdk.internal.ref.Cleaner (java.base@21.0.2)
 371:             1             40  jdk.internal.ref.CleanerImpl$CleanerCleanable (java.base@21.0.2)
 372:             1             40  sun.nio.cs.StandardCharsets$Aliases (java.base@21.0.2)
 373:             1             40  sun.nio.cs.StandardCharsets$Cache (java.base@21.0.2)
 374:             1             40  sun.nio.cs.StandardCharsets$Classes (java.base@21.0.2)
 375:             1             40  sun.nio.cs.US_ASCII$Decoder (java.base@21.0.2)
 376:             1             40  sun.nio.cs.UTF_8$Decoder (java.base@21.0.2)
 377:             1             40  sun.nio.fs.WindowsPath (java.base@21.0.2)
 378:             1             40  sun.text.resources.cldr.FormatData (java.base@21.0.2)
 379:             1             40  sun.text.resources.cldr.ext.FormatData_ru (jdk.localedata@21.0.2)
 380:             1             40  sun.util.locale.InternalLocaleBuilder (java.base@21.0.2)
 381:             1             40  sun.util.resources.Bundles$1 (java.base@21.0.2)
 382:             2             32  [Ljava.lang.StackTraceElement; (java.base@21.0.2)
 383:             1             32  [Ljava.lang.ThreadGroup; (java.base@21.0.2)
 384:             2             32  [Ljava.lang.annotation.Annotation; (java.base@21.0.2)
 385:             1             32  [Ljava.lang.module.ModuleDescriptor$Modifier; (java.base@21.0.2)
 386:             1             32  [Ljava.lang.module.ModuleDescriptor$Requires$Modifier; (java.base@21.0.2)
 387:             1             32  [Ljava.net.Proxy$Type; (java.base@21.0.2)
 388:             1             32  [Ljava.net.StandardProtocolFamily; (java.base@21.0.2)
 389:             1             32  [Ljava.time.format.DateTimeFormatterBuilder$SettingsParser; (java.base@21.0.2)
 390:             1             32  [Ljava.time.format.ResolverStyle; (java.base@21.0.2)
 391:             1             32  [Ljava.time.temporal.IsoFields$Field; (java.base@21.0.2)
 392:             1             32  [Ljava.time.temporal.JulianFields$Field; (java.base@21.0.2)
 393:             2             32  [Ljava.util.regex.IntHashSet; (java.base@21.0.2)
 394:             1             32  [Ljava.util.regex.Pattern$Qtype; (java.base@21.0.2)
 395:             1             32  [Ljava.util.stream.StreamShape; (java.base@21.0.2)
 396:             1             32  [Ljava.util.zip.ZipCoder$Comparison; (java.base@21.0.2)
 397:             1             32  [Ljdk.internal.module.ServicesCatalog; (java.base@21.0.2)
 398:             1             32  [Lsun.nio.fs.NativeBuffer; (java.base@21.0.2)
 399:             1             32  java.io.FileInputStream (java.base@21.0.2)
 400:             2             32  java.lang.Boolean (java.base@21.0.2)
 401:             1             32  java.lang.Module$ArchivedData (java.base@21.0.2)
 402:             1             32  java.lang.invoke.VarHandleByteArrayAsChars$ArrayHandle (java.base@21.0.2)
 403:             1             32  java.lang.invoke.VarHandleByteArrayAsDoubles$ArrayHandle (java.base@21.0.2)
 404:             1             32  java.lang.invoke.VarHandleByteArrayAsFloats$ArrayHandle (java.base@21.0.2)
 405:             1             32  java.lang.invoke.VarHandleByteArrayAsInts$ArrayHandle (java.base@21.0.2)
 406:             1             32  java.lang.invoke.VarHandleByteArrayAsLongs$ArrayHandle (java.base@21.0.2)
 407:             1             32  java.lang.invoke.VarHandleByteArrayAsShorts$ArrayHandle (java.base@21.0.2)
 408:             1             32  java.lang.module.ModuleDescriptor$Version (java.base@21.0.2)
 409:             2             32  java.lang.ref.NativeReferenceQueue$Lock (java.base@21.0.2)
 410:             2             32  java.nio.ByteOrder (java.base@21.0.2)
 411:             1             32  java.nio.DirectByteBuffer$Deallocator (java.base@21.0.2)
 412:             2             32  java.time.format.DateTimeFormatterBuilder$1 (java.base@21.0.2)
 413:             2             32  java.time.format.DateTimeFormatterBuilder$StringLiteralPrinterParser (java.base@21.0.2)
 414:             2             32  java.util.Collections$SingletonSet (java.base@21.0.2)
 415:             1             32  java.util.Collections$UnmodifiableMap (java.base@21.0.2)
 416:             2             32  java.util.HashMap$Values (java.base@21.0.2)
 417:             2             32  java.util.IdentityHashMap$KeySet (java.base@21.0.2)
 418:             2             32  java.util.ResourceBundle$SingleFormatControl (java.base@21.0.2)
 419:             2             32  java.util.concurrent.ConcurrentHashMap$EntrySetView (java.base@21.0.2)
 420:             1             32  java.util.concurrent.locks.AbstractQueuedSynchronizer$ExclusiveNode (java.base@21.0.2)
 421:             2             32  java.util.regex.Pattern$BranchConn (java.base@21.0.2)
 422:             1             32  java.util.zip.ZipCoder$UTF8ZipCoder (java.base@21.0.2)
 423:             1             32  jdk.internal.loader.ArchivedClassLoaders (java.base@21.0.2)
 424:             2             32  jdk.internal.loader.ClassLoaderValue (java.base@21.0.2)
 425:             1             32  jdk.internal.loader.URLClassPath$FileLoader (java.base@21.0.2)
 426:             1             32  jdk.internal.org.objectweb.asm.ConstantDynamic (java.base@21.0.2)
 427:             1             32  jdk.internal.org.objectweb.asm.Handle (java.base@21.0.2)
 428:             1             32  jdk.net.ExtendedSocketOptions$1 (jdk.net@21.0.2)
 429:             1             32  sun.instrument.InstrumentationImpl (java.instrument@21.0.2)
 430:             2             32  sun.util.resources.LocaleData (java.base@21.0.2)
 431:             1             24  [Ljava.io.File$PathStatus; (java.base@21.0.2)
 432:             1             24  [Ljava.lang.ClassValue$Entry; (java.base@21.0.2)
 433:             1             24  [Ljava.lang.invoke.MethodHandles$Lookup$ClassOption; (java.base@21.0.2)
 434:             1             24  [Ljava.net.URL; (java.base@21.0.2)
 435:             1             24  [Ljava.time.temporal.IsoFields$Unit; (java.base@21.0.2)
 436:             1             24  [Ljava.util.Comparators$NaturalOrderComparator; (java.base@21.0.2)
 437:             1             24  [Ljava.util.Locale$Category; (java.base@21.0.2)
 438:             1             24  [Ljava.util.jar.Manifest; (java.base@21.0.2)
 439:             1             24  java.io.WinNTFileSystem (java.base@21.0.2)
 440:             1             24  java.lang.ClassValue$Version (java.base@21.0.2)
 441:             1             24  java.lang.Double (java.base@21.0.2)
 442:             1             24  java.lang.invoke.ConstantCallSite (java.base@21.0.2)
 443:             1             24  java.lang.invoke.MethodType$ConcurrentWeakInternSet (java.base@21.0.2)
 444:             1             24  java.lang.invoke.VarHandles$1 (java.base@21.0.2)
 445:             1             24  java.net.Inet6AddressImpl (java.base@21.0.2)
 446:             1             24  java.net.Proxy (java.base@21.0.2)
 447:             1             24  java.net.Socket$SocketInputStream (java.base@21.0.2)
 448:             1             24  java.time.ZoneRegion (java.base@21.0.2)
 449:             1             24  java.time.format.DecimalStyle (java.base@21.0.2)
 450:             1             24  java.time.temporal.IsoFields$Field$1 (java.base@21.0.2)
 451:             1             24  java.time.temporal.IsoFields$Field$2 (java.base@21.0.2)
 452:             1             24  java.time.temporal.IsoFields$Field$3 (java.base@21.0.2)
 453:             1             24  java.time.temporal.IsoFields$Field$4 (java.base@21.0.2)
 454:             1             24  java.time.zone.TzdbZoneRulesProvider (java.base@21.0.2)
 455:             1             24  java.util.Arrays$ArrayList (java.base@21.0.2)
 456:             1             24  java.util.Collections$EmptyMap (java.base@21.0.2)
 457:             1             24  java.util.Collections$UnmodifiableRandomAccessList (java.base@21.0.2)
 458:             1             24  java.util.Comparators$NaturalOrderComparator (java.base@21.0.2)
 459:             1             24  java.util.Locale$Cache (java.base@21.0.2)
 460:             1             24  java.util.OptionalInt (java.base@21.0.2)
 461:             1             24  java.util.ResourceBundle$Control$CandidateListCache (java.base@21.0.2)
 462:             1             24  java.util.Scanner$PatternLRUCache (java.base@21.0.2)
 463:             1             24  java.util.jar.Manifest (java.base@21.0.2)
 464:             1             24  java.util.regex.Pattern$$Lambda/0x000001409904cc60 (java.base@21.0.2)
 465:             1             24  java.util.regex.Pattern$$Lambda/0x80000002b (java.base@21.0.2)
 466:             1             24  java.util.regex.Pattern$CharProperty (java.base@21.0.2)
 467:             1             24  java.util.regex.Pattern$Dollar (java.base@21.0.2)
 468:             1             24  java.util.regex.Pattern$Slice (java.base@21.0.2)
 469:             1             24  jdk.internal.jimage.ImageReader (java.base@21.0.2)
 470:             1             24  jdk.internal.module.ModuleBootstrap$SafeModuleFinder (java.base@21.0.2)
 471:             1             24  jdk.internal.module.ModuleHashes (java.base@21.0.2)
 472:             1             24  jdk.internal.ref.CleanerImpl (java.base@21.0.2)
 473:             1             24  ru.job4j.tracker.MemTracker
 474:             1             24  sun.instrument.TransformerManager (java.instrument@21.0.2)
 475:             1             24  sun.nio.ch.Util$BufferCache (java.base@21.0.2)
 476:             1             24  sun.nio.cs.ISO_8859_1 (java.base@21.0.2)
 477:             1             24  sun.nio.cs.MS1251 (java.base@21.0.2)
 478:             1             24  sun.nio.cs.StandardCharsets (java.base@21.0.2)
 479:             1             24  sun.nio.cs.US_ASCII (java.base@21.0.2)
 480:             1             24  sun.nio.cs.UTF_16 (java.base@21.0.2)
 481:             1             24  sun.nio.cs.UTF_16BE (java.base@21.0.2)
 482:             1             24  sun.nio.cs.UTF_16LE (java.base@21.0.2)
 483:             1             24  sun.nio.cs.UTF_8 (java.base@21.0.2)
 484:             1             24  sun.nio.fs.WindowsFileSystem (java.base@21.0.2)
 485:             1             24  sun.util.cldr.CLDRTimeZoneNameProviderImpl (java.base@21.0.2)
 486:             1             24  sun.util.locale.BaseLocale$Cache (java.base@21.0.2)
 487:             1             24  sun.util.locale.provider.DecimalFormatSymbolsProviderImpl (java.base@21.0.2)
 488:             1             24  sun.util.locale.provider.LocaleServiceProviderPool (java.base@21.0.2)
 489:             1             24  sun.util.locale.provider.NumberFormatProviderImpl (java.base@21.0.2)
 490:             1             24  sun.util.locale.provider.TimeZoneNameProviderImpl (java.base@21.0.2)
 491:             1             16  [F (java.base@21.0.2)
 492:             1             16  [Ljava.lang.Throwable; (java.base@21.0.2)
 493:             1             16  [Ljava.security.cert.Certificate; (java.base@21.0.2)
 494:             1             16  [Ljava.text.FieldPosition; (java.base@21.0.2)
 495:             1             16  [Ljava.time.zone.ZoneOffsetTransitionRule; (java.base@21.0.2)
 496:             1             16  [Lsun.instrument.TransformerManager$TransformerInfo; (java.instrument@21.0.2)
 497:             1             16  java.io.FileDescriptor$1 (java.base@21.0.2)
 498:             1             16  java.io.PrintStream$1 (java.base@21.0.2)
 499:             1             16  java.io.RandomAccessFile$2 (java.base@21.0.2)
 500:             1             16  java.lang.CharacterData00 (java.base@21.0.2)
 501:             1             16  java.lang.CharacterDataLatin1 (java.base@21.0.2)
 502:             1             16  java.lang.ClassValue$Identity (java.base@21.0.2)
 503:             1             16  java.lang.Float (java.base@21.0.2)
 504:             1             16  java.lang.Runtime (java.base@21.0.2)
 505:             1             16  java.lang.String$CaseInsensitiveComparator (java.base@21.0.2)
 506:             1             16  java.lang.System$2 (java.base@21.0.2)
 507:             1             16  java.lang.Terminator$1 (java.base@21.0.2)
 508:             1             16  java.lang.invoke.ClassSpecializer$1 (java.base@21.0.2)
 509:             1             16  java.lang.invoke.MemberName$Factory (java.base@21.0.2)
 510:             1             16  java.lang.invoke.MethodHandleImpl$1 (java.base@21.0.2)
 511:             1             16  java.lang.module.ModuleDescriptor$1 (java.base@21.0.2)
 512:             1             16  java.lang.ref.Cleaner (java.base@21.0.2)
 513:             1             16  java.lang.ref.Cleaner$1 (java.base@21.0.2)
 514:             1             16  java.lang.ref.Reference$1 (java.base@21.0.2)
 515:             1             16  java.lang.reflect.AccessFlag$1 (java.base@21.0.2)
 516:             1             16  java.lang.reflect.AccessFlag$10 (java.base@21.0.2)
 517:             1             16  java.lang.reflect.AccessFlag$11 (java.base@21.0.2)
 518:             1             16  java.lang.reflect.AccessFlag$12 (java.base@21.0.2)
 519:             1             16  java.lang.reflect.AccessFlag$13 (java.base@21.0.2)
 520:             1             16  java.lang.reflect.AccessFlag$14 (java.base@21.0.2)
 521:             1             16  java.lang.reflect.AccessFlag$15 (java.base@21.0.2)
 522:             1             16  java.lang.reflect.AccessFlag$16 (java.base@21.0.2)
 523:             1             16  java.lang.reflect.AccessFlag$17 (java.base@21.0.2)
 524:             1             16  java.lang.reflect.AccessFlag$18 (java.base@21.0.2)
 525:             1             16  java.lang.reflect.AccessFlag$2 (java.base@21.0.2)
 526:             1             16  java.lang.reflect.AccessFlag$3 (java.base@21.0.2)
 527:             1             16  java.lang.reflect.AccessFlag$4 (java.base@21.0.2)
 528:             1             16  java.lang.reflect.AccessFlag$5 (java.base@21.0.2)
 529:             1             16  java.lang.reflect.AccessFlag$6 (java.base@21.0.2)
 530:             1             16  java.lang.reflect.AccessFlag$7 (java.base@21.0.2)
 531:             1             16  java.lang.reflect.AccessFlag$8 (java.base@21.0.2)
 532:             1             16  java.lang.reflect.AccessFlag$9 (java.base@21.0.2)
 533:             1             16  java.lang.reflect.ReflectAccess (java.base@21.0.2)
 534:             1             16  java.net.InetAddress$1 (java.base@21.0.2)
 535:             1             16  java.net.InetAddress$PlatformResolver (java.base@21.0.2)
 536:             1             16  java.net.URI$1 (java.base@21.0.2)
 537:             1             16  java.net.URL$3 (java.base@21.0.2)
 538:             1             16  java.net.URL$DefaultFactory (java.base@21.0.2)
 539:             1             16  java.net.spi.InetAddressResolver$LookupPolicy (java.base@21.0.2)
 540:             1             16  java.nio.Bits$1 (java.base@21.0.2)
 541:             1             16  java.nio.Buffer$1 (java.base@21.0.2)
 542:             1             16  java.nio.Buffer$2 (java.base@21.0.2)
 543:             1             16  java.security.ProtectionDomain$JavaSecurityAccessImpl (java.base@21.0.2)
 544:             1             16  java.text.DecimalFormatSymbols$$Lambda/0x80000000d (java.base@21.0.2)
 545:             1             16  java.time.ZoneOffset$$Lambda/0x80000000e (java.base@21.0.2)
 546:             1             16  java.time.chrono.IsoChronology (java.base@21.0.2)
 547:             1             16  java.time.format.DateTimeFormatter$$Lambda/0x80000000f (java.base@21.0.2)
 548:             1             16  java.time.format.DateTimeFormatter$$Lambda/0x800000010 (java.base@21.0.2)
 549:             1             16  java.time.format.DateTimeFormatterBuilder$$Lambda/0x800000011 (java.base@21.0.2)
 550:             1             16  java.time.format.DateTimeFormatterBuilder$InstantPrinterParser (java.base@21.0.2)
 551:             1             16  java.time.format.DateTimeTextProvider (java.base@21.0.2)
 552:             1             16  java.time.format.DateTimeTextProvider$1 (java.base@21.0.2)
 553:             1             16  java.util.Collections$EmptyEnumeration (java.base@21.0.2)
 554:             1             16  java.util.Collections$EmptyIterator (java.base@21.0.2)
 555:             1             16  java.util.Collections$EmptyList (java.base@21.0.2)
 556:             1             16  java.util.Collections$EmptySet (java.base@21.0.2)
 557:             1             16  java.util.EnumMap$1 (java.base@21.0.2)
 558:             1             16  java.util.Locale$Builder (java.base@21.0.2)
 559:             1             16  java.util.Map$Entry$$Lambda/0x00000140990594f8 (java.base@21.0.2)
 560:             1             16  java.util.ResourceBundle$1 (java.base@21.0.2)
 561:             1             16  java.util.ResourceBundle$Control (java.base@21.0.2)
 562:             1             16  java.util.Spliterators$EmptySpliterator$OfDouble (java.base@21.0.2)
 563:             1             16  java.util.Spliterators$EmptySpliterator$OfInt (java.base@21.0.2)
 564:             1             16  java.util.Spliterators$EmptySpliterator$OfLong (java.base@21.0.2)
 565:             1             16  java.util.Spliterators$EmptySpliterator$OfRef (java.base@21.0.2)
 566:             1             16  java.util.concurrent.ConcurrentSkipListSet (java.base@21.0.2)
 567:             1             16  java.util.jar.Attributes (java.base@21.0.2)
 568:             1             16  java.util.jar.JavaUtilJarAccessImpl (java.base@21.0.2)
 569:             1             16  java.util.regex.CharPredicates$$Lambda/0x000001409904a080 (java.base@21.0.2)
 570:             1             16  java.util.regex.CharPredicates$$Lambda/0x000001409904ab68 (java.base@21.0.2)
 571:             1             16  java.util.regex.Pattern$$Lambda/0x000001409904a4c8 (java.base@21.0.2)
 572:             1             16  java.util.regex.Pattern$$Lambda/0x0000014099051098 (java.base@21.0.2)
 573:             1             16  java.util.regex.Pattern$$Lambda/0x800000032 (java.base@21.0.2)
 574:             1             16  java.util.regex.Pattern$LastNode (java.base@21.0.2)
 575:             1             16  java.util.regex.Pattern$Node (java.base@21.0.2)
 576:             1             16  java.util.stream.Collectors$$Lambda/0x80000003a (java.base@21.0.2)
 577:             1             16  java.util.stream.Collectors$$Lambda/0x800000041 (java.base@21.0.2)
 578:             1             16  java.util.stream.Collectors$$Lambda/0x800000043 (java.base@21.0.2)
 579:             1             16  java.util.stream.Collectors$$Lambda/0x800000046 (java.base@21.0.2)
 580:             1             16  java.util.stream.FindOps$FindSink$OfInt$$Lambda/0x800000049 (java.base@21.0.2)
 581:             1             16  java.util.stream.FindOps$FindSink$OfInt$$Lambda/0x80000004a (java.base@21.0.2)
 582:             1             16  java.util.stream.FindOps$FindSink$OfInt$$Lambda/0x80000004b (java.base@21.0.2)
 583:             1             16  java.util.stream.FindOps$FindSink$OfInt$$Lambda/0x80000004c (java.base@21.0.2)
 584:             1             16  java.util.stream.FindOps$FindSink$OfRef$$Lambda/0x80000004d (java.base@21.0.2)
 585:             1             16  java.util.stream.FindOps$FindSink$OfRef$$Lambda/0x80000004e (java.base@21.0.2)
 586:             1             16  java.util.stream.FindOps$FindSink$OfRef$$Lambda/0x80000004f (java.base@21.0.2)
 587:             1             16  java.util.stream.FindOps$FindSink$OfRef$$Lambda/0x800000050 (java.base@21.0.2)
 588:             1             16  java.util.stream.Nodes$EmptyNode$OfDouble (java.base@21.0.2)
 589:             1             16  java.util.stream.Nodes$EmptyNode$OfInt (java.base@21.0.2)
 590:             1             16  java.util.stream.Nodes$EmptyNode$OfLong (java.base@21.0.2)
 591:             1             16  java.util.stream.Nodes$EmptyNode$OfRef (java.base@21.0.2)
 592:             1             16  java.util.zip.ZipFile$1 (java.base@21.0.2)
 593:             1             16  jdk.internal.jimage.ImageReaderFactory$1 (java.base@21.0.2)
 594:             1             16  jdk.internal.jimage.ImageStringsReader (java.base@21.0.2)
 595:             1             16  jdk.internal.jimage.decompressor.Decompressor (java.base@21.0.2)
 596:             1             16  jdk.internal.misc.ScopedMemoryAccess (java.base@21.0.2)
 597:             1             16  jdk.internal.misc.TerminatingThreadLocal$1 (java.base@21.0.2)
 598:             1             16  jdk.internal.misc.Unsafe (java.base@21.0.2)
 599:             1             16  jdk.internal.module.DefaultRoots$$Lambda/0x800000053 (java.base@21.0.2)
 600:             1             16  jdk.internal.module.DefaultRoots$$Lambda/0x800000054 (java.base@21.0.2)
 601:             1             16  jdk.internal.module.DefaultRoots$$Lambda/0x800000055 (java.base@21.0.2)
 602:             1             16  jdk.internal.module.DefaultRoots$$Lambda/0x800000056 (java.base@21.0.2)
 603:             1             16  jdk.internal.module.ModulePatcher (java.base@21.0.2)
 604:             1             16  jdk.internal.module.ModuleResolution (java.base@21.0.2)
 605:             1             16  jdk.internal.module.ModuleTarget (java.base@21.0.2)
 606:             1             16  jdk.internal.perf.Perf (java.base@21.0.2)
 607:             1             16  jdk.internal.reflect.ReflectionFactory (java.base@21.0.2)
 608:             1             16  jdk.internal.util.Preconditions$1 (java.base@21.0.2)
 609:             1             16  jdk.internal.util.Preconditions$2 (java.base@21.0.2)
 610:             1             16  jdk.internal.util.Preconditions$3 (java.base@21.0.2)
 611:             1             16  jdk.net.WindowsSocketOptions (jdk.net@21.0.2)
 612:             1             16  ru.job4j.tracker.ConsoleInput
 613:             1             16  ru.job4j.tracker.ConsoleOutput
 614:             1             16  ru.job4j.tracker.CreateAction
 615:             1             16  ru.job4j.tracker.CreateManyItems
 616:             1             16  ru.job4j.tracker.DeleteAction
 617:             1             16  ru.job4j.tracker.DeleteAllItems
 618:             1             16  ru.job4j.tracker.ExitAction
 619:             1             16  ru.job4j.tracker.FindAllAction
 620:             1             16  ru.job4j.tracker.FindByIdAction
 621:             1             16  ru.job4j.tracker.FindByNameAction
 622:             1             16  ru.job4j.tracker.ReplaceAction
 623:             1             16  ru.job4j.tracker.StartUI
 624:             1             16  sun.instrument.InstrumentationImpl$$Lambda/0x0000014099041d80 (java.instrument@21.0.2)
 625:             1             16  sun.net.spi.DefaultProxySelector (java.base@21.0.2)
 626:             1             16  sun.net.www.protocol.file.Handler (java.base@21.0.2)
 627:             1             16  sun.net.www.protocol.jar.Handler (java.base@21.0.2)
 628:             1             16  sun.net.www.protocol.jrt.Handler (java.base@21.0.2)
 629:             1             16  sun.nio.ch.Net$1 (java.base@21.0.2)
 630:             1             16  sun.nio.ch.NioSocketImpl$$Lambda/0x000001409904a720 (java.base@21.0.2)
 631:             1             16  sun.nio.ch.NioSocketImpl$1 (java.base@21.0.2)
 632:             1             16  sun.nio.ch.SocketDispatcher (java.base@21.0.2)
 633:             1             16  sun.nio.ch.Util$1 (java.base@21.0.2)
 635:             1             16  sun.nio.fs.WindowsFileSystemProvider (java.base@21.0.2)
 636:             1             16  sun.util.calendar.Gregorian (java.base@21.0.2)
 637:             1             16  sun.util.cldr.CLDRBaseLocaleDataMetaInfo (java.base@21.0.2)
 638:             1             16  sun.util.cldr.CLDRLocaleProviderAdapter$$Lambda/0x800000064 (java.base@21.0.2)
 639:             1             16  sun.util.cldr.CLDRLocaleProviderAdapter$$Lambda/0x800000066 (java.base@21.0.2)
 640:             1             16  sun.util.cldr.CLDRTimeZoneNameProviderImpl$AVAILABLE_IDS$$Lambda/0x0000014099055898 (java.base@21.0.2)
 641:             1             16  sun.util.locale.InternalLocaleBuilder$CaseInsensitiveChar (java.base@21.0.2)
 642:             1             16  sun.util.locale.provider.TimeZoneNameUtility$TimeZoneNameGetter (java.base@21.0.2)
 643:             1             16  sun.util.resources.LocaleData$LocaleDataStrategy (java.base@21.0.2)
 644:             1             16  sun.util.resources.cldr.provider.CLDRLocaleDataMetaInfo (jdk.localedata@21.0.2)
Total         75471        3552680
PS C:\Users\selov\projects\job4j_tracker> jmap -histo 1268
 num     #instances         #bytes  class name (module)
-------------------------------------------------------
   1:         26788        1752336  [B (java.base@21.0.2)
   2:         25964         623136  java.lang.String (java.base@21.0.2)
   3:         10071         563976  sun.util.calendar.ZoneInfo (java.base@21.0.2)
   4:         15126         363024  java.time.LocalDateTime (java.base@21.0.2)
   5:         15069         361656  java.time.LocalDate (java.base@21.0.2)
   6:         15026         360624  java.time.LocalTime (java.base@21.0.2)
   7:         15000         360000  ru.job4j.tracker.Item
   8:          1660         343568  [Ljava.lang.Object; (java.base@21.0.2)
   9:         10069         241656  java.time.Instant (java.base@21.0.2)
  10:            91         200696  Ljdk.internal.vm.FillerArray; (java.base@21.0.2)
  11:          1507         184504  java.lang.Class (java.base@21.0.2)
  12:         10067         161072  java.time.Clock$SystemClock (java.base@21.0.2)
  13:          4199         134368  java.util.HashMap$Node (java.base@21.0.2)
  14:          2934          93888  java.util.concurrent.ConcurrentHashMap$Node (java.base@21.0.2)
  15:           224          79024  [C (java.base@21.0.2)
  16:           169          75328  [I (java.base@21.0.2)
  17:           356          60800  [Ljava.util.HashMap$Node; (java.base@21.0.2)
  18:          1128          45120  java.util.LinkedHashMap$Entry (java.base@21.0.2)
  19:           517          29272  [Ljava.lang.String; (java.base@21.0.2)
  20:            67          28528  [Ljava.util.concurrent.ConcurrentHashMap$Node; (java.base@21.0.2)
  21:           240          18240  [Ljava.lang.ref.SoftReference; (java.base@21.0.2)
  22:           362          17376  java.lang.invoke.MemberName (java.base@21.0.2)
  23:           357          17136  java.util.HashMap (java.base@21.0.2)
  24:           468          14976  java.lang.invoke.MethodType$ConcurrentWeakInternSet$WeakEntry (java.base@21.0.2)
  25:           351          14040  java.lang.invoke.MethodType (java.base@21.0.2)
  26:           349          11168  java.lang.invoke.LambdaForm$Name (java.base@21.0.2)
  27:           374           8976  java.lang.module.ModuleDescriptor$Exports (java.base@21.0.2)
  28:           296           8848  [Ljava.lang.Class; (java.base@21.0.2)
  29:            49           8032  [Ljava.lang.invoke.MethodHandle; (java.base@21.0.2)
  30:           303           7272  java.lang.invoke.ResolvedMethodName (java.base@21.0.2)
  31:           257           6168  java.lang.Long (java.base@21.0.2)
  32:            89           5696  java.util.concurrent.ConcurrentHashMap (java.base@21.0.2)
  33:           140           5600  java.lang.ref.SoftReference (java.base@21.0.2)
  34:            70           5600  java.net.URI (java.base@21.0.2)
  35:           230           5520  java.util.ImmutableCollections$Set12 (java.base@21.0.2)
  36:           172           5504  java.lang.module.ModuleDescriptor$Requires (java.base@21.0.2)
  37:           113           5424  java.lang.invoke.LambdaForm (java.base@21.0.2)
  38:           118           5016  [Ljava.lang.invoke.LambdaForm$Name; (java.base@21.0.2)
  39:           195           4680  jdk.internal.module.ServicesCatalog$ServiceProvider (java.base@21.0.2)
  40:           146           4672  java.lang.invoke.MethodTypeForm (java.base@21.0.2)
  41:            70           4480  java.lang.module.ModuleDescriptor (java.base@21.0.2)
  42:           272           4352  java.util.HashSet (java.base@21.0.2)
  43:           267           4272  java.lang.Integer (java.base@21.0.2)
  44:            70           3920  jdk.internal.module.ModuleReferenceImpl (java.base@21.0.2)
  45:            69           3864  java.lang.Module (java.base@21.0.2)
  46:           152           3648  java.util.ImmutableCollections$SetN (java.base@21.0.2)
  47:            90           3600  java.math.BigInteger (java.base@21.0.2)
  48:           215           3440  java.lang.Object (java.base@21.0.2)
  49:            71           3408  jdk.internal.ref.CleanerImpl$PhantomCleanableRef (java.base@21.0.2)
  50:            83           3320  java.lang.invoke.DirectMethodHandle (java.base@21.0.2)
  51:           129           3096  java.lang.invoke.LambdaForm$NamedFunction (java.base@21.0.2)
  52:            12           2688  [J (java.base@21.0.2)
  53:           103           2472  [[C (java.base@21.0.2)
  54:            68           2176  java.lang.invoke.LambdaForm$Kind (java.base@21.0.2)
  55:            38           2128  java.nio.HeapCharBuffer (java.base@21.0.2)
  56:           128           2048  java.lang.Character (java.base@21.0.2)
  57:            62           1984  jdk.internal.loader.BuiltinClassLoader$LoadedModule (java.base@21.0.2)
  58:            77           1848  java.util.ImmutableCollections$List12 (java.base@21.0.2)
  59:            74           1776  java.util.concurrent.CopyOnWriteArrayList (java.base@21.0.2)
  60:            20           1760  java.lang.reflect.Method (java.base@21.0.2)
  61:            70           1680  jdk.internal.module.SystemModuleFinders$2 (java.base@21.0.2)
  62:            25           1600  java.net.URL (java.base@21.0.2)
  63:            33           1584  java.time.temporal.ValueRange (java.base@21.0.2)
  64:            39           1560  java.lang.invoke.BoundMethodHandle$Species_L (java.base@21.0.2)
  65:            65           1560  java.lang.module.ModuleDescriptor$Provides (java.base@21.0.2)
  66:            38           1520  java.io.ObjectStreamField (java.base@21.0.2)
  67:            63           1512  java.lang.module.ResolvedModule (java.base@21.0.2)
  68:            63           1512  jdk.internal.module.SystemModuleFinders$SystemModuleReader (java.base@21.0.2)
  69:            46           1472  java.lang.invoke.MethodHandleNatives$CallSiteContext (java.base@21.0.2)
  70:            61           1464  jdk.internal.module.ModuleReferenceImpl$CachedHash (java.base@21.0.2)
  71:            10           1440  [Ljava.lang.invoke.MemberName; (java.base@21.0.2)
  72:            30           1440  java.time.temporal.ChronoField (java.base@21.0.2)
  73:             1           1424  [[B (java.base@21.0.2)
  74:            22           1408  java.lang.Class$ReflectionData (java.base@21.0.2)
  75:            29           1392  java.lang.invoke.DirectMethodHandle$Constructor (java.base@21.0.2)
  76:             6           1376  [Z (java.base@21.0.2)
  77:            42           1344  java.util.concurrent.locks.ReentrantLock$NonfairSync (java.base@21.0.2)
  78:            27           1296  java.lang.invoke.LambdaFormEditor$Transform (java.base@21.0.2)
  79:            17           1224  java.lang.reflect.Constructor (java.base@21.0.2)
  80:            38           1184  [Ljava.math.BigInteger; (java.base@21.0.2)
  81:            11           1144  java.util.jar.JarFile$JarFileEntry (java.base@21.0.2)
  82:            69           1104  java.util.HashMap$KeySet (java.base@21.0.2)
  83:            66           1056  jdk.internal.module.SystemModuleFinders$3 (java.base@21.0.2)
  84:             1           1040  [Ljava.lang.Integer; (java.base@21.0.2)
  85:             1           1040  [Ljava.lang.Long; (java.base@21.0.2)
  86:            26           1040  sun.util.locale.LocaleObjectCache$CacheEntry (java.base@21.0.2)
  87:            31            992  java.lang.invoke.VarHandle$AccessMode (java.base@21.0.2)
  88:            31            992  java.util.Locale (java.base@21.0.2)
  89:            31            992  sun.util.locale.BaseLocale (java.base@21.0.2)
  90:            12            960  [Ljava.util.WeakHashMap$Entry; (java.base@21.0.2)
  91:             8            960  java.lang.Thread (java.base@21.0.2)
  92:            20            960  java.lang.invoke.DirectMethodHandle$Accessor (java.base@21.0.2)
  93:            28            944  [Ljava.time.format.DateTimeFormatterBuilder$DateTimePrinterParser; (java.base@21.0.2)
  94:            23            920  java.lang.reflect.AccessFlag (java.base@21.0.2)
  95:            11            880  java.util.zip.ZipFile$Source (java.base@21.0.2)
  96:            27            864  java.lang.ref.ReferenceQueue (java.base@21.0.2)
  97:            33            792  java.util.ImmutableCollections$ListN (java.base@21.0.2)
  98:            24            768  java.time.format.DateTimeFormatterBuilder$NumberPrinterParser (java.base@21.0.2)
  99:            22            704  java.lang.reflect.ClassFileFormatVersion (java.base@21.0.2)
 100:            11            704  sun.nio.fs.WindowsFileAttributes (java.base@21.0.2)
 101:            28            672  java.time.format.DateTimeFormatterBuilder$CompositePrinterParser (java.base@21.0.2)
 102:            42            672  java.util.concurrent.locks.ReentrantLock (java.base@21.0.2)
 103:            27            648  java.util.concurrent.locks.AbstractQueuedSynchronizer$ConditionObject (java.base@21.0.2)
 104:            27            648  java.util.jar.Attributes$Name (java.base@21.0.2)
 105:            16            640  java.time.format.DateTimeFormatter (java.base@21.0.2)
 106:            20            640  java.util.regex.Pattern$Curly (java.base@21.0.2)
 107:            10            640  java.util.zip.Inflater (java.base@21.0.2)
 108:             3            624  [Ljava.lang.invoke.LambdaForm; (java.base@21.0.2)
 109:            11            616  java.io.FileCleanable (java.base@21.0.2)
 110:            11            616  java.util.jar.JarFile (java.base@21.0.2)
 111:            15            600  java.io.FileDescriptor (java.base@21.0.2)
 112:            12            576  java.util.WeakHashMap (java.base@21.0.2)
 113:             7            560  java.util.concurrent.TimeUnit (java.base@21.0.2)
 114:            10            560  sun.invoke.util.Wrapper (java.base@21.0.2)
 115:             1            528  [Ljava.lang.Character; (java.base@21.0.2)
 116:             2            528  [Ljava.time.LocalDateTime; (java.base@21.0.2)
 117:             6            528  java.util.regex.Pattern (java.base@21.0.2)
 118:            11            528  jdk.internal.loader.URLClassPath$JarLoader (java.base@21.0.2)
 119:            12            512  [Ljava.lang.invoke.MethodType; (java.base@21.0.2)
 120:             8            512  java.nio.DirectByteBuffer (java.base@21.0.2)
 121:            16            512  java.time.temporal.ChronoUnit (java.base@21.0.2)
 122:            21            504  java.lang.invoke.Invokers (java.base@21.0.2)
 123:            21            504  java.util.AbstractMap$SimpleImmutableEntry (java.base@21.0.2)
 124:            21            504  java.util.regex.Pattern$BmpCharProperty (java.base@21.0.2)
 125:            12            480  java.lang.OutOfMemoryError (java.base@21.0.2)
 126:            12            480  java.lang.Thread$FieldHolder (java.base@21.0.2)
 127:            12            480  java.security.AccessControlContext (java.base@21.0.2)
 128:            20            480  java.util.ArrayList (java.base@21.0.2)
 129:            19            456  java.time.Duration (java.base@21.0.2)
 130:             7            448  java.util.LinkedHashMap (java.base@21.0.2)
 131:            11            440  java.io.RandomAccessFile (java.base@21.0.2)
 132:             1            432  [[[C (java.base@21.0.2)
 133:            12            384  java.io.File (java.base@21.0.2)
 134:             8            384  java.lang.invoke.BoundMethodHandle$SpeciesData (java.base@21.0.2)
 135:            12            384  sun.util.locale.BaseLocale$Key (java.base@21.0.2)
 136:            12            368  [Ljava.io.ObjectStreamField; (java.base@21.0.2)
 137:            23            368  java.time.format.DateTimeFormatterBuilder$CharLiteralPrinterParser (java.base@21.0.2)
 138:             9            360  java.lang.invoke.BoundMethodHandle$Species_LL (java.base@21.0.2)
 139:            22            352  java.util.regex.Pattern$$Lambda/0x80000002a (java.base@21.0.2)
 140:            11            352  java.util.zip.ZipFile$CleanableResource (java.base@21.0.2)
 141:             3            344  [D (java.base@21.0.2)
 142:            14            336  [Ljava.lang.reflect.Constructor; (java.base@21.0.2)
 143:             5            336  [Lsun.invoke.util.Wrapper; (java.base@21.0.2)
 144:             5            336  [S (java.base@21.0.2)
 145:             7            336  java.lang.invoke.VarHandleReferences$FieldInstanceReadWrite (java.base@21.0.2)
 146:             6            336  java.nio.DirectLongBufferU (java.base@21.0.2)
 147:            14            336  java.util.Collections$SetFromMap (java.base@21.0.2)
 148:             2            328  [Ljava.time.ZoneOffset; (java.base@21.0.2)
 149:             8            320  [Ljava.lang.invoke.BoundMethodHandle$SpeciesData; (java.base@21.0.2)
 150:            10            320  java.lang.invoke.VarForm (java.base@21.0.2)
 151:             8            320  sun.util.resources.Bundles$BundleReference (java.base@21.0.2)
 152:            13            312  jdk.internal.reflect.DirectConstructorHandleAccessor (java.base@21.0.2)
 153:             1            288  [Ljava.lang.invoke.LambdaForm$Kind; (java.base@21.0.2)
 154:             6            288  java.lang.invoke.MethodHandleImpl$IntrinsicMethodHandle (java.base@21.0.2)
 155:            12            288  java.util.ArrayDeque (java.base@21.0.2)
 156:             6            288  java.util.stream.StreamOpFlag (java.base@21.0.2)
 157:             9            288  jdk.internal.org.objectweb.asm.Type (java.base@21.0.2)
 158:             5            280  java.nio.HeapByteBuffer (java.base@21.0.2)
 159:             7            280  java.security.ProtectionDomain (java.base@21.0.2)
 160:             7            280  jdk.internal.loader.NativeLibraries$NativeLibraryImpl (java.base@21.0.2)
 161:            11            264  java.lang.invoke.MethodHandleImpl$Intrinsic (java.base@21.0.2)
 162:            11            264  java.util.zip.ZipFile$Source$Key (java.base@21.0.2)
 163:             8            256  java.lang.invoke.SimpleMethodHandle (java.base@21.0.2)
 164:             8            256  java.math.RoundingMode (java.base@21.0.2)
 165:             8            256  sun.util.resources.Bundles$CacheKey (java.base@21.0.2)
 166:             5            240  [Ljava.lang.invoke.LambdaForm$NamedFunction; (java.base@21.0.2)
 167:             6            240  java.lang.invoke.LambdaForm$BasicType (java.base@21.0.2)
 168:            10            240  java.nio.charset.CoderResult (java.base@21.0.2)
 169:            10            240  java.nio.file.StandardOpenOption (java.base@21.0.2)
 170:             6            240  java.security.CodeSource (java.base@21.0.2)
 171:             6            240  java.util.EnumMap (java.base@21.0.2)
 172:            10            240  java.util.zip.Inflater$InflaterZStreamRef (java.base@21.0.2)
 173:             8            224  [Ljava.lang.reflect.Method; (java.base@21.0.2)
 174:             9            216  java.lang.reflect.AccessFlag$Location (java.base@21.0.2)
 175:             5            200  java.lang.invoke.VarHandle$AccessDescriptor (java.base@21.0.2)
 176:             5            200  java.util.WeakHashMap$Entry (java.base@21.0.2)
 177:             5            200  sun.util.locale.provider.LocaleProviderAdapter$Type (java.base@21.0.2)
 178:             5            200  sun.util.locale.provider.LocaleResources (java.base@21.0.2)
 179:             3            192  java.nio.DirectByteBufferR (java.base@21.0.2)
 180:             8            192  java.time.ZoneOffset (java.base@21.0.2)
 181:             6            192  java.time.format.TextStyle (java.base@21.0.2)
 182:             6            192  java.util.Hashtable$Entry (java.base@21.0.2)
 183:            12            192  java.util.WeakHashMap$KeySet (java.base@21.0.2)
 184:             6            192  java.util.concurrent.locks.AbstractQueuedSynchronizer$ConditionNode (java.base@21.0.2)
 185:            12            192  jdk.internal.misc.InternalLock (java.base@21.0.2)
 186:             1            168  [[Ljava.math.BigInteger; (java.base@21.0.2)
 187:             3            168  java.util.Properties (java.base@21.0.2)
 188:             7            168  jdk.net.ExtendedSocketOptions$ExtSocketOption (jdk.net@21.0.2)
 189:             2            160  [Ljava.lang.ThreadLocal$ThreadLocalMap$Entry; (java.base@21.0.2)
 190:             5            160  java.lang.invoke.VarHandle$AccessType (java.base@21.0.2)
 191:             5            160  java.net.InetAddress$InetAddressHolder (java.base@21.0.2)
 192:             5            160  java.util.RegularEnumSet (java.base@21.0.2)
 193:             2            152  [[Ljava.lang.String; (java.base@21.0.2)
 194:             1            144  [Ljava.lang.invoke.VarHandle$AccessMode; (java.base@21.0.2)
 195:             6            144  java.lang.Thread$State (java.base@21.0.2)
 196:             3            144  java.lang.ThreadGroup (java.base@21.0.2)
 197:             3            144  java.lang.invoke.BoundMethodHandle$Species_LLLL (java.base@21.0.2)
 198:             6            144  java.lang.invoke.LambdaFormEditor$TransformKey (java.base@21.0.2)
 199:             3            144  java.lang.invoke.MethodHandleImpl$AsVarargsCollector (java.base@21.0.2)
 200:             3            144  java.time.temporal.JulianFields$Field (java.base@21.0.2)
 201:             9            144  java.util.Collections$UnmodifiableSet (java.base@21.0.2)
 202:             3            144  java.util.Hashtable (java.base@21.0.2)
 203:             1            144  java.util.Scanner (java.base@21.0.2)
 204:             6            144  jdk.internal.perf.PerfCounter (java.base@21.0.2)
 205:             1            136  [Ljava.time.temporal.ChronoField; (java.base@21.0.2)
 206:             3            128  [Ljava.util.Hashtable$Entry; (java.base@21.0.2)
 207:             1            128  com.intellij.rt.execution.application.AppMainV2$1
 208:             4            128  java.lang.ThreadLocal$ThreadLocalMap$Entry (java.base@21.0.2)
 209:             4            128  java.lang.invoke.MethodHandles$Lookup (java.base@21.0.2)
 210:             4            128  java.lang.module.ModuleDescriptor$Modifier (java.base@21.0.2)
 211:             4            128  java.lang.module.ModuleDescriptor$Requires$Modifier (java.base@21.0.2)
 212:             4            128  java.time.format.DateTimeFormatterBuilder$TextPrinterParser (java.base@21.0.2)
 213:             4            128  java.util.ImmutableCollections$MapN (java.base@21.0.2)
 214:             4            128  java.util.stream.FindOps$FindOp (java.base@21.0.2)
 215:             4            128  jdk.internal.loader.NativeLibraries (java.base@21.0.2)
 216:             4            128  jdk.internal.reflect.DirectMethodHandleAccessor (java.base@21.0.2)
 217:             3            120  [Ljava.lang.invoke.LambdaForm$BasicType; (java.base@21.0.2)
 218:             5            120  java.lang.module.ModuleDescriptor$Opens (java.base@21.0.2)
 219:             1            120  java.lang.ref.Finalizer$FinalizerThread (java.base@21.0.2)
 220:             1            120  java.lang.ref.Reference$ReferenceHandler (java.base@21.0.2)
 221:             5            120  java.time.format.SignStyle (java.base@21.0.2)
 222:             5            120  java.util.stream.StreamOpFlag$Type (java.base@21.0.2)
 223:             1            120  jdk.internal.misc.InnocuousThread (java.base@21.0.2)
 224:             5            120  sun.nio.fs.WindowsPathType (java.base@21.0.2)
 225:             3            120  sun.util.locale.provider.LocaleResources$ResourceReference (java.base@21.0.2)
 226:             1            112  [Ljava.lang.reflect.AccessFlag; (java.base@21.0.2)
 227:             7            112  [Ljava.security.Principal; (java.base@21.0.2)
 228:             1            112  [Ljava.time.LocalTime; (java.base@21.0.2)
 229:             2            112  java.nio.DirectIntBufferRU (java.base@21.0.2)
 230:             7            112  java.security.ProtectionDomain$Key (java.base@21.0.2)
 231:             2            112  sun.nio.cs.StreamEncoder (java.base@21.0.2)
 232:             1            104  [Ljava.lang.reflect.ClassFileFormatVersion; (java.base@21.0.2)
 233:             1            104  jdk.internal.loader.ClassLoaders$AppClassLoader (java.base@21.0.2)
 234:             1            104  jdk.internal.loader.ClassLoaders$BootClassLoader (java.base@21.0.2)
 235:             1            104  jdk.internal.loader.ClassLoaders$PlatformClassLoader (java.base@21.0.2)
 236:             6             96  [Ljava.util.regex.IntHashSet; (java.base@21.0.2)
 237:             1             96  [Lsun.util.locale.BaseLocale; (java.base@21.0.2)
 238:             2             96  java.io.PrintStream (java.base@21.0.2)
 239:             3             96  java.lang.Runtime$Version (java.base@21.0.2)
 240:             2             96  java.lang.invoke.BoundMethodHandle$Species_LJ (java.base@21.0.2)
 241:             2             96  java.lang.invoke.BoundMethodHandle$Species_LLL (java.base@21.0.2)
 242:             6             96  java.lang.invoke.LambdaFormEditor (java.base@21.0.2)
 243:             3             96  java.lang.ref.WeakReference (java.base@21.0.2)
 244:             4             96  java.time.format.DateTimeFormatterBuilder$OffsetIdPrinterParser (java.base@21.0.2)
 245:             4             96  java.time.format.DateTimeFormatterBuilder$SettingsParser (java.base@21.0.2)
 246:             3             96  java.util.HexFormat (java.base@21.0.2)
 247:             4             96  java.util.LinkedHashMap$LinkedKeySet (java.base@21.0.2)
 248:             2             96  java.util.Locale$Category (java.base@21.0.2)
 249:             6             96  java.util.concurrent.atomic.AtomicInteger (java.base@21.0.2)
 250:             4             96  java.util.regex.Pattern$BmpCharPropertyGreedy (java.base@21.0.2)
 251:             4             96  java.util.regex.Pattern$CharPropertyGreedy (java.base@21.0.2)
 252:             4             96  java.util.regex.Pattern$Qtype (java.base@21.0.2)
 253:             4             96  java.util.regex.Pattern$Start (java.base@21.0.2)
 254:             4             96  java.util.stream.StreamShape (java.base@21.0.2)
 255:             1             96  jdk.internal.jimage.ImageReader$SharedImageReader (java.base@21.0.2)
 256:             3             96  jdk.internal.util.ClassFileDumper (java.base@21.0.2)
 257:             4             96  jdk.internal.util.OperatingSystem (java.base@21.0.2)
 258:             3             96  sun.net.spi.DefaultProxySelector$NonProxyInfo (java.base@21.0.2)
 259:             2             96  sun.nio.cs.StreamDecoder (java.base@21.0.2)
 260:             2             96  sun.nio.cs.UTF_8$Encoder (java.base@21.0.2)
 261:             2             80  [Ljava.lang.OutOfMemoryError; (java.base@21.0.2)
 262:             1             80  [Ljava.nio.ByteBuffer; (java.base@21.0.2)
 263:             1             80  [Ljava.time.temporal.ChronoUnit; (java.base@21.0.2)
 264:             2             80  [Ljava.util.stream.StreamOpFlag$Type; (java.base@21.0.2)
 265:             2             80  [[Ljava.lang.invoke.MethodHandle; (java.base@21.0.2)
 266:             2             80  java.io.BufferedOutputStream (java.base@21.0.2)
 267:             2             80  java.io.BufferedWriter (java.base@21.0.2)
 268:             2             80  java.lang.ModuleLayer (java.base@21.0.2)
 269:             2             80  java.lang.module.Configuration (java.base@21.0.2)
 270:             2             80  java.lang.ref.NativeReferenceQueue (java.base@21.0.2)
 271:             2             80  java.util.Collections$SingletonMap (java.base@21.0.2)
 272:             2             80  java.util.IdentityHashMap (java.base@21.0.2)
 273:             1             80  java.util.regex.Matcher (java.base@21.0.2)
 274:             2             80  java.util.regex.Matcher$ImmutableMatchResult (java.base@21.0.2)
 275:             5             80  java.util.regex.Pattern$BitClass (java.base@21.0.2)
 276:             1             80  sun.nio.ch.NioSocketImpl (java.base@21.0.2)
 277:             1             80  sun.util.cldr.CLDRLocaleProviderAdapter (java.base@21.0.2)
 278:             1             80  sun.util.locale.provider.JRELocaleProviderAdapter (java.base@21.0.2)
 279:             3             72  [Ljava.security.ProtectionDomain; (java.base@21.0.2)
 280:             3             72  java.lang.NamedPackage (java.base@21.0.2)
 281:             3             72  java.lang.RuntimePermission (java.base@21.0.2)
 282:             3             72  java.lang.WeakPairMap (java.base@21.0.2)
 283:             3             72  java.net.Inet4Address (java.base@21.0.2)
 284:             3             72  java.net.Proxy$Type (java.base@21.0.2)
 285:             3             72  java.net.StandardProtocolFamily (java.base@21.0.2)
 286:             3             72  java.security.Permissions (java.base@21.0.2)
 287:             3             72  java.time.format.ResolverStyle (java.base@21.0.2)
 288:             3             72  java.util.concurrent.atomic.AtomicLong (java.base@21.0.2)
 289:             3             72  java.util.regex.Pattern$GroupHead (java.base@21.0.2)
 290:             3             72  java.util.regex.Pattern$GroupTail (java.base@21.0.2)
 291:             3             72  java.util.stream.Collector$Characteristics (java.base@21.0.2)
 292:             3             72  java.util.zip.ZipCoder$Comparison (java.base@21.0.2)
 293:             3             72  sun.security.util.LazyCodeSourcePermissionCollection (java.base@21.0.2)
 294:             2             64  [Ljava.lang.invoke.LambdaFormEditor$Transform; (java.base@21.0.2)
 295:             1             64  [Ljava.lang.invoke.MethodHandleImpl$Intrinsic; (java.base@21.0.2)
 296:             2             64  [Ljava.nio.charset.CoderResult; (java.base@21.0.2)
 297:             2             64  [Ljava.util.stream.Collector$Characteristics; (java.base@21.0.2)
 298:             2             64  [Ljdk.internal.util.OperatingSystem; (java.base@21.0.2)
 299:             2             64  java.io.FileOutputStream (java.base@21.0.2)
 300:             2             64  java.lang.ClassValue$Entry (java.base@21.0.2)
 301:             2             64  java.lang.Package (java.base@21.0.2)
 302:             2             64  java.lang.invoke.MethodHandles$Lookup$ClassOption (java.base@21.0.2)
 303:             2             64  java.lang.ref.ReferenceQueue$Null (java.base@21.0.2)
 304:             2             64  java.net.Inet6Address$Inet6AddressHolder (java.base@21.0.2)
 305:             1             64  java.net.SocksSocketImpl (java.base@21.0.2)
 306:             2             64  java.time.temporal.IsoFields$Unit (java.base@21.0.2)
 307:             4             64  java.util.concurrent.ConcurrentHashMap$ValuesView (java.base@21.0.2)
 308:             2             64  java.util.regex.Pattern$Branch (java.base@21.0.2)
 309:             4             64  jdk.internal.module.ServicesCatalog (java.base@21.0.2)
 310:             4             64  jdk.internal.util.Preconditions$4 (java.base@21.0.2)
 311:             2             64  sun.nio.fs.NativeBuffer (java.base@21.0.2)
 312:             1             56  [Ljava.lang.reflect.AccessFlag$Location; (java.base@21.0.2)
 313:             1             56  [Ljava.nio.file.StandardOpenOption; (java.base@21.0.2)
 314:             1             56  [[I (java.base@21.0.2)
 315:             1             56  java.lang.invoke.BoundMethodHandle$Specializer (java.base@21.0.2)
 316:             1             56  java.lang.invoke.BoundMethodHandle$Species_LLLLL (java.base@21.0.2)
 317:             1             56  jdk.internal.org.objectweb.asm.Label (java.base@21.0.2)
 318:             1             48  [Ljava.math.RoundingMode; (java.base@21.0.2)
 319:             1             48  [Ljava.util.concurrent.TimeUnit; (java.base@21.0.2)
 320:             2             48  [Ljava.util.regex.Pattern$Node; (java.base@21.0.2)
 321:             1             48  java.io.BufferedInputStream (java.base@21.0.2)
 322:             1             48  java.io.BufferedReader (java.base@21.0.2)
 323:             2             48  java.io.File$PathStatus (java.base@21.0.2)
 324:             2             48  java.io.InputStreamReader (java.base@21.0.2)
 325:             2             48  java.io.OutputStreamWriter (java.base@21.0.2)
 326:             1             48  java.lang.NullPointerException (java.base@21.0.2)
 327:             2             48  java.lang.StringBuilder (java.base@21.0.2)
 328:             2             48  java.lang.ThreadLocal$ThreadLocalMap (java.base@21.0.2)
 329:             1             48  java.lang.invoke.BoundMethodHandle$Specializer$Factory (java.base@21.0.2)
 330:             1             48  java.lang.invoke.BoundMethodHandle$Species_LLJ (java.base@21.0.2)
 331:             2             48  java.net.Inet6Address (java.base@21.0.2)
 332:             3             48  java.nio.charset.CodingErrorAction (java.base@21.0.2)
 333:             2             48  java.security.BasicPermissionCollection (java.base@21.0.2)
 334:             3             48  java.security.SecureClassLoader$CodeSourceKey (java.base@21.0.2)
 335:             2             48  java.time.format.DateTimeFormatterBuilder$ZoneIdPrinterParser (java.base@21.0.2)
 336:             2             48  java.time.format.DateTimeTextProvider$LocaleStore (java.base@21.0.2)
 337:             3             48  java.util.HashMap$EntrySet (java.base@21.0.2)
 338:             2             48  java.util.LinkedHashMap$LinkedEntrySet (java.base@21.0.2)
 339:             3             48  java.util.Optional (java.base@21.0.2)
 340:             3             48  java.util.ResourceBundle$NoFallbackControl (java.base@21.0.2)
 341:             2             48  java.util.concurrent.ConcurrentHashMap$KeySetView (java.base@21.0.2)
 342:             1             48  java.util.concurrent.ConcurrentSkipListMap (java.base@21.0.2)
 343:             2             48  java.util.regex.Pattern$$Lambda/0x800000033 (java.base@21.0.2)
 344:             2             48  java.util.regex.Pattern$StartS (java.base@21.0.2)
 345:             1             48  jdk.internal.jimage.ImageHeader (java.base@21.0.2)
 346:             2             48  jdk.internal.misc.Signal (java.base@21.0.2)
 347:             2             48  jdk.internal.misc.Signal$NativeHandler (java.base@21.0.2)
 348:             2             48  jdk.internal.reflect.ReflectionFactory$Config (java.base@21.0.2)
 349:             2             48  sun.nio.fs.NativeBuffer$Deallocator (java.base@21.0.2)
 350:             1             48  sun.util.resources.TimeZoneNames (java.base@21.0.2)
 351:             1             48  sun.util.resources.TimeZoneNames_en (java.base@21.0.2)
 352:             1             48  sun.util.resources.cldr.TimeZoneNames (java.base@21.0.2)
 353:             1             48  sun.util.resources.cldr.TimeZoneNames_en (java.base@21.0.2)
 354:             1             40  [Ljava.lang.Thread$State; (java.base@21.0.2)
 355:             1             40  [Ljava.lang.invoke.VarHandle$AccessType; (java.base@21.0.2)
 356:             1             40  [Ljava.time.format.SignStyle; (java.base@21.0.2)
 357:             1             40  [Ljava.time.format.TextStyle; (java.base@21.0.2)
 358:             1             40  [Ljava.util.stream.StreamOpFlag; (java.base@21.0.2)
 359:             1             40  [Lsun.nio.fs.WindowsPathType; (java.base@21.0.2)
 360:             1             40  [Lsun.util.locale.provider.LocaleProviderAdapter$Type; (java.base@21.0.2)
 361:             1             40  [[Ljava.lang.invoke.LambdaForm$Name; (java.base@21.0.2)
 362:             1             40  java.lang.ArithmeticException (java.base@21.0.2)
 363:             1             40  java.lang.Package$VersionInfo (java.base@21.0.2)
 364:             1             40  java.lang.VirtualMachineError (java.base@21.0.2)
 365:             1             40  java.lang.invoke.DirectMethodHandle$Interface (java.base@21.0.2)
 366:             1             40  java.lang.invoke.VarHandleInts$FieldInstanceReadWrite (java.base@21.0.2)
 367:             1             40  java.net.Socket (java.base@21.0.2)
 368:             1             40  java.time.format.DateTimeFormatterBuilder$NanosPrinterParser (java.base@21.0.2)
 369:             1             40  java.time.zone.ZoneRules (java.base@21.0.2)
 370:             1             40  java.util.ResourceBundle$2 (java.base@21.0.2)
 371:             1             40  jdk.internal.loader.URLClassPath (java.base@21.0.2)
 372:             1             40  jdk.internal.ref.Cleaner (java.base@21.0.2)
 373:             1             40  jdk.internal.ref.CleanerImpl$CleanerCleanable (java.base@21.0.2)
 374:             1             40  sun.nio.cs.StandardCharsets$Aliases (java.base@21.0.2)
 375:             1             40  sun.nio.cs.StandardCharsets$Cache (java.base@21.0.2)
 376:             1             40  sun.nio.cs.StandardCharsets$Classes (java.base@21.0.2)
 377:             1             40  sun.nio.cs.US_ASCII$Decoder (java.base@21.0.2)
 378:             1             40  sun.nio.cs.UTF_8$Decoder (java.base@21.0.2)
 379:             1             40  sun.nio.fs.WindowsPath (java.base@21.0.2)
 380:             1             40  sun.text.resources.cldr.FormatData (java.base@21.0.2)
 381:             1             40  sun.text.resources.cldr.ext.FormatData_ru (jdk.localedata@21.0.2)
 382:             1             40  sun.util.locale.InternalLocaleBuilder (java.base@21.0.2)
 383:             1             40  sun.util.resources.Bundles$1 (java.base@21.0.2)
 384:             2             32  [Ljava.lang.StackTraceElement; (java.base@21.0.2)
 385:             1             32  [Ljava.lang.ThreadGroup; (java.base@21.0.2)
 386:             2             32  [Ljava.lang.annotation.Annotation; (java.base@21.0.2)
 387:             1             32  [Ljava.lang.module.ModuleDescriptor$Modifier; (java.base@21.0.2)
 388:             1             32  [Ljava.lang.module.ModuleDescriptor$Requires$Modifier; (java.base@21.0.2)
 389:             1             32  [Ljava.net.Proxy$Type; (java.base@21.0.2)
 390:             1             32  [Ljava.net.StandardProtocolFamily; (java.base@21.0.2)
 391:             1             32  [Ljava.time.format.DateTimeFormatterBuilder$SettingsParser; (java.base@21.0.2)
 392:             1             32  [Ljava.time.format.ResolverStyle; (java.base@21.0.2)
 393:             1             32  [Ljava.time.temporal.IsoFields$Field; (java.base@21.0.2)
 394:             1             32  [Ljava.time.temporal.JulianFields$Field; (java.base@21.0.2)
 395:             1             32  [Ljava.util.regex.Pattern$Qtype; (java.base@21.0.2)
 396:             1             32  [Ljava.util.stream.StreamShape; (java.base@21.0.2)
 397:             1             32  [Ljava.util.zip.ZipCoder$Comparison; (java.base@21.0.2)
 398:             1             32  [Ljdk.internal.module.ServicesCatalog; (java.base@21.0.2)
 399:             1             32  [Lsun.nio.fs.NativeBuffer; (java.base@21.0.2)
 400:             1             32  java.io.FileInputStream (java.base@21.0.2)
 401:             2             32  java.lang.Boolean (java.base@21.0.2)
 402:             1             32  java.lang.Module$ArchivedData (java.base@21.0.2)
 403:             1             32  java.lang.invoke.VarHandleByteArrayAsChars$ArrayHandle (java.base@21.0.2)
 404:             1             32  java.lang.invoke.VarHandleByteArrayAsDoubles$ArrayHandle (java.base@21.0.2)
 405:             1             32  java.lang.invoke.VarHandleByteArrayAsFloats$ArrayHandle (java.base@21.0.2)
 406:             1             32  java.lang.invoke.VarHandleByteArrayAsInts$ArrayHandle (java.base@21.0.2)
 407:             1             32  java.lang.invoke.VarHandleByteArrayAsLongs$ArrayHandle (java.base@21.0.2)
 408:             1             32  java.lang.invoke.VarHandleByteArrayAsShorts$ArrayHandle (java.base@21.0.2)
 409:             1             32  java.lang.module.ModuleDescriptor$Version (java.base@21.0.2)
 410:             2             32  java.lang.ref.NativeReferenceQueue$Lock (java.base@21.0.2)
 411:             2             32  java.nio.ByteOrder (java.base@21.0.2)
 412:             1             32  java.nio.DirectByteBuffer$Deallocator (java.base@21.0.2)
 413:             2             32  java.time.format.DateTimeFormatterBuilder$1 (java.base@21.0.2)
 414:             2             32  java.time.format.DateTimeFormatterBuilder$StringLiteralPrinterParser (java.base@21.0.2)
 415:             2             32  java.util.Collections$SingletonSet (java.base@21.0.2)
 416:             1             32  java.util.Collections$UnmodifiableMap (java.base@21.0.2)
 417:             2             32  java.util.HashMap$Values (java.base@21.0.2)
 418:             2             32  java.util.IdentityHashMap$KeySet (java.base@21.0.2)
 419:             2             32  java.util.ResourceBundle$SingleFormatControl (java.base@21.0.2)
 420:             2             32  java.util.concurrent.ConcurrentHashMap$EntrySetView (java.base@21.0.2)
 421:             1             32  java.util.concurrent.locks.AbstractQueuedSynchronizer$ExclusiveNode (java.base@21.0.2)
 422:             2             32  java.util.regex.Pattern$BranchConn (java.base@21.0.2)
 423:             1             32  java.util.zip.ZipCoder$UTF8ZipCoder (java.base@21.0.2)
 424:             1             32  jdk.internal.loader.ArchivedClassLoaders (java.base@21.0.2)
 425:             2             32  jdk.internal.loader.ClassLoaderValue (java.base@21.0.2)
 426:             1             32  jdk.internal.loader.URLClassPath$FileLoader (java.base@21.0.2)
 427:             1             32  jdk.internal.org.objectweb.asm.ConstantDynamic (java.base@21.0.2)
 428:             1             32  jdk.internal.org.objectweb.asm.Handle (java.base@21.0.2)
 429:             1             32  jdk.net.ExtendedSocketOptions$1 (jdk.net@21.0.2)
 430:             1             32  sun.instrument.InstrumentationImpl (java.instrument@21.0.2)
 431:             2             32  sun.util.resources.LocaleData (java.base@21.0.2)
 432:             1             24  [Ljava.io.File$PathStatus; (java.base@21.0.2)
 433:             1             24  [Ljava.lang.ClassValue$Entry; (java.base@21.0.2)
 434:             1             24  [Ljava.lang.invoke.MethodHandles$Lookup$ClassOption; (java.base@21.0.2)
 435:             1             24  [Ljava.net.URL; (java.base@21.0.2)
 436:             1             24  [Ljava.time.temporal.IsoFields$Unit; (java.base@21.0.2)
 437:             1             24  [Ljava.util.Comparators$NaturalOrderComparator; (java.base@21.0.2)
 438:             1             24  [Ljava.util.Locale$Category; (java.base@21.0.2)
 439:             1             24  [Ljava.util.jar.Manifest; (java.base@21.0.2)
 440:             1             24  java.io.WinNTFileSystem (java.base@21.0.2)
 441:             1             24  java.lang.ClassValue$Version (java.base@21.0.2)
 442:             1             24  java.lang.Double (java.base@21.0.2)
 443:             1             24  java.lang.invoke.ConstantCallSite (java.base@21.0.2)
 444:             1             24  java.lang.invoke.MethodType$ConcurrentWeakInternSet (java.base@21.0.2)
 445:             1             24  java.lang.invoke.VarHandles$1 (java.base@21.0.2)
 446:             1             24  java.net.Inet6AddressImpl (java.base@21.0.2)
 447:             1             24  java.net.Proxy (java.base@21.0.2)
 448:             1             24  java.net.Socket$SocketInputStream (java.base@21.0.2)
 449:             1             24  java.time.ZoneRegion (java.base@21.0.2)
 450:             1             24  java.time.format.DecimalStyle (java.base@21.0.2)
 451:             1             24  java.time.temporal.IsoFields$Field$1 (java.base@21.0.2)
 452:             1             24  java.time.temporal.IsoFields$Field$2 (java.base@21.0.2)
 453:             1             24  java.time.temporal.IsoFields$Field$3 (java.base@21.0.2)
 454:             1             24  java.time.temporal.IsoFields$Field$4 (java.base@21.0.2)
 455:             1             24  java.time.zone.TzdbZoneRulesProvider (java.base@21.0.2)
 456:             1             24  java.util.Arrays$ArrayList (java.base@21.0.2)
 457:             1             24  java.util.Collections$EmptyMap (java.base@21.0.2)
 458:             1             24  java.util.Collections$UnmodifiableRandomAccessList (java.base@21.0.2)
 459:             1             24  java.util.Comparators$NaturalOrderComparator (java.base@21.0.2)
 460:             1             24  java.util.Locale$Cache (java.base@21.0.2)
 461:             1             24  java.util.OptionalInt (java.base@21.0.2)
 462:             1             24  java.util.ResourceBundle$Control$CandidateListCache (java.base@21.0.2)
 463:             1             24  java.util.Scanner$PatternLRUCache (java.base@21.0.2)
 464:             1             24  java.util.jar.Manifest (java.base@21.0.2)
 465:             1             24  java.util.regex.Pattern$$Lambda/0x000001409904cc60 (java.base@21.0.2)
 466:             1             24  java.util.regex.Pattern$$Lambda/0x80000002b (java.base@21.0.2)
 467:             1             24  java.util.regex.Pattern$CharProperty (java.base@21.0.2)
 468:             1             24  java.util.regex.Pattern$Dollar (java.base@21.0.2)
 469:             1             24  java.util.regex.Pattern$Slice (java.base@21.0.2)
 470:             1             24  jdk.internal.jimage.ImageReader (java.base@21.0.2)
 471:             1             24  jdk.internal.module.ModuleBootstrap$SafeModuleFinder (java.base@21.0.2)
 472:             1             24  jdk.internal.module.ModuleHashes (java.base@21.0.2)
 473:             1             24  jdk.internal.ref.CleanerImpl (java.base@21.0.2)
 474:             1             24  ru.job4j.tracker.MemTracker
 475:             1             24  sun.instrument.TransformerManager (java.instrument@21.0.2)
 476:             1             24  sun.nio.ch.Util$BufferCache (java.base@21.0.2)
 477:             1             24  sun.nio.cs.ISO_8859_1 (java.base@21.0.2)
 478:             1             24  sun.nio.cs.MS1251 (java.base@21.0.2)
 479:             1             24  sun.nio.cs.StandardCharsets (java.base@21.0.2)
 480:             1             24  sun.nio.cs.US_ASCII (java.base@21.0.2)
 481:             1             24  sun.nio.cs.UTF_16 (java.base@21.0.2)
 482:             1             24  sun.nio.cs.UTF_16BE (java.base@21.0.2)
 483:             1             24  sun.nio.cs.UTF_16LE (java.base@21.0.2)
 484:             1             24  sun.nio.cs.UTF_8 (java.base@21.0.2)
 485:             1             24  sun.nio.fs.WindowsFileSystem (java.base@21.0.2)
 486:             1             24  sun.util.cldr.CLDRTimeZoneNameProviderImpl (java.base@21.0.2)
 487:             1             24  sun.util.locale.BaseLocale$Cache (java.base@21.0.2)
 488:             1             24  sun.util.locale.provider.DecimalFormatSymbolsProviderImpl (java.base@21.0.2)
 489:             1             24  sun.util.locale.provider.LocaleServiceProviderPool (java.base@21.0.2)
 490:             1             24  sun.util.locale.provider.NumberFormatProviderImpl (java.base@21.0.2)
 491:             1             24  sun.util.locale.provider.TimeZoneNameProviderImpl (java.base@21.0.2)
 492:             1             16  [F (java.base@21.0.2)
 493:             1             16  [Ljava.lang.Throwable; (java.base@21.0.2)
 494:             1             16  [Ljava.security.cert.Certificate; (java.base@21.0.2)
 495:             1             16  [Ljava.text.FieldPosition; (java.base@21.0.2)
 496:             1             16  [Ljava.time.zone.ZoneOffsetTransitionRule; (java.base@21.0.2)
 497:             1             16  [Lsun.instrument.TransformerManager$TransformerInfo; (java.instrument@21.0.2)
 498:             1             16  java.io.FileDescriptor$1 (java.base@21.0.2)
 499:             1             16  java.io.PrintStream$1 (java.base@21.0.2)
 500:             1             16  java.io.RandomAccessFile$2 (java.base@21.0.2)
 501:             1             16  java.lang.CharacterData00 (java.base@21.0.2)
 502:             1             16  java.lang.CharacterDataLatin1 (java.base@21.0.2)
 503:             1             16  java.lang.ClassValue$Identity (java.base@21.0.2)
 504:             1             16  java.lang.Float (java.base@21.0.2)
 505:             1             16  java.lang.Runtime (java.base@21.0.2)
 506:             1             16  java.lang.String$CaseInsensitiveComparator (java.base@21.0.2)
 507:             1             16  java.lang.System$2 (java.base@21.0.2)
 508:             1             16  java.lang.Terminator$1 (java.base@21.0.2)
 509:             1             16  java.lang.invoke.ClassSpecializer$1 (java.base@21.0.2)
 510:             1             16  java.lang.invoke.MemberName$Factory (java.base@21.0.2)
 511:             1             16  java.lang.invoke.MethodHandleImpl$1 (java.base@21.0.2)
 512:             1             16  java.lang.module.ModuleDescriptor$1 (java.base@21.0.2)
 513:             1             16  java.lang.ref.Cleaner (java.base@21.0.2)
 514:             1             16  java.lang.ref.Cleaner$1 (java.base@21.0.2)
 515:             1             16  java.lang.ref.Reference$1 (java.base@21.0.2)
 516:             1             16  java.lang.reflect.AccessFlag$1 (java.base@21.0.2)
 517:             1             16  java.lang.reflect.AccessFlag$10 (java.base@21.0.2)
 518:             1             16  java.lang.reflect.AccessFlag$11 (java.base@21.0.2)
 519:             1             16  java.lang.reflect.AccessFlag$12 (java.base@21.0.2)
 520:             1             16  java.lang.reflect.AccessFlag$13 (java.base@21.0.2)
 521:             1             16  java.lang.reflect.AccessFlag$14 (java.base@21.0.2)
 522:             1             16  java.lang.reflect.AccessFlag$15 (java.base@21.0.2)
 523:             1             16  java.lang.reflect.AccessFlag$16 (java.base@21.0.2)
 524:             1             16  java.lang.reflect.AccessFlag$17 (java.base@21.0.2)
 525:             1             16  java.lang.reflect.AccessFlag$18 (java.base@21.0.2)
 526:             1             16  java.lang.reflect.AccessFlag$2 (java.base@21.0.2)
 527:             1             16  java.lang.reflect.AccessFlag$3 (java.base@21.0.2)
 528:             1             16  java.lang.reflect.AccessFlag$4 (java.base@21.0.2)
 529:             1             16  java.lang.reflect.AccessFlag$5 (java.base@21.0.2)
 530:             1             16  java.lang.reflect.AccessFlag$6 (java.base@21.0.2)
 531:             1             16  java.lang.reflect.AccessFlag$7 (java.base@21.0.2)
 532:             1             16  java.lang.reflect.AccessFlag$8 (java.base@21.0.2)
 533:             1             16  java.lang.reflect.AccessFlag$9 (java.base@21.0.2)
 534:             1             16  java.lang.reflect.ReflectAccess (java.base@21.0.2)
 535:             1             16  java.net.InetAddress$1 (java.base@21.0.2)
 536:             1             16  java.net.InetAddress$PlatformResolver (java.base@21.0.2)
 537:             1             16  java.net.URI$1 (java.base@21.0.2)
 538:             1             16  java.net.URL$3 (java.base@21.0.2)
 539:             1             16  java.net.URL$DefaultFactory (java.base@21.0.2)
 540:             1             16  java.net.spi.InetAddressResolver$LookupPolicy (java.base@21.0.2)
 541:             1             16  java.nio.Bits$1 (java.base@21.0.2)
 542:             1             16  java.nio.Buffer$1 (java.base@21.0.2)
 543:             1             16  java.nio.Buffer$2 (java.base@21.0.2)
 544:             1             16  java.security.ProtectionDomain$JavaSecurityAccessImpl (java.base@21.0.2)
 545:             1             16  java.text.DecimalFormatSymbols$$Lambda/0x80000000d (java.base@21.0.2)
 546:             1             16  java.time.ZoneOffset$$Lambda/0x80000000e (java.base@21.0.2)
 547:             1             16  java.time.chrono.IsoChronology (java.base@21.0.2)
 548:             1             16  java.time.format.DateTimeFormatter$$Lambda/0x80000000f (java.base@21.0.2)
 549:             1             16  java.time.format.DateTimeFormatter$$Lambda/0x800000010 (java.base@21.0.2)
 550:             1             16  java.time.format.DateTimeFormatterBuilder$$Lambda/0x800000011 (java.base@21.0.2)
 551:             1             16  java.time.format.DateTimeFormatterBuilder$InstantPrinterParser (java.base@21.0.2)
 552:             1             16  java.time.format.DateTimeTextProvider (java.base@21.0.2)
 553:             1             16  java.time.format.DateTimeTextProvider$1 (java.base@21.0.2)
 554:             1             16  java.util.Collections$EmptyEnumeration (java.base@21.0.2)
 555:             1             16  java.util.Collections$EmptyIterator (java.base@21.0.2)
 556:             1             16  java.util.Collections$EmptyList (java.base@21.0.2)
 557:             1             16  java.util.Collections$EmptySet (java.base@21.0.2)
 558:             1             16  java.util.EnumMap$1 (java.base@21.0.2)
 559:             1             16  java.util.Locale$Builder (java.base@21.0.2)
 560:             1             16  java.util.Map$Entry$$Lambda/0x00000140990594f8 (java.base@21.0.2)
 561:             1             16  java.util.ResourceBundle$1 (java.base@21.0.2)
 562:             1             16  java.util.ResourceBundle$Control (java.base@21.0.2)
 563:             1             16  java.util.Spliterators$EmptySpliterator$OfDouble (java.base@21.0.2)
 564:             1             16  java.util.Spliterators$EmptySpliterator$OfInt (java.base@21.0.2)
 565:             1             16  java.util.Spliterators$EmptySpliterator$OfLong (java.base@21.0.2)
 566:             1             16  java.util.Spliterators$EmptySpliterator$OfRef (java.base@21.0.2)
 567:             1             16  java.util.concurrent.ConcurrentSkipListSet (java.base@21.0.2)
 568:             1             16  java.util.jar.Attributes (java.base@21.0.2)
 569:             1             16  java.util.jar.JavaUtilJarAccessImpl (java.base@21.0.2)
 570:             1             16  java.util.regex.CharPredicates$$Lambda/0x000001409904a080 (java.base@21.0.2)
 571:             1             16  java.util.regex.CharPredicates$$Lambda/0x000001409904ab68 (java.base@21.0.2)
 572:             1             16  java.util.regex.Pattern$$Lambda/0x000001409904a4c8 (java.base@21.0.2)
 573:             1             16  java.util.regex.Pattern$$Lambda/0x0000014099051098 (java.base@21.0.2)
 574:             1             16  java.util.regex.Pattern$$Lambda/0x800000032 (java.base@21.0.2)
 575:             1             16  java.util.regex.Pattern$LastNode (java.base@21.0.2)
 576:             1             16  java.util.regex.Pattern$Node (java.base@21.0.2)
 577:             1             16  java.util.stream.Collectors$$Lambda/0x80000003a (java.base@21.0.2)
 578:             1             16  java.util.stream.Collectors$$Lambda/0x800000041 (java.base@21.0.2)
 579:             1             16  java.util.stream.Collectors$$Lambda/0x800000043 (java.base@21.0.2)
 580:             1             16  java.util.stream.Collectors$$Lambda/0x800000046 (java.base@21.0.2)
 581:             1             16  java.util.stream.FindOps$FindSink$OfInt$$Lambda/0x800000049 (java.base@21.0.2)
 582:             1             16  java.util.stream.FindOps$FindSink$OfInt$$Lambda/0x80000004a (java.base@21.0.2)
 583:             1             16  java.util.stream.FindOps$FindSink$OfInt$$Lambda/0x80000004b (java.base@21.0.2)
 584:             1             16  java.util.stream.FindOps$FindSink$OfInt$$Lambda/0x80000004c (java.base@21.0.2)
 585:             1             16  java.util.stream.FindOps$FindSink$OfRef$$Lambda/0x80000004d (java.base@21.0.2)
 586:             1             16  java.util.stream.FindOps$FindSink$OfRef$$Lambda/0x80000004e (java.base@21.0.2)
 587:             1             16  java.util.stream.FindOps$FindSink$OfRef$$Lambda/0x80000004f (java.base@21.0.2)
 588:             1             16  java.util.stream.FindOps$FindSink$OfRef$$Lambda/0x800000050 (java.base@21.0.2)
 589:             1             16  java.util.stream.Nodes$EmptyNode$OfDouble (java.base@21.0.2)
 590:             1             16  java.util.stream.Nodes$EmptyNode$OfInt (java.base@21.0.2)
 591:             1             16  java.util.stream.Nodes$EmptyNode$OfLong (java.base@21.0.2)
 592:             1             16  java.util.stream.Nodes$EmptyNode$OfRef (java.base@21.0.2)
 593:             1             16  java.util.zip.ZipFile$1 (java.base@21.0.2)
 594:             1             16  jdk.internal.jimage.ImageReaderFactory$1 (java.base@21.0.2)
 595:             1             16  jdk.internal.jimage.ImageStringsReader (java.base@21.0.2)
 596:             1             16  jdk.internal.jimage.decompressor.Decompressor (java.base@21.0.2)
 597:             1             16  jdk.internal.misc.ScopedMemoryAccess (java.base@21.0.2)
 598:             1             16  jdk.internal.misc.TerminatingThreadLocal$1 (java.base@21.0.2)
 599:             1             16  jdk.internal.misc.Unsafe (java.base@21.0.2)
 600:             1             16  jdk.internal.module.DefaultRoots$$Lambda/0x800000053 (java.base@21.0.2)
 601:             1             16  jdk.internal.module.DefaultRoots$$Lambda/0x800000054 (java.base@21.0.2)
 602:             1             16  jdk.internal.module.DefaultRoots$$Lambda/0x800000055 (java.base@21.0.2)
 603:             1             16  jdk.internal.module.DefaultRoots$$Lambda/0x800000056 (java.base@21.0.2)
 604:             1             16  jdk.internal.module.ModulePatcher (java.base@21.0.2)
 605:             1             16  jdk.internal.module.ModuleResolution (java.base@21.0.2)
 606:             1             16  jdk.internal.module.ModuleTarget (java.base@21.0.2)
 607:             1             16  jdk.internal.perf.Perf (java.base@21.0.2)
 608:             1             16  jdk.internal.reflect.ReflectionFactory (java.base@21.0.2)
 609:             1             16  jdk.internal.util.Preconditions$1 (java.base@21.0.2)
 610:             1             16  jdk.internal.util.Preconditions$2 (java.base@21.0.2)
 611:             1             16  jdk.internal.util.Preconditions$3 (java.base@21.0.2)
 612:             1             16  jdk.net.WindowsSocketOptions (jdk.net@21.0.2)
 613:             1             16  ru.job4j.tracker.ConsoleInput
 614:             1             16  ru.job4j.tracker.ConsoleOutput
 615:             1             16  ru.job4j.tracker.CreateAction
 616:             1             16  ru.job4j.tracker.CreateManyItems
 617:             1             16  ru.job4j.tracker.DeleteAction
 618:             1             16  ru.job4j.tracker.DeleteAllItems
 619:             1             16  ru.job4j.tracker.ExitAction
 620:             1             16  ru.job4j.tracker.FindAllAction
 621:             1             16  ru.job4j.tracker.FindByIdAction
 622:             1             16  ru.job4j.tracker.FindByNameAction
 623:             1             16  ru.job4j.tracker.ReplaceAction
 624:             1             16  ru.job4j.tracker.StartUI
 625:             1             16  sun.instrument.InstrumentationImpl$$Lambda/0x0000014099041d80 (java.instrument@21.0.2)
 626:             1             16  sun.net.spi.DefaultProxySelector (java.base@21.0.2)
 627:             1             16  sun.net.www.protocol.file.Handler (java.base@21.0.2)
 628:             1             16  sun.net.www.protocol.jar.Handler (java.base@21.0.2)
 629:             1             16  sun.net.www.protocol.jrt.Handler (java.base@21.0.2)
 630:             1             16  sun.nio.ch.Net$1 (java.base@21.0.2)
 631:             1             16  sun.nio.ch.NioSocketImpl$$Lambda/0x000001409904a720 (java.base@21.0.2)
 632:             1             16  sun.nio.ch.NioSocketImpl$1 (java.base@21.0.2)
 633:             1             16  sun.nio.ch.SocketDispatcher (java.base@21.0.2)
 634:             1             16  sun.nio.ch.Util$1 (java.base@21.0.2)
 636:             1             16  sun.nio.fs.WindowsFileSystemProvider (java.base@21.0.2)
 637:             1             16  sun.util.calendar.Gregorian (java.base@21.0.2)
 638:             1             16  sun.util.cldr.CLDRBaseLocaleDataMetaInfo (java.base@21.0.2)
 639:             1             16  sun.util.cldr.CLDRLocaleProviderAdapter$$Lambda/0x800000064 (java.base@21.0.2)
 640:             1             16  sun.util.cldr.CLDRLocaleProviderAdapter$$Lambda/0x800000066 (java.base@21.0.2)
 641:             1             16  sun.util.cldr.CLDRTimeZoneNameProviderImpl$AVAILABLE_IDS$$Lambda/0x0000014099055898 (java.base@21.0.2)
 642:             1             16  sun.util.locale.InternalLocaleBuilder$CaseInsensitiveChar (java.base@21.0.2)
 643:             1             16  sun.util.locale.provider.TimeZoneNameUtility$TimeZoneNameGetter (java.base@21.0.2)
 644:             1             16  sun.util.resources.LocaleData$LocaleDataStrategy (java.base@21.0.2)
 645:             1             16  sun.util.resources.cldr.provider.CLDRLocaleDataMetaInfo (jdk.localedata@21.0.2)
Total        165636        6404336
PS C:\Users\selov\projects\job4j_tracker> jmap -histo 1268
 num     #instances         #bytes  class name (module)
-------------------------------------------------------
   1:         51791        2944288  [B (java.base@21.0.2)
   2:         50970        1223280  java.lang.String (java.base@21.0.2)
   3:         40126         963024  java.time.LocalDateTime (java.base@21.0.2)
   4:         40069         961656  java.time.LocalDate (java.base@21.0.2)
   5:         40026         960624  java.time.LocalTime (java.base@21.0.2)
   6:         40000         960000  ru.job4j.tracker.Item
   7:         16685         934360  sun.util.calendar.ZoneInfo (java.base@21.0.2)
   8:           119         498672  Ljdk.internal.vm.FillerArray; (java.base@21.0.2)
   9:          1654         481608  [Ljava.lang.Object; (java.base@21.0.2)
  10:          1507         184504  java.lang.Class (java.base@21.0.2)
  11:          4199         134368  java.util.HashMap$Node (java.base@21.0.2)
  12:          2813          90016  java.util.concurrent.ConcurrentHashMap$Node (java.base@21.0.2)
  13:           224          79024  [C (java.base@21.0.2)
  14:           158          74696  [I (java.base@21.0.2)
  15:           356          60800  [Ljava.util.HashMap$Node; (java.base@21.0.2)
  16:          1128          45120  java.util.LinkedHashMap$Entry (java.base@21.0.2)
  17:           516          29248  [Ljava.lang.String; (java.base@21.0.2)
  18:            67          28528  [Ljava.util.concurrent.ConcurrentHashMap$Node; (java.base@21.0.2)
  19:           238          18088  [Ljava.lang.ref.SoftReference; (java.base@21.0.2)
  20:           362          17376  java.lang.invoke.MemberName (java.base@21.0.2)
  21:           357          17136  java.util.HashMap (java.base@21.0.2)
  22:           344          13760  java.lang.invoke.MethodType (java.base@21.0.2)
  23:           349          11168  java.lang.invoke.LambdaForm$Name (java.base@21.0.2)
  24:           347          11104  java.lang.invoke.MethodType$ConcurrentWeakInternSet$WeakEntry (java.base@21.0.2)
  25:           374           8976  java.lang.module.ModuleDescriptor$Exports (java.base@21.0.2)
  26:           289           8656  [Ljava.lang.Class; (java.base@21.0.2)
  27:            49           8032  [Ljava.lang.invoke.MethodHandle; (java.base@21.0.2)
  28:           303           7272  java.lang.invoke.ResolvedMethodName (java.base@21.0.2)
  29:           256           6144  java.lang.Long (java.base@21.0.2)
  30:            89           5696  java.util.concurrent.ConcurrentHashMap (java.base@21.0.2)
  31:           140           5600  java.lang.ref.SoftReference (java.base@21.0.2)
  32:            70           5600  java.net.URI (java.base@21.0.2)
  33:           230           5520  java.util.ImmutableCollections$Set12 (java.base@21.0.2)
  34:           172           5504  java.lang.module.ModuleDescriptor$Requires (java.base@21.0.2)
  35:           113           5424  java.lang.invoke.LambdaForm (java.base@21.0.2)
  36:           118           5016  [Ljava.lang.invoke.LambdaForm$Name; (java.base@21.0.2)
  37:           195           4680  jdk.internal.module.ServicesCatalog$ServiceProvider (java.base@21.0.2)
  38:           145           4640  java.lang.invoke.MethodTypeForm (java.base@21.0.2)
  39:            70           4480  java.lang.module.ModuleDescriptor (java.base@21.0.2)
  40:           272           4352  java.util.HashSet (java.base@21.0.2)
  41:           267           4272  java.lang.Integer (java.base@21.0.2)
  42:            70           3920  jdk.internal.module.ModuleReferenceImpl (java.base@21.0.2)
  43:            69           3864  java.lang.Module (java.base@21.0.2)
  44:           152           3648  java.util.ImmutableCollections$SetN (java.base@21.0.2)
  45:            90           3600  java.math.BigInteger (java.base@21.0.2)
  46:           215           3440  java.lang.Object (java.base@21.0.2)
  47:            83           3320  java.lang.invoke.DirectMethodHandle (java.base@21.0.2)
  48:           129           3096  java.lang.invoke.LambdaForm$NamedFunction (java.base@21.0.2)
  49:            12           2688  [J (java.base@21.0.2)
  50:           103           2472  [[C (java.base@21.0.2)
  51:            68           2176  java.lang.invoke.LambdaForm$Kind (java.base@21.0.2)
  52:           128           2048  java.lang.Character (java.base@21.0.2)
  53:            62           1984  jdk.internal.loader.BuiltinClassLoader$LoadedModule (java.base@21.0.2)
  54:            77           1848  java.util.ImmutableCollections$List12 (java.base@21.0.2)
  55:            74           1776  java.util.concurrent.CopyOnWriteArrayList (java.base@21.0.2)
  56:            20           1760  java.lang.reflect.Method (java.base@21.0.2)
  57:            70           1680  jdk.internal.module.SystemModuleFinders$2 (java.base@21.0.2)
  58:            25           1600  java.net.URL (java.base@21.0.2)
  59:            33           1584  java.time.temporal.ValueRange (java.base@21.0.2)
  60:            65           1560  java.lang.module.ModuleDescriptor$Provides (java.base@21.0.2)
  61:            38           1520  java.io.ObjectStreamField (java.base@21.0.2)
  62:            38           1520  java.lang.invoke.BoundMethodHandle$Species_L (java.base@21.0.2)
  63:            63           1512  java.lang.module.ResolvedModule (java.base@21.0.2)
  64:            63           1512  jdk.internal.module.SystemModuleFinders$SystemModuleReader (java.base@21.0.2)
  65:            61           1464  jdk.internal.module.ModuleReferenceImpl$CachedHash (java.base@21.0.2)
  66:            10           1440  [Ljava.lang.invoke.MemberName; (java.base@21.0.2)
  67:            30           1440  java.time.temporal.ChronoField (java.base@21.0.2)
  68:             1           1424  [[B (java.base@21.0.2)
  69:            22           1408  java.lang.Class$ReflectionData (java.base@21.0.2)
  70:            29           1392  java.lang.invoke.DirectMethodHandle$Constructor (java.base@21.0.2)
  71:             6           1376  [Z (java.base@21.0.2)
  72:            42           1344  java.util.concurrent.locks.ReentrantLock$NonfairSync (java.base@21.0.2)
  73:            27           1296  java.lang.invoke.LambdaFormEditor$Transform (java.base@21.0.2)
  74:            26           1248  jdk.internal.ref.CleanerImpl$PhantomCleanableRef (java.base@21.0.2)
  75:            17           1224  java.lang.reflect.Constructor (java.base@21.0.2)
  76:            38           1184  [Ljava.math.BigInteger; (java.base@21.0.2)
  77:            11           1144  java.util.jar.JarFile$JarFileEntry (java.base@21.0.2)
  78:            69           1104  java.util.HashMap$KeySet (java.base@21.0.2)
  79:            66           1056  jdk.internal.module.SystemModuleFinders$3 (java.base@21.0.2)
  80:             1           1040  [Ljava.lang.Integer; (java.base@21.0.2)
  81:             1           1040  [Ljava.lang.Long; (java.base@21.0.2)
  82:            26           1040  sun.util.locale.LocaleObjectCache$CacheEntry (java.base@21.0.2)
  83:            31            992  java.lang.invoke.VarHandle$AccessMode (java.base@21.0.2)
  84:            31            992  java.util.Locale (java.base@21.0.2)
  85:            31            992  sun.util.locale.BaseLocale (java.base@21.0.2)
  86:            12            960  [Ljava.util.WeakHashMap$Entry; (java.base@21.0.2)
  87:             8            960  java.lang.Thread (java.base@21.0.2)
  88:            20            960  java.lang.invoke.DirectMethodHandle$Accessor (java.base@21.0.2)
  89:            28            944  [Ljava.time.format.DateTimeFormatterBuilder$DateTimePrinterParser; (java.base@21.0.2)
  90:            23            920  java.lang.reflect.AccessFlag (java.base@21.0.2)
  91:            16            896  java.nio.HeapCharBuffer (java.base@21.0.2)
  92:            11            880  java.util.zip.ZipFile$Source (java.base@21.0.2)
  93:            27            864  java.lang.ref.ReferenceQueue (java.base@21.0.2)
  94:            33            792  java.util.ImmutableCollections$ListN (java.base@21.0.2)
  95:            24            768  java.time.format.DateTimeFormatterBuilder$NumberPrinterParser (java.base@21.0.2)
  96:            22            704  java.lang.reflect.ClassFileFormatVersion (java.base@21.0.2)
  97:            11            704  sun.nio.fs.WindowsFileAttributes (java.base@21.0.2)
  98:            28            672  java.time.format.DateTimeFormatterBuilder$CompositePrinterParser (java.base@21.0.2)
  99:            42            672  java.util.concurrent.locks.ReentrantLock (java.base@21.0.2)
 100:            27            648  java.util.concurrent.locks.AbstractQueuedSynchronizer$ConditionObject (java.base@21.0.2)
 101:            27            648  java.util.jar.Attributes$Name (java.base@21.0.2)
 102:            16            640  java.time.format.DateTimeFormatter (java.base@21.0.2)
 103:            20            640  java.util.regex.Pattern$Curly (java.base@21.0.2)
 104:            10            640  java.util.zip.Inflater (java.base@21.0.2)
 105:             3            624  [Ljava.lang.invoke.LambdaForm; (java.base@21.0.2)
 106:            11            616  java.io.FileCleanable (java.base@21.0.2)
 107:            11            616  java.util.jar.JarFile (java.base@21.0.2)
 108:            15            600  java.io.FileDescriptor (java.base@21.0.2)
 109:            12            576  java.util.WeakHashMap (java.base@21.0.2)
 110:             7            560  java.util.concurrent.TimeUnit (java.base@21.0.2)
 111:            10            560  sun.invoke.util.Wrapper (java.base@21.0.2)
 112:             1            528  [Ljava.lang.Character; (java.base@21.0.2)
 113:             2            528  [Ljava.time.LocalDateTime; (java.base@21.0.2)
 114:             6            528  java.util.regex.Pattern (java.base@21.0.2)
 115:            11            528  jdk.internal.loader.URLClassPath$JarLoader (java.base@21.0.2)
 116:            12            512  [Ljava.lang.invoke.MethodType; (java.base@21.0.2)
 117:             8            512  java.nio.DirectByteBuffer (java.base@21.0.2)
 118:            16            512  java.time.temporal.ChronoUnit (java.base@21.0.2)
 119:            21            504  java.lang.invoke.Invokers (java.base@21.0.2)
 120:            21            504  java.util.AbstractMap$SimpleImmutableEntry (java.base@21.0.2)
 121:            21            504  java.util.regex.Pattern$BmpCharProperty (java.base@21.0.2)
 122:            12            480  java.lang.OutOfMemoryError (java.base@21.0.2)
 123:            12            480  java.lang.Thread$FieldHolder (java.base@21.0.2)
 124:            12            480  java.security.AccessControlContext (java.base@21.0.2)
 125:            20            480  java.util.ArrayList (java.base@21.0.2)
 126:            19            456  java.time.Duration (java.base@21.0.2)
 127:             7            448  java.util.LinkedHashMap (java.base@21.0.2)
 128:            11            440  java.io.RandomAccessFile (java.base@21.0.2)
 129:             1            432  [[[C (java.base@21.0.2)
 130:            12            384  java.io.File (java.base@21.0.2)
 131:             8            384  java.lang.invoke.BoundMethodHandle$SpeciesData (java.base@21.0.2)
 132:            12            384  sun.util.locale.BaseLocale$Key (java.base@21.0.2)
 133:            12            368  [Ljava.io.ObjectStreamField; (java.base@21.0.2)
 134:            23            368  java.time.format.DateTimeFormatterBuilder$CharLiteralPrinterParser (java.base@21.0.2)
 135:            22            352  java.util.regex.Pattern$$Lambda/0x80000002a (java.base@21.0.2)
 136:            11            352  java.util.zip.ZipFile$CleanableResource (java.base@21.0.2)
 137:             3            344  [D (java.base@21.0.2)
 138:            14            336  [Ljava.lang.reflect.Constructor; (java.base@21.0.2)
 139:             5            336  [Lsun.invoke.util.Wrapper; (java.base@21.0.2)
 140:             5            336  [S (java.base@21.0.2)
 141:             7            336  java.lang.invoke.VarHandleReferences$FieldInstanceReadWrite (java.base@21.0.2)
 142:             6            336  java.nio.DirectLongBufferU (java.base@21.0.2)
 143:            14            336  java.util.Collections$SetFromMap (java.base@21.0.2)
 144:             2            328  [Ljava.time.ZoneOffset; (java.base@21.0.2)
 145:             8            320  [Ljava.lang.invoke.BoundMethodHandle$SpeciesData; (java.base@21.0.2)
 146:             8            320  java.lang.invoke.BoundMethodHandle$Species_LL (java.base@21.0.2)
 147:            10            320  java.lang.invoke.VarForm (java.base@21.0.2)
 148:             8            320  sun.util.resources.Bundles$BundleReference (java.base@21.0.2)
 149:            13            312  jdk.internal.reflect.DirectConstructorHandleAccessor (java.base@21.0.2)
 150:             1            288  [Ljava.lang.invoke.LambdaForm$Kind; (java.base@21.0.2)
 151:             6            288  java.lang.invoke.MethodHandleImpl$IntrinsicMethodHandle (java.base@21.0.2)
 152:            12            288  java.util.ArrayDeque (java.base@21.0.2)
 153:             6            288  java.util.stream.StreamOpFlag (java.base@21.0.2)
 154:             9            288  jdk.internal.org.objectweb.asm.Type (java.base@21.0.2)
 155:             5            280  java.nio.HeapByteBuffer (java.base@21.0.2)
 156:             7            280  java.security.ProtectionDomain (java.base@21.0.2)
 157:             7            280  jdk.internal.loader.NativeLibraries$NativeLibraryImpl (java.base@21.0.2)
 158:            11            264  java.lang.invoke.MethodHandleImpl$Intrinsic (java.base@21.0.2)
 159:            11            264  java.util.zip.ZipFile$Source$Key (java.base@21.0.2)
 160:             8            256  java.lang.invoke.SimpleMethodHandle (java.base@21.0.2)
 161:             8            256  java.math.RoundingMode (java.base@21.0.2)
 162:             8            256  sun.util.resources.Bundles$CacheKey (java.base@21.0.2)
 163:             5            240  [Ljava.lang.invoke.LambdaForm$NamedFunction; (java.base@21.0.2)
 164:             6            240  java.lang.invoke.LambdaForm$BasicType (java.base@21.0.2)
 165:            10            240  java.nio.charset.CoderResult (java.base@21.0.2)
 166:            10            240  java.nio.file.StandardOpenOption (java.base@21.0.2)
 167:             6            240  java.security.CodeSource (java.base@21.0.2)
 168:             6            240  java.util.EnumMap (java.base@21.0.2)
 169:            10            240  java.util.zip.Inflater$InflaterZStreamRef (java.base@21.0.2)
 170:             8            224  [Ljava.lang.reflect.Method; (java.base@21.0.2)
 171:             9            216  java.lang.reflect.AccessFlag$Location (java.base@21.0.2)
 172:             5            200  java.lang.invoke.VarHandle$AccessDescriptor (java.base@21.0.2)
 173:             5            200  java.util.WeakHashMap$Entry (java.base@21.0.2)
 174:             5            200  sun.util.locale.provider.LocaleProviderAdapter$Type (java.base@21.0.2)
 175:             5            200  sun.util.locale.provider.LocaleResources (java.base@21.0.2)
 176:             3            192  java.nio.DirectByteBufferR (java.base@21.0.2)
 177:             8            192  java.time.ZoneOffset (java.base@21.0.2)
 178:             6            192  java.time.format.TextStyle (java.base@21.0.2)
 179:             6            192  java.util.Hashtable$Entry (java.base@21.0.2)
 180:            12            192  java.util.WeakHashMap$KeySet (java.base@21.0.2)
 181:            12            192  jdk.internal.misc.InternalLock (java.base@21.0.2)
 182:             1            168  [[Ljava.math.BigInteger; (java.base@21.0.2)
 183:             3            168  java.util.Properties (java.base@21.0.2)
 184:             7            168  jdk.net.ExtendedSocketOptions$ExtSocketOption (jdk.net@21.0.2)
 185:             2            160  [Ljava.lang.ThreadLocal$ThreadLocalMap$Entry; (java.base@21.0.2)
 186:             5            160  java.lang.invoke.VarHandle$AccessType (java.base@21.0.2)
 187:             5            160  java.net.InetAddress$InetAddressHolder (java.base@21.0.2)
 188:             5            160  java.util.RegularEnumSet (java.base@21.0.2)
 189:             2            152  [[Ljava.lang.String; (java.base@21.0.2)
 190:             1            144  [Ljava.lang.invoke.VarHandle$AccessMode; (java.base@21.0.2)
 191:             6            144  java.lang.Thread$State (java.base@21.0.2)
 192:             3            144  java.lang.ThreadGroup (java.base@21.0.2)
 193:             3            144  java.lang.invoke.MethodHandleImpl$AsVarargsCollector (java.base@21.0.2)
 194:             3            144  java.time.temporal.JulianFields$Field (java.base@21.0.2)
 195:             9            144  java.util.Collections$UnmodifiableSet (java.base@21.0.2)
 196:             3            144  java.util.Hashtable (java.base@21.0.2)
 197:             1            144  java.util.Scanner (java.base@21.0.2)
 198:             6            144  jdk.internal.perf.PerfCounter (java.base@21.0.2)
 199:             1            136  [Ljava.time.temporal.ChronoField; (java.base@21.0.2)
 200:             3            128  [Ljava.util.Hashtable$Entry; (java.base@21.0.2)
 201:             1            128  com.intellij.rt.execution.application.AppMainV2$1
 202:             4            128  java.lang.ThreadLocal$ThreadLocalMap$Entry (java.base@21.0.2)
 203:             4            128  java.lang.module.ModuleDescriptor$Modifier (java.base@21.0.2)
 204:             4            128  java.lang.module.ModuleDescriptor$Requires$Modifier (java.base@21.0.2)
 205:             4            128  java.time.format.DateTimeFormatterBuilder$TextPrinterParser (java.base@21.0.2)
 206:             4            128  java.util.ImmutableCollections$MapN (java.base@21.0.2)
 207:             4            128  java.util.stream.FindOps$FindOp (java.base@21.0.2)
 208:             4            128  jdk.internal.loader.NativeLibraries (java.base@21.0.2)
 209:             4            128  jdk.internal.reflect.DirectMethodHandleAccessor (java.base@21.0.2)
 210:             3            120  [Ljava.lang.invoke.LambdaForm$BasicType; (java.base@21.0.2)
 211:             5            120  java.lang.module.ModuleDescriptor$Opens (java.base@21.0.2)
 212:             1            120  java.lang.ref.Finalizer$FinalizerThread (java.base@21.0.2)
 213:             1            120  java.lang.ref.Reference$ReferenceHandler (java.base@21.0.2)
 214:             5            120  java.time.format.SignStyle (java.base@21.0.2)
 215:             5            120  java.util.stream.StreamOpFlag$Type (java.base@21.0.2)
 216:             1            120  jdk.internal.misc.InnocuousThread (java.base@21.0.2)
 217:             5            120  sun.nio.fs.WindowsPathType (java.base@21.0.2)
 218:             3            120  sun.util.locale.provider.LocaleResources$ResourceReference (java.base@21.0.2)
 219:             1            112  [Ljava.lang.reflect.AccessFlag; (java.base@21.0.2)
 220:             7            112  [Ljava.security.Principal; (java.base@21.0.2)
 221:             1            112  [Ljava.time.LocalTime; (java.base@21.0.2)
 222:             2            112  java.nio.DirectIntBufferRU (java.base@21.0.2)
 223:             7            112  java.security.ProtectionDomain$Key (java.base@21.0.2)
 224:             2            112  sun.nio.cs.StreamEncoder (java.base@21.0.2)
 225:             1            104  [Ljava.lang.reflect.ClassFileFormatVersion; (java.base@21.0.2)
 226:             1            104  jdk.internal.loader.ClassLoaders$AppClassLoader (java.base@21.0.2)
 227:             1            104  jdk.internal.loader.ClassLoaders$BootClassLoader (java.base@21.0.2)
 228:             1            104  jdk.internal.loader.ClassLoaders$PlatformClassLoader (java.base@21.0.2)
 229:             1             96  [Lsun.util.locale.BaseLocale; (java.base@21.0.2)
 230:             2             96  java.io.PrintStream (java.base@21.0.2)
 231:             3             96  java.lang.Runtime$Version (java.base@21.0.2)
 232:             2             96  java.lang.invoke.BoundMethodHandle$Species_LJ (java.base@21.0.2)
 233:             2             96  java.lang.invoke.BoundMethodHandle$Species_LLLL (java.base@21.0.2)
 234:             3             96  java.lang.invoke.MethodHandles$Lookup (java.base@21.0.2)
 235:             3             96  java.lang.ref.WeakReference (java.base@21.0.2)
 236:             4             96  java.time.format.DateTimeFormatterBuilder$OffsetIdPrinterParser (java.base@21.0.2)
 237:             4             96  java.time.format.DateTimeFormatterBuilder$SettingsParser (java.base@21.0.2)
 238:             3             96  java.util.HexFormat (java.base@21.0.2)
 239:             4             96  java.util.LinkedHashMap$LinkedKeySet (java.base@21.0.2)
 240:             2             96  java.util.Locale$Category (java.base@21.0.2)
 241:             6             96  java.util.concurrent.atomic.AtomicInteger (java.base@21.0.2)
 242:             3             96  java.util.concurrent.locks.AbstractQueuedSynchronizer$ConditionNode (java.base@21.0.2)
 243:             4             96  java.util.regex.Pattern$BmpCharPropertyGreedy (java.base@21.0.2)
 244:             4             96  java.util.regex.Pattern$CharPropertyGreedy (java.base@21.0.2)
 245:             4             96  java.util.regex.Pattern$Qtype (java.base@21.0.2)
 246:             4             96  java.util.regex.Pattern$Start (java.base@21.0.2)
 247:             4             96  java.util.stream.StreamShape (java.base@21.0.2)
 248:             1             96  jdk.internal.jimage.ImageReader$SharedImageReader (java.base@21.0.2)
 249:             3             96  jdk.internal.util.ClassFileDumper (java.base@21.0.2)
 250:             4             96  jdk.internal.util.OperatingSystem (java.base@21.0.2)
 251:             3             96  sun.net.spi.DefaultProxySelector$NonProxyInfo (java.base@21.0.2)
 252:             2             96  sun.nio.cs.StreamDecoder (java.base@21.0.2)
 253:             2             96  sun.nio.cs.UTF_8$Encoder (java.base@21.0.2)
 254:             2             80  [Ljava.lang.OutOfMemoryError; (java.base@21.0.2)
 255:             1             80  [Ljava.nio.ByteBuffer; (java.base@21.0.2)
 256:             1             80  [Ljava.time.temporal.ChronoUnit; (java.base@21.0.2)
 257:             2             80  [Ljava.util.stream.StreamOpFlag$Type; (java.base@21.0.2)
 258:             2             80  [[Ljava.lang.invoke.MethodHandle; (java.base@21.0.2)
 259:             2             80  java.io.BufferedOutputStream (java.base@21.0.2)
 260:             2             80  java.io.BufferedWriter (java.base@21.0.2)
 261:             2             80  java.lang.ModuleLayer (java.base@21.0.2)
 262:             2             80  java.lang.module.Configuration (java.base@21.0.2)
 263:             2             80  java.lang.ref.NativeReferenceQueue (java.base@21.0.2)
 264:             2             80  java.util.Collections$SingletonMap (java.base@21.0.2)
 265:             2             80  java.util.IdentityHashMap (java.base@21.0.2)
 266:             1             80  java.util.regex.Matcher (java.base@21.0.2)
 267:             5             80  java.util.regex.Pattern$BitClass (java.base@21.0.2)
 268:             1             80  sun.nio.ch.NioSocketImpl (java.base@21.0.2)
 269:             1             80  sun.util.cldr.CLDRLocaleProviderAdapter (java.base@21.0.2)
 270:             1             80  sun.util.locale.provider.JRELocaleProviderAdapter (java.base@21.0.2)
 271:             3             72  [Ljava.security.ProtectionDomain; (java.base@21.0.2)
 272:             3             72  java.lang.NamedPackage (java.base@21.0.2)
 273:             3             72  java.lang.RuntimePermission (java.base@21.0.2)
 274:             3             72  java.lang.WeakPairMap (java.base@21.0.2)
 275:             3             72  java.net.Inet4Address (java.base@21.0.2)
 276:             3             72  java.net.Proxy$Type (java.base@21.0.2)
 277:             3             72  java.net.StandardProtocolFamily (java.base@21.0.2)
 278:             3             72  java.security.Permissions (java.base@21.0.2)
 279:             3             72  java.time.Instant (java.base@21.0.2)
 280:             3             72  java.time.format.ResolverStyle (java.base@21.0.2)
 281:             3             72  java.util.concurrent.atomic.AtomicLong (java.base@21.0.2)
 282:             3             72  java.util.regex.Pattern$GroupHead (java.base@21.0.2)
 283:             3             72  java.util.regex.Pattern$GroupTail (java.base@21.0.2)
 284:             3             72  java.util.stream.Collector$Characteristics (java.base@21.0.2)
 285:             3             72  java.util.zip.ZipCoder$Comparison (java.base@21.0.2)
 286:             3             72  sun.security.util.LazyCodeSourcePermissionCollection (java.base@21.0.2)
 287:             2             64  [Ljava.lang.invoke.LambdaFormEditor$Transform; (java.base@21.0.2)
 288:             1             64  [Ljava.lang.invoke.MethodHandleImpl$Intrinsic; (java.base@21.0.2)
 289:             2             64  [Ljava.nio.charset.CoderResult; (java.base@21.0.2)
 290:             2             64  [Ljava.util.stream.Collector$Characteristics; (java.base@21.0.2)
 291:             2             64  [Ljdk.internal.util.OperatingSystem; (java.base@21.0.2)
 292:             2             64  java.io.FileOutputStream (java.base@21.0.2)
 293:             2             64  java.lang.ClassValue$Entry (java.base@21.0.2)
 294:             2             64  java.lang.Package (java.base@21.0.2)
 295:             2             64  java.lang.invoke.MethodHandles$Lookup$ClassOption (java.base@21.0.2)
 296:             2             64  java.lang.ref.ReferenceQueue$Null (java.base@21.0.2)
 297:             2             64  java.net.Inet6Address$Inet6AddressHolder (java.base@21.0.2)
 298:             1             64  java.net.SocksSocketImpl (java.base@21.0.2)
 299:             2             64  java.time.temporal.IsoFields$Unit (java.base@21.0.2)
 300:             4             64  java.util.concurrent.ConcurrentHashMap$ValuesView (java.base@21.0.2)
 301:             2             64  java.util.regex.Pattern$Branch (java.base@21.0.2)
 302:             4             64  jdk.internal.module.ServicesCatalog (java.base@21.0.2)
 303:             4             64  jdk.internal.util.Preconditions$4 (java.base@21.0.2)
 304:             2             64  sun.nio.fs.NativeBuffer (java.base@21.0.2)
 305:             1             56  [Ljava.lang.reflect.AccessFlag$Location; (java.base@21.0.2)
 306:             1             56  [Ljava.nio.file.StandardOpenOption; (java.base@21.0.2)
 307:             1             56  [[I (java.base@21.0.2)
 308:             1             56  java.lang.invoke.BoundMethodHandle$Specializer (java.base@21.0.2)
 309:             1             56  java.lang.invoke.BoundMethodHandle$Species_LLLLL (java.base@21.0.2)
 310:             1             56  jdk.internal.org.objectweb.asm.Label (java.base@21.0.2)
 311:             1             48  [Ljava.math.RoundingMode; (java.base@21.0.2)
 312:             1             48  [Ljava.util.concurrent.TimeUnit; (java.base@21.0.2)
 313:             3             48  [Ljava.util.regex.IntHashSet; (java.base@21.0.2)
 314:             2             48  [Ljava.util.regex.Pattern$Node; (java.base@21.0.2)
 315:             1             48  java.io.BufferedInputStream (java.base@21.0.2)
 316:             1             48  java.io.BufferedReader (java.base@21.0.2)
 317:             2             48  java.io.File$PathStatus (java.base@21.0.2)
 318:             2             48  java.io.InputStreamReader (java.base@21.0.2)
 319:             2             48  java.io.OutputStreamWriter (java.base@21.0.2)
 320:             1             48  java.lang.NullPointerException (java.base@21.0.2)
 321:             2             48  java.lang.ThreadLocal$ThreadLocalMap (java.base@21.0.2)
 322:             1             48  java.lang.invoke.BoundMethodHandle$Specializer$Factory (java.base@21.0.2)
 323:             1             48  java.lang.invoke.BoundMethodHandle$Species_LLJ (java.base@21.0.2)
 324:             1             48  java.lang.invoke.BoundMethodHandle$Species_LLL (java.base@21.0.2)
 325:             2             48  java.net.Inet6Address (java.base@21.0.2)
 326:             3             48  java.nio.charset.CodingErrorAction (java.base@21.0.2)
 327:             2             48  java.security.BasicPermissionCollection (java.base@21.0.2)
 328:             3             48  java.security.SecureClassLoader$CodeSourceKey (java.base@21.0.2)
 329:             2             48  java.time.format.DateTimeFormatterBuilder$ZoneIdPrinterParser (java.base@21.0.2)
 330:             2             48  java.time.format.DateTimeTextProvider$LocaleStore (java.base@21.0.2)
 331:             3             48  java.util.HashMap$EntrySet (java.base@21.0.2)
 332:             2             48  java.util.LinkedHashMap$LinkedEntrySet (java.base@21.0.2)
 333:             3             48  java.util.Optional (java.base@21.0.2)
 334:             3             48  java.util.ResourceBundle$NoFallbackControl (java.base@21.0.2)
 335:             2             48  java.util.concurrent.ConcurrentHashMap$KeySetView (java.base@21.0.2)
 336:             1             48  java.util.concurrent.ConcurrentSkipListMap (java.base@21.0.2)
 337:             2             48  java.util.regex.Pattern$$Lambda/0x800000033 (java.base@21.0.2)
 338:             2             48  java.util.regex.Pattern$StartS (java.base@21.0.2)
 339:             1             48  jdk.internal.jimage.ImageHeader (java.base@21.0.2)
 340:             2             48  jdk.internal.misc.Signal (java.base@21.0.2)
 341:             2             48  jdk.internal.misc.Signal$NativeHandler (java.base@21.0.2)
 342:             2             48  jdk.internal.reflect.ReflectionFactory$Config (java.base@21.0.2)
 343:             2             48  sun.nio.fs.NativeBuffer$Deallocator (java.base@21.0.2)
 344:             1             48  sun.util.resources.TimeZoneNames (java.base@21.0.2)
 345:             1             48  sun.util.resources.TimeZoneNames_en (java.base@21.0.2)
 346:             1             48  sun.util.resources.cldr.TimeZoneNames (java.base@21.0.2)
 347:             1             48  sun.util.resources.cldr.TimeZoneNames_en (java.base@21.0.2)
 348:             1             40  [Ljava.lang.Thread$State; (java.base@21.0.2)
 349:             1             40  [Ljava.lang.invoke.VarHandle$AccessType; (java.base@21.0.2)
 350:             1             40  [Ljava.time.format.SignStyle; (java.base@21.0.2)
 351:             1             40  [Ljava.time.format.TextStyle; (java.base@21.0.2)
 352:             1             40  [Ljava.util.stream.StreamOpFlag; (java.base@21.0.2)
 353:             1             40  [Lsun.nio.fs.WindowsPathType; (java.base@21.0.2)
 354:             1             40  [Lsun.util.locale.provider.LocaleProviderAdapter$Type; (java.base@21.0.2)
 355:             1             40  [[Ljava.lang.invoke.LambdaForm$Name; (java.base@21.0.2)
 356:             1             40  java.lang.ArithmeticException (java.base@21.0.2)
 357:             1             40  java.lang.Package$VersionInfo (java.base@21.0.2)
 358:             1             40  java.lang.VirtualMachineError (java.base@21.0.2)
 359:             1             40  java.lang.invoke.DirectMethodHandle$Interface (java.base@21.0.2)
 360:             1             40  java.lang.invoke.VarHandleInts$FieldInstanceReadWrite (java.base@21.0.2)
 361:             1             40  java.net.Socket (java.base@21.0.2)
 362:             1             40  java.time.format.DateTimeFormatterBuilder$NanosPrinterParser (java.base@21.0.2)
 363:             1             40  java.time.zone.ZoneRules (java.base@21.0.2)
 364:             1             40  java.util.ResourceBundle$2 (java.base@21.0.2)
 365:             1             40  jdk.internal.loader.URLClassPath (java.base@21.0.2)
 366:             1             40  jdk.internal.ref.Cleaner (java.base@21.0.2)
 367:             1             40  jdk.internal.ref.CleanerImpl$CleanerCleanable (java.base@21.0.2)
 368:             1             40  sun.nio.cs.StandardCharsets$Aliases (java.base@21.0.2)
 369:             1             40  sun.nio.cs.StandardCharsets$Cache (java.base@21.0.2)
 370:             1             40  sun.nio.cs.StandardCharsets$Classes (java.base@21.0.2)
 371:             1             40  sun.nio.cs.US_ASCII$Decoder (java.base@21.0.2)
 372:             1             40  sun.nio.cs.UTF_8$Decoder (java.base@21.0.2)
 373:             1             40  sun.nio.fs.WindowsPath (java.base@21.0.2)
 374:             1             40  sun.text.resources.cldr.FormatData (java.base@21.0.2)
 375:             1             40  sun.text.resources.cldr.ext.FormatData_ru (jdk.localedata@21.0.2)
 376:             1             40  sun.util.locale.InternalLocaleBuilder (java.base@21.0.2)
 377:             1             40  sun.util.resources.Bundles$1 (java.base@21.0.2)
 378:             2             32  [Ljava.lang.StackTraceElement; (java.base@21.0.2)
 379:             1             32  [Ljava.lang.ThreadGroup; (java.base@21.0.2)
 380:             2             32  [Ljava.lang.annotation.Annotation; (java.base@21.0.2)
 381:             1             32  [Ljava.lang.module.ModuleDescriptor$Modifier; (java.base@21.0.2)
 382:             1             32  [Ljava.lang.module.ModuleDescriptor$Requires$Modifier; (java.base@21.0.2)
 383:             1             32  [Ljava.net.Proxy$Type; (java.base@21.0.2)
 384:             1             32  [Ljava.net.StandardProtocolFamily; (java.base@21.0.2)
 385:             1             32  [Ljava.time.format.DateTimeFormatterBuilder$SettingsParser; (java.base@21.0.2)
 386:             1             32  [Ljava.time.format.ResolverStyle; (java.base@21.0.2)
 387:             1             32  [Ljava.time.temporal.IsoFields$Field; (java.base@21.0.2)
 388:             1             32  [Ljava.time.temporal.JulianFields$Field; (java.base@21.0.2)
 389:             1             32  [Ljava.util.regex.Pattern$Qtype; (java.base@21.0.2)
 390:             1             32  [Ljava.util.stream.StreamShape; (java.base@21.0.2)
 391:             1             32  [Ljava.util.zip.ZipCoder$Comparison; (java.base@21.0.2)
 392:             1             32  [Ljdk.internal.module.ServicesCatalog; (java.base@21.0.2)
 393:             1             32  [Lsun.nio.fs.NativeBuffer; (java.base@21.0.2)
 394:             1             32  java.io.FileInputStream (java.base@21.0.2)
 395:             2             32  java.lang.Boolean (java.base@21.0.2)
 396:             1             32  java.lang.Module$ArchivedData (java.base@21.0.2)
 397:             1             32  java.lang.invoke.MethodHandleNatives$CallSiteContext (java.base@21.0.2)
 398:             1             32  java.lang.invoke.VarHandleByteArrayAsChars$ArrayHandle (java.base@21.0.2)
 399:             1             32  java.lang.invoke.VarHandleByteArrayAsDoubles$ArrayHandle (java.base@21.0.2)
 400:             1             32  java.lang.invoke.VarHandleByteArrayAsFloats$ArrayHandle (java.base@21.0.2)
 401:             1             32  java.lang.invoke.VarHandleByteArrayAsInts$ArrayHandle (java.base@21.0.2)
 402:             1             32  java.lang.invoke.VarHandleByteArrayAsLongs$ArrayHandle (java.base@21.0.2)
 403:             1             32  java.lang.invoke.VarHandleByteArrayAsShorts$ArrayHandle (java.base@21.0.2)
 404:             1             32  java.lang.module.ModuleDescriptor$Version (java.base@21.0.2)
 405:             2             32  java.lang.ref.NativeReferenceQueue$Lock (java.base@21.0.2)
 406:             2             32  java.nio.ByteOrder (java.base@21.0.2)
 407:             1             32  java.nio.DirectByteBuffer$Deallocator (java.base@21.0.2)
 408:             2             32  java.time.Clock$SystemClock (java.base@21.0.2)
 409:             2             32  java.time.format.DateTimeFormatterBuilder$1 (java.base@21.0.2)
 410:             2             32  java.time.format.DateTimeFormatterBuilder$StringLiteralPrinterParser (java.base@21.0.2)
 411:             2             32  java.util.Collections$SingletonSet (java.base@21.0.2)
 412:             1             32  java.util.Collections$UnmodifiableMap (java.base@21.0.2)
 413:             2             32  java.util.HashMap$Values (java.base@21.0.2)
 414:             2             32  java.util.IdentityHashMap$KeySet (java.base@21.0.2)
 415:             2             32  java.util.ResourceBundle$SingleFormatControl (java.base@21.0.2)
 416:             2             32  java.util.concurrent.ConcurrentHashMap$EntrySetView (java.base@21.0.2)
 417:             2             32  java.util.regex.Pattern$BranchConn (java.base@21.0.2)
 418:             1             32  java.util.zip.ZipCoder$UTF8ZipCoder (java.base@21.0.2)
 419:             1             32  jdk.internal.loader.ArchivedClassLoaders (java.base@21.0.2)
 420:             2             32  jdk.internal.loader.ClassLoaderValue (java.base@21.0.2)
 421:             1             32  jdk.internal.loader.URLClassPath$FileLoader (java.base@21.0.2)
 422:             1             32  jdk.internal.org.objectweb.asm.ConstantDynamic (java.base@21.0.2)
 423:             1             32  jdk.internal.org.objectweb.asm.Handle (java.base@21.0.2)
 424:             1             32  jdk.net.ExtendedSocketOptions$1 (jdk.net@21.0.2)
 425:             1             32  sun.instrument.InstrumentationImpl (java.instrument@21.0.2)
 426:             2             32  sun.util.resources.LocaleData (java.base@21.0.2)
 427:             1             24  [Ljava.io.File$PathStatus; (java.base@21.0.2)
 428:             1             24  [Ljava.lang.ClassValue$Entry; (java.base@21.0.2)
 429:             1             24  [Ljava.lang.invoke.MethodHandles$Lookup$ClassOption; (java.base@21.0.2)
 430:             1             24  [Ljava.net.URL; (java.base@21.0.2)
 431:             1             24  [Ljava.time.temporal.IsoFields$Unit; (java.base@21.0.2)
 432:             1             24  [Ljava.util.Comparators$NaturalOrderComparator; (java.base@21.0.2)
 433:             1             24  [Ljava.util.Locale$Category; (java.base@21.0.2)
 434:             1             24  [Ljava.util.jar.Manifest; (java.base@21.0.2)
 435:             1             24  java.io.WinNTFileSystem (java.base@21.0.2)
 436:             1             24  java.lang.ClassValue$Version (java.base@21.0.2)
 437:             1             24  java.lang.Double (java.base@21.0.2)
 438:             1             24  java.lang.StringBuilder (java.base@21.0.2)
 439:             1             24  java.lang.invoke.MethodType$ConcurrentWeakInternSet (java.base@21.0.2)
 440:             1             24  java.lang.invoke.VarHandles$1 (java.base@21.0.2)
 441:             1             24  java.net.Inet6AddressImpl (java.base@21.0.2)
 442:             1             24  java.net.Proxy (java.base@21.0.2)
 443:             1             24  java.net.Socket$SocketInputStream (java.base@21.0.2)
 444:             1             24  java.time.ZoneRegion (java.base@21.0.2)
 445:             1             24  java.time.format.DecimalStyle (java.base@21.0.2)
 446:             1             24  java.time.temporal.IsoFields$Field$1 (java.base@21.0.2)
 447:             1             24  java.time.temporal.IsoFields$Field$2 (java.base@21.0.2)
 448:             1             24  java.time.temporal.IsoFields$Field$3 (java.base@21.0.2)
 449:             1             24  java.time.temporal.IsoFields$Field$4 (java.base@21.0.2)
 450:             1             24  java.time.zone.TzdbZoneRulesProvider (java.base@21.0.2)
 451:             1             24  java.util.Arrays$ArrayList (java.base@21.0.2)
 452:             1             24  java.util.Collections$EmptyMap (java.base@21.0.2)
 453:             1             24  java.util.Collections$UnmodifiableRandomAccessList (java.base@21.0.2)
 454:             1             24  java.util.Comparators$NaturalOrderComparator (java.base@21.0.2)
 455:             1             24  java.util.Locale$Cache (java.base@21.0.2)
 456:             1             24  java.util.OptionalInt (java.base@21.0.2)
 457:             1             24  java.util.ResourceBundle$Control$CandidateListCache (java.base@21.0.2)
 458:             1             24  java.util.Scanner$PatternLRUCache (java.base@21.0.2)
 459:             1             24  java.util.jar.Manifest (java.base@21.0.2)
 460:             1             24  java.util.regex.Pattern$$Lambda/0x000001409904cc60 (java.base@21.0.2)
 461:             1             24  java.util.regex.Pattern$$Lambda/0x80000002b (java.base@21.0.2)
 462:             1             24  java.util.regex.Pattern$CharProperty (java.base@21.0.2)
 463:             1             24  java.util.regex.Pattern$Dollar (java.base@21.0.2)
 464:             1             24  java.util.regex.Pattern$Slice (java.base@21.0.2)
 465:             1             24  jdk.internal.jimage.ImageReader (java.base@21.0.2)
 466:             1             24  jdk.internal.module.ModuleBootstrap$SafeModuleFinder (java.base@21.0.2)
 467:             1             24  jdk.internal.module.ModuleHashes (java.base@21.0.2)
 468:             1             24  jdk.internal.ref.CleanerImpl (java.base@21.0.2)
 469:             1             24  ru.job4j.tracker.MemTracker
 470:             1             24  sun.instrument.TransformerManager (java.instrument@21.0.2)
 471:             1             24  sun.nio.ch.Util$BufferCache (java.base@21.0.2)
 472:             1             24  sun.nio.cs.ISO_8859_1 (java.base@21.0.2)
 473:             1             24  sun.nio.cs.MS1251 (java.base@21.0.2)
 474:             1             24  sun.nio.cs.StandardCharsets (java.base@21.0.2)
 475:             1             24  sun.nio.cs.US_ASCII (java.base@21.0.2)
 476:             1             24  sun.nio.cs.UTF_16 (java.base@21.0.2)
 477:             1             24  sun.nio.cs.UTF_16BE (java.base@21.0.2)
 478:             1             24  sun.nio.cs.UTF_16LE (java.base@21.0.2)
 479:             1             24  sun.nio.cs.UTF_8 (java.base@21.0.2)
 480:             1             24  sun.nio.fs.WindowsFileSystem (java.base@21.0.2)
 481:             1             24  sun.util.cldr.CLDRTimeZoneNameProviderImpl (java.base@21.0.2)
 482:             1             24  sun.util.locale.BaseLocale$Cache (java.base@21.0.2)
 483:             1             24  sun.util.locale.provider.DecimalFormatSymbolsProviderImpl (java.base@21.0.2)
 484:             1             24  sun.util.locale.provider.LocaleServiceProviderPool (java.base@21.0.2)
 485:             1             24  sun.util.locale.provider.NumberFormatProviderImpl (java.base@21.0.2)
 486:             1             24  sun.util.locale.provider.TimeZoneNameProviderImpl (java.base@21.0.2)
 487:             1             16  [F (java.base@21.0.2)
 488:             1             16  [Ljava.lang.Throwable; (java.base@21.0.2)
 489:             1             16  [Ljava.security.cert.Certificate; (java.base@21.0.2)
 490:             1             16  [Ljava.text.FieldPosition; (java.base@21.0.2)
 491:             1             16  [Ljava.time.zone.ZoneOffsetTransitionRule; (java.base@21.0.2)
 492:             1             16  [Lsun.instrument.TransformerManager$TransformerInfo; (java.instrument@21.0.2)
 493:             1             16  java.io.FileDescriptor$1 (java.base@21.0.2)
 494:             1             16  java.io.PrintStream$1 (java.base@21.0.2)
 495:             1             16  java.io.RandomAccessFile$2 (java.base@21.0.2)
 496:             1             16  java.lang.CharacterData00 (java.base@21.0.2)
 497:             1             16  java.lang.CharacterDataLatin1 (java.base@21.0.2)
 498:             1             16  java.lang.ClassValue$Identity (java.base@21.0.2)
 499:             1             16  java.lang.Float (java.base@21.0.2)
 500:             1             16  java.lang.Runtime (java.base@21.0.2)
 501:             1             16  java.lang.String$CaseInsensitiveComparator (java.base@21.0.2)
 502:             1             16  java.lang.System$2 (java.base@21.0.2)
 503:             1             16  java.lang.Terminator$1 (java.base@21.0.2)
 504:             1             16  java.lang.invoke.ClassSpecializer$1 (java.base@21.0.2)
 505:             1             16  java.lang.invoke.MemberName$Factory (java.base@21.0.2)
 506:             1             16  java.lang.invoke.MethodHandleImpl$1 (java.base@21.0.2)
 507:             1             16  java.lang.module.ModuleDescriptor$1 (java.base@21.0.2)
 508:             1             16  java.lang.ref.Cleaner (java.base@21.0.2)
 509:             1             16  java.lang.ref.Cleaner$1 (java.base@21.0.2)
 510:             1             16  java.lang.ref.Reference$1 (java.base@21.0.2)
 511:             1             16  java.lang.reflect.AccessFlag$1 (java.base@21.0.2)
 512:             1             16  java.lang.reflect.AccessFlag$10 (java.base@21.0.2)
 513:             1             16  java.lang.reflect.AccessFlag$11 (java.base@21.0.2)
 514:             1             16  java.lang.reflect.AccessFlag$12 (java.base@21.0.2)
 515:             1             16  java.lang.reflect.AccessFlag$13 (java.base@21.0.2)
 516:             1             16  java.lang.reflect.AccessFlag$14 (java.base@21.0.2)
 517:             1             16  java.lang.reflect.AccessFlag$15 (java.base@21.0.2)
 518:             1             16  java.lang.reflect.AccessFlag$16 (java.base@21.0.2)
 519:             1             16  java.lang.reflect.AccessFlag$17 (java.base@21.0.2)
 520:             1             16  java.lang.reflect.AccessFlag$18 (java.base@21.0.2)
 521:             1             16  java.lang.reflect.AccessFlag$2 (java.base@21.0.2)
 522:             1             16  java.lang.reflect.AccessFlag$3 (java.base@21.0.2)
 523:             1             16  java.lang.reflect.AccessFlag$4 (java.base@21.0.2)
 524:             1             16  java.lang.reflect.AccessFlag$5 (java.base@21.0.2)
 525:             1             16  java.lang.reflect.AccessFlag$6 (java.base@21.0.2)
 526:             1             16  java.lang.reflect.AccessFlag$7 (java.base@21.0.2)
 527:             1             16  java.lang.reflect.AccessFlag$8 (java.base@21.0.2)
 528:             1             16  java.lang.reflect.AccessFlag$9 (java.base@21.0.2)
 529:             1             16  java.lang.reflect.ReflectAccess (java.base@21.0.2)
 530:             1             16  java.net.InetAddress$1 (java.base@21.0.2)
 531:             1             16  java.net.InetAddress$PlatformResolver (java.base@21.0.2)
 532:             1             16  java.net.URI$1 (java.base@21.0.2)
 533:             1             16  java.net.URL$3 (java.base@21.0.2)
 534:             1             16  java.net.URL$DefaultFactory (java.base@21.0.2)
 535:             1             16  java.net.spi.InetAddressResolver$LookupPolicy (java.base@21.0.2)
 536:             1             16  java.nio.Bits$1 (java.base@21.0.2)
 537:             1             16  java.nio.Buffer$1 (java.base@21.0.2)
 538:             1             16  java.nio.Buffer$2 (java.base@21.0.2)
 539:             1             16  java.security.ProtectionDomain$JavaSecurityAccessImpl (java.base@21.0.2)
 540:             1             16  java.text.DecimalFormatSymbols$$Lambda/0x80000000d (java.base@21.0.2)
 541:             1             16  java.time.ZoneOffset$$Lambda/0x80000000e (java.base@21.0.2)
 542:             1             16  java.time.chrono.IsoChronology (java.base@21.0.2)
 543:             1             16  java.time.format.DateTimeFormatter$$Lambda/0x80000000f (java.base@21.0.2)
 544:             1             16  java.time.format.DateTimeFormatter$$Lambda/0x800000010 (java.base@21.0.2)
 545:             1             16  java.time.format.DateTimeFormatterBuilder$$Lambda/0x800000011 (java.base@21.0.2)
 546:             1             16  java.time.format.DateTimeFormatterBuilder$InstantPrinterParser (java.base@21.0.2)
 547:             1             16  java.time.format.DateTimeTextProvider (java.base@21.0.2)
 548:             1             16  java.time.format.DateTimeTextProvider$1 (java.base@21.0.2)
 549:             1             16  java.util.Collections$EmptyEnumeration (java.base@21.0.2)
 550:             1             16  java.util.Collections$EmptyIterator (java.base@21.0.2)
 551:             1             16  java.util.Collections$EmptyList (java.base@21.0.2)
 552:             1             16  java.util.Collections$EmptySet (java.base@21.0.2)
 553:             1             16  java.util.EnumMap$1 (java.base@21.0.2)
 554:             1             16  java.util.Locale$Builder (java.base@21.0.2)
 555:             1             16  java.util.Map$Entry$$Lambda/0x00000140990594f8 (java.base@21.0.2)
 556:             1             16  java.util.ResourceBundle$1 (java.base@21.0.2)
 557:             1             16  java.util.ResourceBundle$Control (java.base@21.0.2)
 558:             1             16  java.util.Spliterators$EmptySpliterator$OfDouble (java.base@21.0.2)
 559:             1             16  java.util.Spliterators$EmptySpliterator$OfInt (java.base@21.0.2)
 560:             1             16  java.util.Spliterators$EmptySpliterator$OfLong (java.base@21.0.2)
 561:             1             16  java.util.Spliterators$EmptySpliterator$OfRef (java.base@21.0.2)
 562:             1             16  java.util.concurrent.ConcurrentSkipListSet (java.base@21.0.2)
 563:             1             16  java.util.jar.Attributes (java.base@21.0.2)
 564:             1             16  java.util.jar.JavaUtilJarAccessImpl (java.base@21.0.2)
 565:             1             16  java.util.regex.CharPredicates$$Lambda/0x000001409904a080 (java.base@21.0.2)
 566:             1             16  java.util.regex.CharPredicates$$Lambda/0x000001409904ab68 (java.base@21.0.2)
 567:             1             16  java.util.regex.Pattern$$Lambda/0x000001409904a4c8 (java.base@21.0.2)
 568:             1             16  java.util.regex.Pattern$$Lambda/0x0000014099051098 (java.base@21.0.2)
 569:             1             16  java.util.regex.Pattern$$Lambda/0x800000032 (java.base@21.0.2)
 570:             1             16  java.util.regex.Pattern$LastNode (java.base@21.0.2)
 571:             1             16  java.util.regex.Pattern$Node (java.base@21.0.2)
 572:             1             16  java.util.stream.Collectors$$Lambda/0x80000003a (java.base@21.0.2)
 573:             1             16  java.util.stream.Collectors$$Lambda/0x800000041 (java.base@21.0.2)
 574:             1             16  java.util.stream.Collectors$$Lambda/0x800000043 (java.base@21.0.2)
 575:             1             16  java.util.stream.Collectors$$Lambda/0x800000046 (java.base@21.0.2)
 576:             1             16  java.util.stream.FindOps$FindSink$OfInt$$Lambda/0x800000049 (java.base@21.0.2)
 577:             1             16  java.util.stream.FindOps$FindSink$OfInt$$Lambda/0x80000004a (java.base@21.0.2)
 578:             1             16  java.util.stream.FindOps$FindSink$OfInt$$Lambda/0x80000004b (java.base@21.0.2)
 579:             1             16  java.util.stream.FindOps$FindSink$OfInt$$Lambda/0x80000004c (java.base@21.0.2)
 580:             1             16  java.util.stream.FindOps$FindSink$OfRef$$Lambda/0x80000004d (java.base@21.0.2)
 581:             1             16  java.util.stream.FindOps$FindSink$OfRef$$Lambda/0x80000004e (java.base@21.0.2)
 582:             1             16  java.util.stream.FindOps$FindSink$OfRef$$Lambda/0x80000004f (java.base@21.0.2)
 583:             1             16  java.util.stream.FindOps$FindSink$OfRef$$Lambda/0x800000050 (java.base@21.0.2)
 584:             1             16  java.util.stream.Nodes$EmptyNode$OfDouble (java.base@21.0.2)
 585:             1             16  java.util.stream.Nodes$EmptyNode$OfInt (java.base@21.0.2)
 586:             1             16  java.util.stream.Nodes$EmptyNode$OfLong (java.base@21.0.2)
 587:             1             16  java.util.stream.Nodes$EmptyNode$OfRef (java.base@21.0.2)
 588:             1             16  java.util.zip.ZipFile$1 (java.base@21.0.2)
 589:             1             16  jdk.internal.jimage.ImageReaderFactory$1 (java.base@21.0.2)
 590:             1             16  jdk.internal.jimage.ImageStringsReader (java.base@21.0.2)
 591:             1             16  jdk.internal.jimage.decompressor.Decompressor (java.base@21.0.2)
 592:             1             16  jdk.internal.misc.ScopedMemoryAccess (java.base@21.0.2)
 593:             1             16  jdk.internal.misc.TerminatingThreadLocal$1 (java.base@21.0.2)
 594:             1             16  jdk.internal.misc.Unsafe (java.base@21.0.2)
 595:             1             16  jdk.internal.module.DefaultRoots$$Lambda/0x800000053 (java.base@21.0.2)
 596:             1             16  jdk.internal.module.DefaultRoots$$Lambda/0x800000054 (java.base@21.0.2)
 597:             1             16  jdk.internal.module.DefaultRoots$$Lambda/0x800000055 (java.base@21.0.2)
 598:             1             16  jdk.internal.module.DefaultRoots$$Lambda/0x800000056 (java.base@21.0.2)
 599:             1             16  jdk.internal.module.ModulePatcher (java.base@21.0.2)
 600:             1             16  jdk.internal.module.ModuleResolution (java.base@21.0.2)
 601:             1             16  jdk.internal.module.ModuleTarget (java.base@21.0.2)
 602:             1             16  jdk.internal.perf.Perf (java.base@21.0.2)
 603:             1             16  jdk.internal.reflect.ReflectionFactory (java.base@21.0.2)
 604:             1             16  jdk.internal.util.Preconditions$1 (java.base@21.0.2)
 605:             1             16  jdk.internal.util.Preconditions$2 (java.base@21.0.2)
 606:             1             16  jdk.internal.util.Preconditions$3 (java.base@21.0.2)
 607:             1             16  jdk.net.WindowsSocketOptions (jdk.net@21.0.2)
 608:             1             16  ru.job4j.tracker.ConsoleInput
 609:             1             16  ru.job4j.tracker.ConsoleOutput
 610:             1             16  ru.job4j.tracker.CreateAction
 611:             1             16  ru.job4j.tracker.CreateManyItems
 612:             1             16  ru.job4j.tracker.DeleteAction
 613:             1             16  ru.job4j.tracker.DeleteAllItems
 614:             1             16  ru.job4j.tracker.ExitAction
 615:             1             16  ru.job4j.tracker.FindAllAction
 616:             1             16  ru.job4j.tracker.FindByIdAction
 617:             1             16  ru.job4j.tracker.FindByNameAction
 618:             1             16  ru.job4j.tracker.ReplaceAction
 619:             1             16  ru.job4j.tracker.StartUI
 620:             1             16  sun.instrument.InstrumentationImpl$$Lambda/0x0000014099041d80 (java.instrument@21.0.2)
 621:             1             16  sun.net.spi.DefaultProxySelector (java.base@21.0.2)
 622:             1             16  sun.net.www.protocol.file.Handler (java.base@21.0.2)
 623:             1             16  sun.net.www.protocol.jar.Handler (java.base@21.0.2)
 624:             1             16  sun.net.www.protocol.jrt.Handler (java.base@21.0.2)
 625:             1             16  sun.nio.ch.Net$1 (java.base@21.0.2)
 626:             1             16  sun.nio.ch.NioSocketImpl$$Lambda/0x000001409904a720 (java.base@21.0.2)
 627:             1             16  sun.nio.ch.NioSocketImpl$1 (java.base@21.0.2)
 628:             1             16  sun.nio.ch.SocketDispatcher (java.base@21.0.2)
 629:             1             16  sun.nio.ch.Util$1 (java.base@21.0.2)
 631:             1             16  sun.nio.fs.WindowsFileSystemProvider (java.base@21.0.2)
 632:             1             16  sun.util.calendar.Gregorian (java.base@21.0.2)
 633:             1             16  sun.util.cldr.CLDRBaseLocaleDataMetaInfo (java.base@21.0.2)
 634:             1             16  sun.util.cldr.CLDRLocaleProviderAdapter$$Lambda/0x800000064 (java.base@21.0.2)
 635:             1             16  sun.util.cldr.CLDRLocaleProviderAdapter$$Lambda/0x800000066 (java.base@21.0.2)
 636:             1             16  sun.util.cldr.CLDRTimeZoneNameProviderImpl$AVAILABLE_IDS$$Lambda/0x0000014099055898 (java.base@21.0.2)
 637:             1             16  sun.util.locale.InternalLocaleBuilder$CaseInsensitiveChar (java.base@21.0.2)
 638:             1             16  sun.util.locale.provider.TimeZoneNameUtility$TimeZoneNameGetter (java.base@21.0.2)
 639:             1             16  sun.util.resources.LocaleData$LocaleDataStrategy (java.base@21.0.2)
 640:             1             16  sun.util.resources.cldr.provider.CLDRLocaleDataMetaInfo (jdk.localedata@21.0.2)
Total        301738       10985544
PS C:\Users\selov\projects\job4j_tracker> jmap -histo 1268
 num     #instances         #bytes  class name (module)
-------------------------------------------------------
   1:        101791        5336288  [B (java.base@21.0.2)
   2:        100970        2423280  java.lang.String (java.base@21.0.2)
   3:         90126        2163024  java.time.LocalDateTime (java.base@21.0.2)
   4:         90069        2161656  java.time.LocalDate (java.base@21.0.2)
   5:         90026        2160624  java.time.LocalTime (java.base@21.0.2)
   6:         90000        2160000  ru.job4j.tracker.Item
   7:           109        1171000  Ljdk.internal.vm.FillerArray; (java.base@21.0.2)
   8:          1653         592248  [Ljava.lang.Object; (java.base@21.0.2)
   9:          1507         184504  java.lang.Class (java.base@21.0.2)
  10:          4199         134368  java.util.HashMap$Node (java.base@21.0.2)
  11:          1821         101976  sun.util.calendar.ZoneInfo (java.base@21.0.2)
  12:          2813          90016  java.util.concurrent.ConcurrentHashMap$Node (java.base@21.0.2)
  13:           224          79024  [C (java.base@21.0.2)
  14:           158          74696  [I (java.base@21.0.2)
  15:           356          60800  [Ljava.util.HashMap$Node; (java.base@21.0.2)
  16:          1128          45120  java.util.LinkedHashMap$Entry (java.base@21.0.2)
  17:           516          29248  [Ljava.lang.String; (java.base@21.0.2)
  18:          1817          29072  java.time.Clock$SystemClock (java.base@21.0.2)
  19:            67          28528  [Ljava.util.concurrent.ConcurrentHashMap$Node; (java.base@21.0.2)
  20:           238          18088  [Ljava.lang.ref.SoftReference; (java.base@21.0.2)
  21:           362          17376  java.lang.invoke.MemberName (java.base@21.0.2)
  22:           357          17136  java.util.HashMap (java.base@21.0.2)
  23:           344          13760  java.lang.invoke.MethodType (java.base@21.0.2)
  24:           349          11168  java.lang.invoke.LambdaForm$Name (java.base@21.0.2)
  25:           347          11104  java.lang.invoke.MethodType$ConcurrentWeakInternSet$WeakEntry (java.base@21.0.2)
  26:           374           8976  java.lang.module.ModuleDescriptor$Exports (java.base@21.0.2)
  27:           289           8656  [Ljava.lang.Class; (java.base@21.0.2)
  28:            49           8032  [Ljava.lang.invoke.MethodHandle; (java.base@21.0.2)
  29:           303           7272  java.lang.invoke.ResolvedMethodName (java.base@21.0.2)
  30:           256           6144  java.lang.Long (java.base@21.0.2)
  31:            89           5696  java.util.concurrent.ConcurrentHashMap (java.base@21.0.2)
  32:           140           5600  java.lang.ref.SoftReference (java.base@21.0.2)
  33:            70           5600  java.net.URI (java.base@21.0.2)
  34:           230           5520  java.util.ImmutableCollections$Set12 (java.base@21.0.2)
  35:           172           5504  java.lang.module.ModuleDescriptor$Requires (java.base@21.0.2)
  36:           113           5424  java.lang.invoke.LambdaForm (java.base@21.0.2)
  37:           118           5016  [Ljava.lang.invoke.LambdaForm$Name; (java.base@21.0.2)
  38:           195           4680  jdk.internal.module.ServicesCatalog$ServiceProvider (java.base@21.0.2)
  39:           145           4640  java.lang.invoke.MethodTypeForm (java.base@21.0.2)
  40:            70           4480  java.lang.module.ModuleDescriptor (java.base@21.0.2)
  41:           272           4352  java.util.HashSet (java.base@21.0.2)
  42:           267           4272  java.lang.Integer (java.base@21.0.2)
  43:            70           3920  jdk.internal.module.ModuleReferenceImpl (java.base@21.0.2)
  44:            69           3864  java.lang.Module (java.base@21.0.2)
  45:           152           3648  java.util.ImmutableCollections$SetN (java.base@21.0.2)
  46:            90           3600  java.math.BigInteger (java.base@21.0.2)
  47:           215           3440  java.lang.Object (java.base@21.0.2)
  48:            83           3320  java.lang.invoke.DirectMethodHandle (java.base@21.0.2)
  49:           129           3096  java.lang.invoke.LambdaForm$NamedFunction (java.base@21.0.2)
  50:            12           2688  [J (java.base@21.0.2)
  51:           103           2472  [[C (java.base@21.0.2)
  52:            68           2176  java.lang.invoke.LambdaForm$Kind (java.base@21.0.2)
  53:           128           2048  java.lang.Character (java.base@21.0.2)
  54:            62           1984  jdk.internal.loader.BuiltinClassLoader$LoadedModule (java.base@21.0.2)
  55:            77           1848  java.util.ImmutableCollections$List12 (java.base@21.0.2)
  56:            74           1776  java.util.concurrent.CopyOnWriteArrayList (java.base@21.0.2)
  57:            20           1760  java.lang.reflect.Method (java.base@21.0.2)
  58:            70           1680  jdk.internal.module.SystemModuleFinders$2 (java.base@21.0.2)
  59:            25           1600  java.net.URL (java.base@21.0.2)
  60:            33           1584  java.time.temporal.ValueRange (java.base@21.0.2)
  61:            65           1560  java.lang.module.ModuleDescriptor$Provides (java.base@21.0.2)
  62:            38           1520  java.io.ObjectStreamField (java.base@21.0.2)
  63:            38           1520  java.lang.invoke.BoundMethodHandle$Species_L (java.base@21.0.2)
  64:            63           1512  java.lang.module.ResolvedModule (java.base@21.0.2)
  65:            63           1512  jdk.internal.module.SystemModuleFinders$SystemModuleReader (java.base@21.0.2)
  66:            61           1464  jdk.internal.module.ModuleReferenceImpl$CachedHash (java.base@21.0.2)
  67:            10           1440  [Ljava.lang.invoke.MemberName; (java.base@21.0.2)
  68:            30           1440  java.time.temporal.ChronoField (java.base@21.0.2)
  69:             1           1424  [[B (java.base@21.0.2)
  70:            22           1408  java.lang.Class$ReflectionData (java.base@21.0.2)
  71:            29           1392  java.lang.invoke.DirectMethodHandle$Constructor (java.base@21.0.2)
  72:             6           1376  [Z (java.base@21.0.2)
  73:            42           1344  java.util.concurrent.locks.ReentrantLock$NonfairSync (java.base@21.0.2)
  74:            27           1296  java.lang.invoke.LambdaFormEditor$Transform (java.base@21.0.2)
  75:            17           1224  java.lang.reflect.Constructor (java.base@21.0.2)
  76:            25           1200  jdk.internal.ref.CleanerImpl$PhantomCleanableRef (java.base@21.0.2)
  77:            38           1184  [Ljava.math.BigInteger; (java.base@21.0.2)
  78:            11           1144  java.util.jar.JarFile$JarFileEntry (java.base@21.0.2)
  79:            69           1104  java.util.HashMap$KeySet (java.base@21.0.2)
  80:            66           1056  jdk.internal.module.SystemModuleFinders$3 (java.base@21.0.2)
  81:             1           1040  [Ljava.lang.Integer; (java.base@21.0.2)
  82:             1           1040  [Ljava.lang.Long; (java.base@21.0.2)
  83:            26           1040  sun.util.locale.LocaleObjectCache$CacheEntry (java.base@21.0.2)
  84:            31            992  java.lang.invoke.VarHandle$AccessMode (java.base@21.0.2)
  85:            31            992  java.util.Locale (java.base@21.0.2)
  86:            31            992  sun.util.locale.BaseLocale (java.base@21.0.2)
  87:            12            960  [Ljava.util.WeakHashMap$Entry; (java.base@21.0.2)
  88:             8            960  java.lang.Thread (java.base@21.0.2)
  89:            20            960  java.lang.invoke.DirectMethodHandle$Accessor (java.base@21.0.2)
  90:            28            944  [Ljava.time.format.DateTimeFormatterBuilder$DateTimePrinterParser; (java.base@21.0.2)
  91:            23            920  java.lang.reflect.AccessFlag (java.base@21.0.2)
  92:            16            896  java.nio.HeapCharBuffer (java.base@21.0.2)
  93:            11            880  java.util.zip.ZipFile$Source (java.base@21.0.2)
  94:            27            864  java.lang.ref.ReferenceQueue (java.base@21.0.2)
  95:            33            792  java.util.ImmutableCollections$ListN (java.base@21.0.2)
  96:            24            768  java.time.format.DateTimeFormatterBuilder$NumberPrinterParser (java.base@21.0.2)
  97:            22            704  java.lang.reflect.ClassFileFormatVersion (java.base@21.0.2)
  98:            11            704  sun.nio.fs.WindowsFileAttributes (java.base@21.0.2)
  99:            28            672  java.time.format.DateTimeFormatterBuilder$CompositePrinterParser (java.base@21.0.2)
 100:            42            672  java.util.concurrent.locks.ReentrantLock (java.base@21.0.2)
 101:            27            648  java.util.concurrent.locks.AbstractQueuedSynchronizer$ConditionObject (java.base@21.0.2)
 102:            27            648  java.util.jar.Attributes$Name (java.base@21.0.2)
 103:            16            640  java.time.format.DateTimeFormatter (java.base@21.0.2)
 104:            20            640  java.util.regex.Pattern$Curly (java.base@21.0.2)
 105:            10            640  java.util.zip.Inflater (java.base@21.0.2)
 106:             3            624  [Ljava.lang.invoke.LambdaForm; (java.base@21.0.2)
 107:            11            616  java.io.FileCleanable (java.base@21.0.2)
 108:            11            616  java.util.jar.JarFile (java.base@21.0.2)
 109:            15            600  java.io.FileDescriptor (java.base@21.0.2)
 110:            12            576  java.util.WeakHashMap (java.base@21.0.2)
 111:             7            560  java.util.concurrent.TimeUnit (java.base@21.0.2)
 112:            10            560  sun.invoke.util.Wrapper (java.base@21.0.2)
 113:             1            528  [Ljava.lang.Character; (java.base@21.0.2)
 114:             2            528  [Ljava.time.LocalDateTime; (java.base@21.0.2)
 115:             6            528  java.util.regex.Pattern (java.base@21.0.2)
 116:            11            528  jdk.internal.loader.URLClassPath$JarLoader (java.base@21.0.2)
 117:            12            512  [Ljava.lang.invoke.MethodType; (java.base@21.0.2)
 118:             8            512  java.nio.DirectByteBuffer (java.base@21.0.2)
 119:            16            512  java.time.temporal.ChronoUnit (java.base@21.0.2)
 120:            21            504  java.lang.invoke.Invokers (java.base@21.0.2)
 121:            21            504  java.util.AbstractMap$SimpleImmutableEntry (java.base@21.0.2)
 122:            21            504  java.util.regex.Pattern$BmpCharProperty (java.base@21.0.2)
 123:            12            480  java.lang.OutOfMemoryError (java.base@21.0.2)
 124:            12            480  java.lang.Thread$FieldHolder (java.base@21.0.2)
 125:            12            480  java.security.AccessControlContext (java.base@21.0.2)
 126:            20            480  java.util.ArrayList (java.base@21.0.2)
 127:            19            456  java.time.Duration (java.base@21.0.2)
 128:             7            448  java.util.LinkedHashMap (java.base@21.0.2)
 129:            11            440  java.io.RandomAccessFile (java.base@21.0.2)
 130:             1            432  [[[C (java.base@21.0.2)
 131:            12            384  java.io.File (java.base@21.0.2)
 132:             8            384  java.lang.invoke.BoundMethodHandle$SpeciesData (java.base@21.0.2)
 133:            12            384  sun.util.locale.BaseLocale$Key (java.base@21.0.2)
 134:            12            368  [Ljava.io.ObjectStreamField; (java.base@21.0.2)
 135:            23            368  java.time.format.DateTimeFormatterBuilder$CharLiteralPrinterParser (java.base@21.0.2)
 136:            22            352  java.util.regex.Pattern$$Lambda/0x80000002a (java.base@21.0.2)
 137:            11            352  java.util.zip.ZipFile$CleanableResource (java.base@21.0.2)
 138:             3            344  [D (java.base@21.0.2)
 139:            14            336  [Ljava.lang.reflect.Constructor; (java.base@21.0.2)
 140:             5            336  [Lsun.invoke.util.Wrapper; (java.base@21.0.2)
 141:             5            336  [S (java.base@21.0.2)
 142:             7            336  java.lang.invoke.VarHandleReferences$FieldInstanceReadWrite (java.base@21.0.2)
 143:             6            336  java.nio.DirectLongBufferU (java.base@21.0.2)
 144:            14            336  java.util.Collections$SetFromMap (java.base@21.0.2)
 145:             2            328  [Ljava.time.ZoneOffset; (java.base@21.0.2)
 146:             8            320  [Ljava.lang.invoke.BoundMethodHandle$SpeciesData; (java.base@21.0.2)
 147:             8            320  java.lang.invoke.BoundMethodHandle$Species_LL (java.base@21.0.2)
 148:            10            320  java.lang.invoke.VarForm (java.base@21.0.2)
 149:             8            320  sun.util.resources.Bundles$BundleReference (java.base@21.0.2)
 150:            13            312  jdk.internal.reflect.DirectConstructorHandleAccessor (java.base@21.0.2)
 151:             1            288  [Ljava.lang.invoke.LambdaForm$Kind; (java.base@21.0.2)
 152:             6            288  java.lang.invoke.MethodHandleImpl$IntrinsicMethodHandle (java.base@21.0.2)
 153:            12            288  java.util.ArrayDeque (java.base@21.0.2)
 154:             6            288  java.util.stream.StreamOpFlag (java.base@21.0.2)
 155:             9            288  jdk.internal.org.objectweb.asm.Type (java.base@21.0.2)
 156:             5            280  java.nio.HeapByteBuffer (java.base@21.0.2)
 157:             7            280  java.security.ProtectionDomain (java.base@21.0.2)
 158:             7            280  jdk.internal.loader.NativeLibraries$NativeLibraryImpl (java.base@21.0.2)
 159:            11            264  java.lang.invoke.MethodHandleImpl$Intrinsic (java.base@21.0.2)
 160:            11            264  java.util.zip.ZipFile$Source$Key (java.base@21.0.2)
 161:             8            256  java.lang.invoke.SimpleMethodHandle (java.base@21.0.2)
 162:             8            256  java.math.RoundingMode (java.base@21.0.2)
 163:             8            256  sun.util.resources.Bundles$CacheKey (java.base@21.0.2)
 164:             5            240  [Ljava.lang.invoke.LambdaForm$NamedFunction; (java.base@21.0.2)
 165:             6            240  java.lang.invoke.LambdaForm$BasicType (java.base@21.0.2)
 166:            10            240  java.nio.charset.CoderResult (java.base@21.0.2)
 167:            10            240  java.nio.file.StandardOpenOption (java.base@21.0.2)
 168:             6            240  java.security.CodeSource (java.base@21.0.2)
 169:             6            240  java.util.EnumMap (java.base@21.0.2)
 170:            10            240  java.util.zip.Inflater$InflaterZStreamRef (java.base@21.0.2)
 171:             8            224  [Ljava.lang.reflect.Method; (java.base@21.0.2)
 172:             9            216  java.lang.reflect.AccessFlag$Location (java.base@21.0.2)
 173:             5            200  java.lang.invoke.VarHandle$AccessDescriptor (java.base@21.0.2)
 174:             5            200  java.util.WeakHashMap$Entry (java.base@21.0.2)
 175:             5            200  sun.util.locale.provider.LocaleProviderAdapter$Type (java.base@21.0.2)
 176:             5            200  sun.util.locale.provider.LocaleResources (java.base@21.0.2)
 177:             3            192  java.nio.DirectByteBufferR (java.base@21.0.2)
 178:             8            192  java.time.ZoneOffset (java.base@21.0.2)
 179:             6            192  java.time.format.TextStyle (java.base@21.0.2)
 180:             6            192  java.util.Hashtable$Entry (java.base@21.0.2)
 181:            12            192  java.util.WeakHashMap$KeySet (java.base@21.0.2)
 182:            12            192  jdk.internal.misc.InternalLock (java.base@21.0.2)
 183:             1            168  [[Ljava.math.BigInteger; (java.base@21.0.2)
 184:             3            168  java.util.Properties (java.base@21.0.2)
 185:             7            168  jdk.net.ExtendedSocketOptions$ExtSocketOption (jdk.net@21.0.2)
 186:             2            160  [Ljava.lang.ThreadLocal$ThreadLocalMap$Entry; (java.base@21.0.2)
 187:             5            160  java.lang.invoke.VarHandle$AccessType (java.base@21.0.2)
 188:             5            160  java.net.InetAddress$InetAddressHolder (java.base@21.0.2)
 189:             5            160  java.util.RegularEnumSet (java.base@21.0.2)
 190:             2            152  [[Ljava.lang.String; (java.base@21.0.2)
 191:             1            144  [Ljava.lang.invoke.VarHandle$AccessMode; (java.base@21.0.2)
 192:             6            144  java.lang.Thread$State (java.base@21.0.2)
 193:             3            144  java.lang.ThreadGroup (java.base@21.0.2)
 194:             3            144  java.lang.invoke.MethodHandleImpl$AsVarargsCollector (java.base@21.0.2)
 195:             3            144  java.time.temporal.JulianFields$Field (java.base@21.0.2)
 196:             9            144  java.util.Collections$UnmodifiableSet (java.base@21.0.2)
 197:             3            144  java.util.Hashtable (java.base@21.0.2)
 198:             1            144  java.util.Scanner (java.base@21.0.2)
 199:             6            144  jdk.internal.perf.PerfCounter (java.base@21.0.2)
 200:             1            136  [Ljava.time.temporal.ChronoField; (java.base@21.0.2)
 201:             3            128  [Ljava.util.Hashtable$Entry; (java.base@21.0.2)
 202:             1            128  com.intellij.rt.execution.application.AppMainV2$1
 203:             4            128  java.lang.ThreadLocal$ThreadLocalMap$Entry (java.base@21.0.2)
 204:             4            128  java.lang.module.ModuleDescriptor$Modifier (java.base@21.0.2)
 205:             4            128  java.lang.module.ModuleDescriptor$Requires$Modifier (java.base@21.0.2)
 206:             4            128  java.time.format.DateTimeFormatterBuilder$TextPrinterParser (java.base@21.0.2)
 207:             4            128  java.util.ImmutableCollections$MapN (java.base@21.0.2)
 208:             4            128  java.util.stream.FindOps$FindOp (java.base@21.0.2)
 209:             4            128  jdk.internal.loader.NativeLibraries (java.base@21.0.2)
 210:             4            128  jdk.internal.reflect.DirectMethodHandleAccessor (java.base@21.0.2)
 211:             3            120  [Ljava.lang.invoke.LambdaForm$BasicType; (java.base@21.0.2)
 212:             5            120  java.lang.module.ModuleDescriptor$Opens (java.base@21.0.2)
 213:             1            120  java.lang.ref.Finalizer$FinalizerThread (java.base@21.0.2)
 214:             1            120  java.lang.ref.Reference$ReferenceHandler (java.base@21.0.2)
 215:             5            120  java.time.format.SignStyle (java.base@21.0.2)
 216:             5            120  java.util.stream.StreamOpFlag$Type (java.base@21.0.2)
 217:             1            120  jdk.internal.misc.InnocuousThread (java.base@21.0.2)
 218:             5            120  sun.nio.fs.WindowsPathType (java.base@21.0.2)
 219:             3            120  sun.util.locale.provider.LocaleResources$ResourceReference (java.base@21.0.2)
 220:             1            112  [Ljava.lang.reflect.AccessFlag; (java.base@21.0.2)
 221:             7            112  [Ljava.security.Principal; (java.base@21.0.2)
 222:             1            112  [Ljava.time.LocalTime; (java.base@21.0.2)
 223:             2            112  java.nio.DirectIntBufferRU (java.base@21.0.2)
 224:             7            112  java.security.ProtectionDomain$Key (java.base@21.0.2)
 225:             2            112  sun.nio.cs.StreamEncoder (java.base@21.0.2)
 226:             1            104  [Ljava.lang.reflect.ClassFileFormatVersion; (java.base@21.0.2)
 227:             1            104  jdk.internal.loader.ClassLoaders$AppClassLoader (java.base@21.0.2)
 228:             1            104  jdk.internal.loader.ClassLoaders$BootClassLoader (java.base@21.0.2)
 229:             1            104  jdk.internal.loader.ClassLoaders$PlatformClassLoader (java.base@21.0.2)
 230:             1             96  [Lsun.util.locale.BaseLocale; (java.base@21.0.2)
 231:             2             96  java.io.PrintStream (java.base@21.0.2)
 232:             3             96  java.lang.Runtime$Version (java.base@21.0.2)
 233:             2             96  java.lang.invoke.BoundMethodHandle$Species_LJ (java.base@21.0.2)
 234:             2             96  java.lang.invoke.BoundMethodHandle$Species_LLLL (java.base@21.0.2)
 235:             3             96  java.lang.invoke.MethodHandles$Lookup (java.base@21.0.2)
 236:             3             96  java.lang.ref.WeakReference (java.base@21.0.2)
 237:             4             96  java.time.format.DateTimeFormatterBuilder$OffsetIdPrinterParser (java.base@21.0.2)
 238:             4             96  java.time.format.DateTimeFormatterBuilder$SettingsParser (java.base@21.0.2)
 239:             3             96  java.util.HexFormat (java.base@21.0.2)
 240:             4             96  java.util.LinkedHashMap$LinkedKeySet (java.base@21.0.2)
 241:             2             96  java.util.Locale$Category (java.base@21.0.2)
 242:             6             96  java.util.concurrent.atomic.AtomicInteger (java.base@21.0.2)
 243:             3             96  java.util.concurrent.locks.AbstractQueuedSynchronizer$ConditionNode (java.base@21.0.2)
 244:             4             96  java.util.regex.Pattern$BmpCharPropertyGreedy (java.base@21.0.2)
 245:             4             96  java.util.regex.Pattern$CharPropertyGreedy (java.base@21.0.2)
 246:             4             96  java.util.regex.Pattern$Qtype (java.base@21.0.2)
 247:             4             96  java.util.regex.Pattern$Start (java.base@21.0.2)
 248:             4             96  java.util.stream.StreamShape (java.base@21.0.2)
 249:             1             96  jdk.internal.jimage.ImageReader$SharedImageReader (java.base@21.0.2)
 250:             3             96  jdk.internal.util.ClassFileDumper (java.base@21.0.2)
 251:             4             96  jdk.internal.util.OperatingSystem (java.base@21.0.2)
 252:             3             96  sun.net.spi.DefaultProxySelector$NonProxyInfo (java.base@21.0.2)
 253:             2             96  sun.nio.cs.StreamDecoder (java.base@21.0.2)
 254:             2             96  sun.nio.cs.UTF_8$Encoder (java.base@21.0.2)
 255:             2             80  [Ljava.lang.OutOfMemoryError; (java.base@21.0.2)
 256:             1             80  [Ljava.nio.ByteBuffer; (java.base@21.0.2)
 257:             1             80  [Ljava.time.temporal.ChronoUnit; (java.base@21.0.2)
 258:             2             80  [Ljava.util.stream.StreamOpFlag$Type; (java.base@21.0.2)
 259:             2             80  [[Ljava.lang.invoke.MethodHandle; (java.base@21.0.2)
 260:             2             80  java.io.BufferedOutputStream (java.base@21.0.2)
 261:             2             80  java.io.BufferedWriter (java.base@21.0.2)
 262:             2             80  java.lang.ModuleLayer (java.base@21.0.2)
 263:             2             80  java.lang.module.Configuration (java.base@21.0.2)
 264:             2             80  java.lang.ref.NativeReferenceQueue (java.base@21.0.2)
 265:             2             80  java.util.Collections$SingletonMap (java.base@21.0.2)
 266:             2             80  java.util.IdentityHashMap (java.base@21.0.2)
 267:             1             80  java.util.regex.Matcher (java.base@21.0.2)
 268:             5             80  java.util.regex.Pattern$BitClass (java.base@21.0.2)
 269:             1             80  sun.nio.ch.NioSocketImpl (java.base@21.0.2)
 270:             1             80  sun.util.cldr.CLDRLocaleProviderAdapter (java.base@21.0.2)
 271:             1             80  sun.util.locale.provider.JRELocaleProviderAdapter (java.base@21.0.2)
 272:             3             72  [Ljava.security.ProtectionDomain; (java.base@21.0.2)
 273:             3             72  java.lang.NamedPackage (java.base@21.0.2)
 274:             3             72  java.lang.RuntimePermission (java.base@21.0.2)
 275:             3             72  java.lang.WeakPairMap (java.base@21.0.2)
 276:             3             72  java.net.Inet4Address (java.base@21.0.2)
 277:             3             72  java.net.Proxy$Type (java.base@21.0.2)
 278:             3             72  java.net.StandardProtocolFamily (java.base@21.0.2)
 279:             3             72  java.security.Permissions (java.base@21.0.2)
 280:             3             72  java.time.Instant (java.base@21.0.2)
 281:             3             72  java.time.format.ResolverStyle (java.base@21.0.2)
 282:             3             72  java.util.concurrent.atomic.AtomicLong (java.base@21.0.2)
 283:             3             72  java.util.regex.Pattern$GroupHead (java.base@21.0.2)
 284:             3             72  java.util.regex.Pattern$GroupTail (java.base@21.0.2)
 285:             3             72  java.util.stream.Collector$Characteristics (java.base@21.0.2)
 286:             3             72  java.util.zip.ZipCoder$Comparison (java.base@21.0.2)
 287:             3             72  sun.security.util.LazyCodeSourcePermissionCollection (java.base@21.0.2)
 288:             2             64  [Ljava.lang.invoke.LambdaFormEditor$Transform; (java.base@21.0.2)
 289:             1             64  [Ljava.lang.invoke.MethodHandleImpl$Intrinsic; (java.base@21.0.2)
 290:             2             64  [Ljava.nio.charset.CoderResult; (java.base@21.0.2)
 291:             2             64  [Ljava.util.stream.Collector$Characteristics; (java.base@21.0.2)
 292:             2             64  [Ljdk.internal.util.OperatingSystem; (java.base@21.0.2)
 293:             2             64  java.io.FileOutputStream (java.base@21.0.2)
 294:             2             64  java.lang.ClassValue$Entry (java.base@21.0.2)
 295:             2             64  java.lang.Package (java.base@21.0.2)
 296:             2             64  java.lang.invoke.MethodHandles$Lookup$ClassOption (java.base@21.0.2)
 297:             2             64  java.lang.ref.ReferenceQueue$Null (java.base@21.0.2)
 298:             2             64  java.net.Inet6Address$Inet6AddressHolder (java.base@21.0.2)
 299:             1             64  java.net.SocksSocketImpl (java.base@21.0.2)
 300:             2             64  java.time.temporal.IsoFields$Unit (java.base@21.0.2)
 301:             4             64  java.util.concurrent.ConcurrentHashMap$ValuesView (java.base@21.0.2)
 302:             2             64  java.util.regex.Pattern$Branch (java.base@21.0.2)
 303:             4             64  jdk.internal.module.ServicesCatalog (java.base@21.0.2)
 304:             4             64  jdk.internal.util.Preconditions$4 (java.base@21.0.2)
 305:             2             64  sun.nio.fs.NativeBuffer (java.base@21.0.2)
 306:             1             56  [Ljava.lang.reflect.AccessFlag$Location; (java.base@21.0.2)
 307:             1             56  [Ljava.nio.file.StandardOpenOption; (java.base@21.0.2)
 308:             1             56  [[I (java.base@21.0.2)
 309:             1             56  java.lang.invoke.BoundMethodHandle$Specializer (java.base@21.0.2)
 310:             1             56  java.lang.invoke.BoundMethodHandle$Species_LLLLL (java.base@21.0.2)
 311:             1             56  jdk.internal.org.objectweb.asm.Label (java.base@21.0.2)
 312:             1             48  [Ljava.math.RoundingMode; (java.base@21.0.2)
 313:             1             48  [Ljava.util.concurrent.TimeUnit; (java.base@21.0.2)
 314:             3             48  [Ljava.util.regex.IntHashSet; (java.base@21.0.2)
 315:             2             48  [Ljava.util.regex.Pattern$Node; (java.base@21.0.2)
 316:             1             48  java.io.BufferedInputStream (java.base@21.0.2)
 317:             1             48  java.io.BufferedReader (java.base@21.0.2)
 318:             2             48  java.io.File$PathStatus (java.base@21.0.2)
 319:             2             48  java.io.InputStreamReader (java.base@21.0.2)
 320:             2             48  java.io.OutputStreamWriter (java.base@21.0.2)
 321:             1             48  java.lang.NullPointerException (java.base@21.0.2)
 322:             2             48  java.lang.ThreadLocal$ThreadLocalMap (java.base@21.0.2)
 323:             1             48  java.lang.invoke.BoundMethodHandle$Specializer$Factory (java.base@21.0.2)
 324:             1             48  java.lang.invoke.BoundMethodHandle$Species_LLJ (java.base@21.0.2)
 325:             1             48  java.lang.invoke.BoundMethodHandle$Species_LLL (java.base@21.0.2)
 326:             2             48  java.net.Inet6Address (java.base@21.0.2)
 327:             3             48  java.nio.charset.CodingErrorAction (java.base@21.0.2)
 328:             2             48  java.security.BasicPermissionCollection (java.base@21.0.2)
 329:             3             48  java.security.SecureClassLoader$CodeSourceKey (java.base@21.0.2)
 330:             2             48  java.time.format.DateTimeFormatterBuilder$ZoneIdPrinterParser (java.base@21.0.2)
 331:             2             48  java.time.format.DateTimeTextProvider$LocaleStore (java.base@21.0.2)
 332:             3             48  java.util.HashMap$EntrySet (java.base@21.0.2)
 333:             2             48  java.util.LinkedHashMap$LinkedEntrySet (java.base@21.0.2)
 334:             3             48  java.util.Optional (java.base@21.0.2)
 335:             3             48  java.util.ResourceBundle$NoFallbackControl (java.base@21.0.2)
 336:             2             48  java.util.concurrent.ConcurrentHashMap$KeySetView (java.base@21.0.2)
 337:             1             48  java.util.concurrent.ConcurrentSkipListMap (java.base@21.0.2)
 338:             2             48  java.util.regex.Pattern$$Lambda/0x800000033 (java.base@21.0.2)
 339:             2             48  java.util.regex.Pattern$StartS (java.base@21.0.2)
 340:             1             48  jdk.internal.jimage.ImageHeader (java.base@21.0.2)
 341:             2             48  jdk.internal.misc.Signal (java.base@21.0.2)
 342:             2             48  jdk.internal.misc.Signal$NativeHandler (java.base@21.0.2)
 343:             2             48  jdk.internal.reflect.ReflectionFactory$Config (java.base@21.0.2)
 344:             2             48  sun.nio.fs.NativeBuffer$Deallocator (java.base@21.0.2)
 345:             1             48  sun.util.resources.TimeZoneNames (java.base@21.0.2)
 346:             1             48  sun.util.resources.TimeZoneNames_en (java.base@21.0.2)
 347:             1             48  sun.util.resources.cldr.TimeZoneNames (java.base@21.0.2)
 348:             1             48  sun.util.resources.cldr.TimeZoneNames_en (java.base@21.0.2)
 349:             1             40  [Ljava.lang.Thread$State; (java.base@21.0.2)
 350:             1             40  [Ljava.lang.invoke.VarHandle$AccessType; (java.base@21.0.2)
 351:             1             40  [Ljava.time.format.SignStyle; (java.base@21.0.2)
 352:             1             40  [Ljava.time.format.TextStyle; (java.base@21.0.2)
 353:             1             40  [Ljava.util.stream.StreamOpFlag; (java.base@21.0.2)
 354:             1             40  [Lsun.nio.fs.WindowsPathType; (java.base@21.0.2)
 355:             1             40  [Lsun.util.locale.provider.LocaleProviderAdapter$Type; (java.base@21.0.2)
 356:             1             40  [[Ljava.lang.invoke.LambdaForm$Name; (java.base@21.0.2)
 357:             1             40  java.lang.ArithmeticException (java.base@21.0.2)
 358:             1             40  java.lang.Package$VersionInfo (java.base@21.0.2)
 359:             1             40  java.lang.VirtualMachineError (java.base@21.0.2)
 360:             1             40  java.lang.invoke.DirectMethodHandle$Interface (java.base@21.0.2)
 361:             1             40  java.lang.invoke.VarHandleInts$FieldInstanceReadWrite (java.base@21.0.2)
 362:             1             40  java.net.Socket (java.base@21.0.2)
 363:             1             40  java.time.format.DateTimeFormatterBuilder$NanosPrinterParser (java.base@21.0.2)
 364:             1             40  java.time.zone.ZoneRules (java.base@21.0.2)
 365:             1             40  java.util.ResourceBundle$2 (java.base@21.0.2)
 366:             1             40  jdk.internal.loader.URLClassPath (java.base@21.0.2)
 367:             1             40  jdk.internal.ref.Cleaner (java.base@21.0.2)
 368:             1             40  jdk.internal.ref.CleanerImpl$CleanerCleanable (java.base@21.0.2)
 369:             1             40  sun.nio.cs.StandardCharsets$Aliases (java.base@21.0.2)
 370:             1             40  sun.nio.cs.StandardCharsets$Cache (java.base@21.0.2)
 371:             1             40  sun.nio.cs.StandardCharsets$Classes (java.base@21.0.2)
 372:             1             40  sun.nio.cs.US_ASCII$Decoder (java.base@21.0.2)
 373:             1             40  sun.nio.cs.UTF_8$Decoder (java.base@21.0.2)
 374:             1             40  sun.nio.fs.WindowsPath (java.base@21.0.2)
 375:             1             40  sun.text.resources.cldr.FormatData (java.base@21.0.2)
 376:             1             40  sun.text.resources.cldr.ext.FormatData_ru (jdk.localedata@21.0.2)
 377:             1             40  sun.util.locale.InternalLocaleBuilder (java.base@21.0.2)
 378:             1             40  sun.util.resources.Bundles$1 (java.base@21.0.2)
 379:             2             32  [Ljava.lang.StackTraceElement; (java.base@21.0.2)
 380:             1             32  [Ljava.lang.ThreadGroup; (java.base@21.0.2)
 381:             2             32  [Ljava.lang.annotation.Annotation; (java.base@21.0.2)
 382:             1             32  [Ljava.lang.module.ModuleDescriptor$Modifier; (java.base@21.0.2)
 383:             1             32  [Ljava.lang.module.ModuleDescriptor$Requires$Modifier; (java.base@21.0.2)
 384:             1             32  [Ljava.net.Proxy$Type; (java.base@21.0.2)
 385:             1             32  [Ljava.net.StandardProtocolFamily; (java.base@21.0.2)
 386:             1             32  [Ljava.time.format.DateTimeFormatterBuilder$SettingsParser; (java.base@21.0.2)
 387:             1             32  [Ljava.time.format.ResolverStyle; (java.base@21.0.2)
 388:             1             32  [Ljava.time.temporal.IsoFields$Field; (java.base@21.0.2)
 389:             1             32  [Ljava.time.temporal.JulianFields$Field; (java.base@21.0.2)
 390:             1             32  [Ljava.util.regex.Pattern$Qtype; (java.base@21.0.2)
 391:             1             32  [Ljava.util.stream.StreamShape; (java.base@21.0.2)
 392:             1             32  [Ljava.util.zip.ZipCoder$Comparison; (java.base@21.0.2)
 393:             1             32  [Ljdk.internal.module.ServicesCatalog; (java.base@21.0.2)
 394:             1             32  [Lsun.nio.fs.NativeBuffer; (java.base@21.0.2)
 395:             1             32  java.io.FileInputStream (java.base@21.0.2)
 396:             2             32  java.lang.Boolean (java.base@21.0.2)
 397:             1             32  java.lang.Module$ArchivedData (java.base@21.0.2)
 398:             1             32  java.lang.invoke.VarHandleByteArrayAsChars$ArrayHandle (java.base@21.0.2)
 399:             1             32  java.lang.invoke.VarHandleByteArrayAsDoubles$ArrayHandle (java.base@21.0.2)
 400:             1             32  java.lang.invoke.VarHandleByteArrayAsFloats$ArrayHandle (java.base@21.0.2)
 401:             1             32  java.lang.invoke.VarHandleByteArrayAsInts$ArrayHandle (java.base@21.0.2)
 402:             1             32  java.lang.invoke.VarHandleByteArrayAsLongs$ArrayHandle (java.base@21.0.2)
 403:             1             32  java.lang.invoke.VarHandleByteArrayAsShorts$ArrayHandle (java.base@21.0.2)
 404:             1             32  java.lang.module.ModuleDescriptor$Version (java.base@21.0.2)
 405:             2             32  java.lang.ref.NativeReferenceQueue$Lock (java.base@21.0.2)
 406:             2             32  java.nio.ByteOrder (java.base@21.0.2)
 407:             1             32  java.nio.DirectByteBuffer$Deallocator (java.base@21.0.2)
 408:             2             32  java.time.format.DateTimeFormatterBuilder$1 (java.base@21.0.2)
 409:             2             32  java.time.format.DateTimeFormatterBuilder$StringLiteralPrinterParser (java.base@21.0.2)
 410:             2             32  java.util.Collections$SingletonSet (java.base@21.0.2)
 411:             1             32  java.util.Collections$UnmodifiableMap (java.base@21.0.2)
 412:             2             32  java.util.HashMap$Values (java.base@21.0.2)
 413:             2             32  java.util.IdentityHashMap$KeySet (java.base@21.0.2)
 414:             2             32  java.util.ResourceBundle$SingleFormatControl (java.base@21.0.2)
 415:             2             32  java.util.concurrent.ConcurrentHashMap$EntrySetView (java.base@21.0.2)
 416:             2             32  java.util.regex.Pattern$BranchConn (java.base@21.0.2)
 417:             1             32  java.util.zip.ZipCoder$UTF8ZipCoder (java.base@21.0.2)
 418:             1             32  jdk.internal.loader.ArchivedClassLoaders (java.base@21.0.2)
 419:             2             32  jdk.internal.loader.ClassLoaderValue (java.base@21.0.2)
 420:             1             32  jdk.internal.loader.URLClassPath$FileLoader (java.base@21.0.2)
 421:             1             32  jdk.internal.org.objectweb.asm.ConstantDynamic (java.base@21.0.2)
 422:             1             32  jdk.internal.org.objectweb.asm.Handle (java.base@21.0.2)
 423:             1             32  jdk.net.ExtendedSocketOptions$1 (jdk.net@21.0.2)
 424:             1             32  sun.instrument.InstrumentationImpl (java.instrument@21.0.2)
 425:             2             32  sun.util.resources.LocaleData (java.base@21.0.2)
 426:             1             24  [Ljava.io.File$PathStatus; (java.base@21.0.2)
 427:             1             24  [Ljava.lang.ClassValue$Entry; (java.base@21.0.2)
 428:             1             24  [Ljava.lang.invoke.MethodHandles$Lookup$ClassOption; (java.base@21.0.2)
 429:             1             24  [Ljava.net.URL; (java.base@21.0.2)
 430:             1             24  [Ljava.time.temporal.IsoFields$Unit; (java.base@21.0.2)
 431:             1             24  [Ljava.util.Comparators$NaturalOrderComparator; (java.base@21.0.2)
 432:             1             24  [Ljava.util.Locale$Category; (java.base@21.0.2)
 433:             1             24  [Ljava.util.jar.Manifest; (java.base@21.0.2)
 434:             1             24  java.io.WinNTFileSystem (java.base@21.0.2)
 435:             1             24  java.lang.ClassValue$Version (java.base@21.0.2)
 436:             1             24  java.lang.Double (java.base@21.0.2)
 437:             1             24  java.lang.StringBuilder (java.base@21.0.2)
 438:             1             24  java.lang.invoke.MethodType$ConcurrentWeakInternSet (java.base@21.0.2)
 439:             1             24  java.lang.invoke.VarHandles$1 (java.base@21.0.2)
 440:             1             24  java.net.Inet6AddressImpl (java.base@21.0.2)
 441:             1             24  java.net.Proxy (java.base@21.0.2)
 442:             1             24  java.net.Socket$SocketInputStream (java.base@21.0.2)
 443:             1             24  java.time.ZoneRegion (java.base@21.0.2)
 444:             1             24  java.time.format.DecimalStyle (java.base@21.0.2)
 445:             1             24  java.time.temporal.IsoFields$Field$1 (java.base@21.0.2)
 446:             1             24  java.time.temporal.IsoFields$Field$2 (java.base@21.0.2)
 447:             1             24  java.time.temporal.IsoFields$Field$3 (java.base@21.0.2)
 448:             1             24  java.time.temporal.IsoFields$Field$4 (java.base@21.0.2)
 449:             1             24  java.time.zone.TzdbZoneRulesProvider (java.base@21.0.2)
 450:             1             24  java.util.Arrays$ArrayList (java.base@21.0.2)
 451:             1             24  java.util.Collections$EmptyMap (java.base@21.0.2)
 452:             1             24  java.util.Collections$UnmodifiableRandomAccessList (java.base@21.0.2)
 453:             1             24  java.util.Comparators$NaturalOrderComparator (java.base@21.0.2)
 454:             1             24  java.util.Locale$Cache (java.base@21.0.2)
 455:             1             24  java.util.OptionalInt (java.base@21.0.2)
 456:             1             24  java.util.ResourceBundle$Control$CandidateListCache (java.base@21.0.2)
 457:             1             24  java.util.Scanner$PatternLRUCache (java.base@21.0.2)
 458:             1             24  java.util.jar.Manifest (java.base@21.0.2)
 459:             1             24  java.util.regex.Pattern$$Lambda/0x000001409904cc60 (java.base@21.0.2)
 460:             1             24  java.util.regex.Pattern$$Lambda/0x80000002b (java.base@21.0.2)
 461:             1             24  java.util.regex.Pattern$CharProperty (java.base@21.0.2)
 462:             1             24  java.util.regex.Pattern$Dollar (java.base@21.0.2)
 463:             1             24  java.util.regex.Pattern$Slice (java.base@21.0.2)
 464:             1             24  jdk.internal.jimage.ImageReader (java.base@21.0.2)
 465:             1             24  jdk.internal.module.ModuleBootstrap$SafeModuleFinder (java.base@21.0.2)
 466:             1             24  jdk.internal.module.ModuleHashes (java.base@21.0.2)
 467:             1             24  jdk.internal.ref.CleanerImpl (java.base@21.0.2)
 468:             1             24  ru.job4j.tracker.MemTracker
 469:             1             24  sun.instrument.TransformerManager (java.instrument@21.0.2)
 470:             1             24  sun.nio.ch.Util$BufferCache (java.base@21.0.2)
 471:             1             24  sun.nio.cs.ISO_8859_1 (java.base@21.0.2)
 472:             1             24  sun.nio.cs.MS1251 (java.base@21.0.2)
 473:             1             24  sun.nio.cs.StandardCharsets (java.base@21.0.2)
 474:             1             24  sun.nio.cs.US_ASCII (java.base@21.0.2)
 475:             1             24  sun.nio.cs.UTF_16 (java.base@21.0.2)
 476:             1             24  sun.nio.cs.UTF_16BE (java.base@21.0.2)
 477:             1             24  sun.nio.cs.UTF_16LE (java.base@21.0.2)
 478:             1             24  sun.nio.cs.UTF_8 (java.base@21.0.2)
 479:             1             24  sun.nio.fs.WindowsFileSystem (java.base@21.0.2)
 480:             1             24  sun.util.cldr.CLDRTimeZoneNameProviderImpl (java.base@21.0.2)
 481:             1             24  sun.util.locale.BaseLocale$Cache (java.base@21.0.2)
 482:             1             24  sun.util.locale.provider.DecimalFormatSymbolsProviderImpl (java.base@21.0.2)
 483:             1             24  sun.util.locale.provider.LocaleServiceProviderPool (java.base@21.0.2)
 484:             1             24  sun.util.locale.provider.NumberFormatProviderImpl (java.base@21.0.2)
 485:             1             24  sun.util.locale.provider.TimeZoneNameProviderImpl (java.base@21.0.2)
 486:             1             16  [F (java.base@21.0.2)
 487:             1             16  [Ljava.lang.Throwable; (java.base@21.0.2)
 488:             1             16  [Ljava.security.cert.Certificate; (java.base@21.0.2)
 489:             1             16  [Ljava.text.FieldPosition; (java.base@21.0.2)
 490:             1             16  [Ljava.time.zone.ZoneOffsetTransitionRule; (java.base@21.0.2)
 491:             1             16  [Lsun.instrument.TransformerManager$TransformerInfo; (java.instrument@21.0.2)
 492:             1             16  java.io.FileDescriptor$1 (java.base@21.0.2)
 493:             1             16  java.io.PrintStream$1 (java.base@21.0.2)
 494:             1             16  java.io.RandomAccessFile$2 (java.base@21.0.2)
 495:             1             16  java.lang.CharacterData00 (java.base@21.0.2)
 496:             1             16  java.lang.CharacterDataLatin1 (java.base@21.0.2)
 497:             1             16  java.lang.ClassValue$Identity (java.base@21.0.2)
 498:             1             16  java.lang.Float (java.base@21.0.2)
 499:             1             16  java.lang.Runtime (java.base@21.0.2)
 500:             1             16  java.lang.String$CaseInsensitiveComparator (java.base@21.0.2)
 501:             1             16  java.lang.System$2 (java.base@21.0.2)
 502:             1             16  java.lang.Terminator$1 (java.base@21.0.2)
 503:             1             16  java.lang.invoke.ClassSpecializer$1 (java.base@21.0.2)
 504:             1             16  java.lang.invoke.MemberName$Factory (java.base@21.0.2)
 505:             1             16  java.lang.invoke.MethodHandleImpl$1 (java.base@21.0.2)
 506:             1             16  java.lang.module.ModuleDescriptor$1 (java.base@21.0.2)
 507:             1             16  java.lang.ref.Cleaner (java.base@21.0.2)
 508:             1             16  java.lang.ref.Cleaner$1 (java.base@21.0.2)
 509:             1             16  java.lang.ref.Reference$1 (java.base@21.0.2)
 510:             1             16  java.lang.reflect.AccessFlag$1 (java.base@21.0.2)
 511:             1             16  java.lang.reflect.AccessFlag$10 (java.base@21.0.2)
 512:             1             16  java.lang.reflect.AccessFlag$11 (java.base@21.0.2)
 513:             1             16  java.lang.reflect.AccessFlag$12 (java.base@21.0.2)
 514:             1             16  java.lang.reflect.AccessFlag$13 (java.base@21.0.2)
 515:             1             16  java.lang.reflect.AccessFlag$14 (java.base@21.0.2)
 516:             1             16  java.lang.reflect.AccessFlag$15 (java.base@21.0.2)
 517:             1             16  java.lang.reflect.AccessFlag$16 (java.base@21.0.2)
 518:             1             16  java.lang.reflect.AccessFlag$17 (java.base@21.0.2)
 519:             1             16  java.lang.reflect.AccessFlag$18 (java.base@21.0.2)
 520:             1             16  java.lang.reflect.AccessFlag$2 (java.base@21.0.2)
 521:             1             16  java.lang.reflect.AccessFlag$3 (java.base@21.0.2)
 522:             1             16  java.lang.reflect.AccessFlag$4 (java.base@21.0.2)
 523:             1             16  java.lang.reflect.AccessFlag$5 (java.base@21.0.2)
 524:             1             16  java.lang.reflect.AccessFlag$6 (java.base@21.0.2)
 525:             1             16  java.lang.reflect.AccessFlag$7 (java.base@21.0.2)
 526:             1             16  java.lang.reflect.AccessFlag$8 (java.base@21.0.2)
 527:             1             16  java.lang.reflect.AccessFlag$9 (java.base@21.0.2)
 528:             1             16  java.lang.reflect.ReflectAccess (java.base@21.0.2)
 529:             1             16  java.net.InetAddress$1 (java.base@21.0.2)
 530:             1             16  java.net.InetAddress$PlatformResolver (java.base@21.0.2)
 531:             1             16  java.net.URI$1 (java.base@21.0.2)
 532:             1             16  java.net.URL$3 (java.base@21.0.2)
 533:             1             16  java.net.URL$DefaultFactory (java.base@21.0.2)
 534:             1             16  java.net.spi.InetAddressResolver$LookupPolicy (java.base@21.0.2)
 535:             1             16  java.nio.Bits$1 (java.base@21.0.2)
 536:             1             16  java.nio.Buffer$1 (java.base@21.0.2)
 537:             1             16  java.nio.Buffer$2 (java.base@21.0.2)
 538:             1             16  java.security.ProtectionDomain$JavaSecurityAccessImpl (java.base@21.0.2)
 539:             1             16  java.text.DecimalFormatSymbols$$Lambda/0x80000000d (java.base@21.0.2)
 540:             1             16  java.time.ZoneOffset$$Lambda/0x80000000e (java.base@21.0.2)
 541:             1             16  java.time.chrono.IsoChronology (java.base@21.0.2)
 542:             1             16  java.time.format.DateTimeFormatter$$Lambda/0x80000000f (java.base@21.0.2)
 543:             1             16  java.time.format.DateTimeFormatter$$Lambda/0x800000010 (java.base@21.0.2)
 544:             1             16  java.time.format.DateTimeFormatterBuilder$$Lambda/0x800000011 (java.base@21.0.2)
 545:             1             16  java.time.format.DateTimeFormatterBuilder$InstantPrinterParser (java.base@21.0.2)
 546:             1             16  java.time.format.DateTimeTextProvider (java.base@21.0.2)
 547:             1             16  java.time.format.DateTimeTextProvider$1 (java.base@21.0.2)
 548:             1             16  java.util.Collections$EmptyEnumeration (java.base@21.0.2)
 549:             1             16  java.util.Collections$EmptyIterator (java.base@21.0.2)
 550:             1             16  java.util.Collections$EmptyList (java.base@21.0.2)
 551:             1             16  java.util.Collections$EmptySet (java.base@21.0.2)
 552:             1             16  java.util.EnumMap$1 (java.base@21.0.2)
 553:             1             16  java.util.Locale$Builder (java.base@21.0.2)
 554:             1             16  java.util.Map$Entry$$Lambda/0x00000140990594f8 (java.base@21.0.2)
 555:             1             16  java.util.ResourceBundle$1 (java.base@21.0.2)
 556:             1             16  java.util.ResourceBundle$Control (java.base@21.0.2)
 557:             1             16  java.util.Spliterators$EmptySpliterator$OfDouble (java.base@21.0.2)
 558:             1             16  java.util.Spliterators$EmptySpliterator$OfInt (java.base@21.0.2)
 559:             1             16  java.util.Spliterators$EmptySpliterator$OfLong (java.base@21.0.2)
 560:             1             16  java.util.Spliterators$EmptySpliterator$OfRef (java.base@21.0.2)
 561:             1             16  java.util.concurrent.ConcurrentSkipListSet (java.base@21.0.2)
 562:             1             16  java.util.jar.Attributes (java.base@21.0.2)
 563:             1             16  java.util.jar.JavaUtilJarAccessImpl (java.base@21.0.2)
 564:             1             16  java.util.regex.CharPredicates$$Lambda/0x000001409904a080 (java.base@21.0.2)
 565:             1             16  java.util.regex.CharPredicates$$Lambda/0x000001409904ab68 (java.base@21.0.2)
 566:             1             16  java.util.regex.Pattern$$Lambda/0x000001409904a4c8 (java.base@21.0.2)
 567:             1             16  java.util.regex.Pattern$$Lambda/0x0000014099051098 (java.base@21.0.2)
 568:             1             16  java.util.regex.Pattern$$Lambda/0x800000032 (java.base@21.0.2)
 569:             1             16  java.util.regex.Pattern$LastNode (java.base@21.0.2)
 570:             1             16  java.util.regex.Pattern$Node (java.base@21.0.2)
 571:             1             16  java.util.stream.Collectors$$Lambda/0x80000003a (java.base@21.0.2)
 572:             1             16  java.util.stream.Collectors$$Lambda/0x800000041 (java.base@21.0.2)
 573:             1             16  java.util.stream.Collectors$$Lambda/0x800000043 (java.base@21.0.2)
 574:             1             16  java.util.stream.Collectors$$Lambda/0x800000046 (java.base@21.0.2)
 575:             1             16  java.util.stream.FindOps$FindSink$OfInt$$Lambda/0x800000049 (java.base@21.0.2)
 576:             1             16  java.util.stream.FindOps$FindSink$OfInt$$Lambda/0x80000004a (java.base@21.0.2)
 577:             1             16  java.util.stream.FindOps$FindSink$OfInt$$Lambda/0x80000004b (java.base@21.0.2)
 578:             1             16  java.util.stream.FindOps$FindSink$OfInt$$Lambda/0x80000004c (java.base@21.0.2)
 579:             1             16  java.util.stream.FindOps$FindSink$OfRef$$Lambda/0x80000004d (java.base@21.0.2)
 580:             1             16  java.util.stream.FindOps$FindSink$OfRef$$Lambda/0x80000004e (java.base@21.0.2)
 581:             1             16  java.util.stream.FindOps$FindSink$OfRef$$Lambda/0x80000004f (java.base@21.0.2)
 582:             1             16  java.util.stream.FindOps$FindSink$OfRef$$Lambda/0x800000050 (java.base@21.0.2)
 583:             1             16  java.util.stream.Nodes$EmptyNode$OfDouble (java.base@21.0.2)
 584:             1             16  java.util.stream.Nodes$EmptyNode$OfInt (java.base@21.0.2)
 585:             1             16  java.util.stream.Nodes$EmptyNode$OfLong (java.base@21.0.2)
 586:             1             16  java.util.stream.Nodes$EmptyNode$OfRef (java.base@21.0.2)
 587:             1             16  java.util.zip.ZipFile$1 (java.base@21.0.2)
 588:             1             16  jdk.internal.jimage.ImageReaderFactory$1 (java.base@21.0.2)
 589:             1             16  jdk.internal.jimage.ImageStringsReader (java.base@21.0.2)
 590:             1             16  jdk.internal.jimage.decompressor.Decompressor (java.base@21.0.2)
 591:             1             16  jdk.internal.misc.ScopedMemoryAccess (java.base@21.0.2)
 592:             1             16  jdk.internal.misc.TerminatingThreadLocal$1 (java.base@21.0.2)
 593:             1             16  jdk.internal.misc.Unsafe (java.base@21.0.2)
 594:             1             16  jdk.internal.module.DefaultRoots$$Lambda/0x800000053 (java.base@21.0.2)
 595:             1             16  jdk.internal.module.DefaultRoots$$Lambda/0x800000054 (java.base@21.0.2)
 596:             1             16  jdk.internal.module.DefaultRoots$$Lambda/0x800000055 (java.base@21.0.2)
 597:             1             16  jdk.internal.module.DefaultRoots$$Lambda/0x800000056 (java.base@21.0.2)
 598:             1             16  jdk.internal.module.ModulePatcher (java.base@21.0.2)
 599:             1             16  jdk.internal.module.ModuleResolution (java.base@21.0.2)
 600:             1             16  jdk.internal.module.ModuleTarget (java.base@21.0.2)
 601:             1             16  jdk.internal.perf.Perf (java.base@21.0.2)
 602:             1             16  jdk.internal.reflect.ReflectionFactory (java.base@21.0.2)
 603:             1             16  jdk.internal.util.Preconditions$1 (java.base@21.0.2)
 604:             1             16  jdk.internal.util.Preconditions$2 (java.base@21.0.2)
 605:             1             16  jdk.internal.util.Preconditions$3 (java.base@21.0.2)
 606:             1             16  jdk.net.WindowsSocketOptions (jdk.net@21.0.2)
 607:             1             16  ru.job4j.tracker.ConsoleInput
 608:             1             16  ru.job4j.tracker.ConsoleOutput
 609:             1             16  ru.job4j.tracker.CreateAction
 610:             1             16  ru.job4j.tracker.CreateManyItems
 611:             1             16  ru.job4j.tracker.DeleteAction
 612:             1             16  ru.job4j.tracker.DeleteAllItems
 613:             1             16  ru.job4j.tracker.ExitAction
 614:             1             16  ru.job4j.tracker.FindAllAction
 615:             1             16  ru.job4j.tracker.FindByIdAction
 616:             1             16  ru.job4j.tracker.FindByNameAction
 617:             1             16  ru.job4j.tracker.ReplaceAction
 618:             1             16  ru.job4j.tracker.StartUI
 619:             1             16  sun.instrument.InstrumentationImpl$$Lambda/0x0000014099041d80 (java.instrument@21.0.2)
 620:             1             16  sun.net.spi.DefaultProxySelector (java.base@21.0.2)
 621:             1             16  sun.net.www.protocol.file.Handler (java.base@21.0.2)
 622:             1             16  sun.net.www.protocol.jar.Handler (java.base@21.0.2)
 623:             1             16  sun.net.www.protocol.jrt.Handler (java.base@21.0.2)
 624:             1             16  sun.nio.ch.Net$1 (java.base@21.0.2)
 625:             1             16  sun.nio.ch.NioSocketImpl$$Lambda/0x000001409904a720 (java.base@21.0.2)
 626:             1             16  sun.nio.ch.NioSocketImpl$1 (java.base@21.0.2)
 627:             1             16  sun.nio.ch.SocketDispatcher (java.base@21.0.2)
 628:             1             16  sun.nio.ch.Util$1 (java.base@21.0.2)
 630:             1             16  sun.nio.fs.WindowsFileSystemProvider (java.base@21.0.2)
 631:             1             16  sun.util.calendar.Gregorian (java.base@21.0.2)
 632:             1             16  sun.util.cldr.CLDRBaseLocaleDataMetaInfo (java.base@21.0.2)
 633:             1             16  sun.util.cldr.CLDRLocaleProviderAdapter$$Lambda/0x800000064 (java.base@21.0.2)
 634:             1             16  sun.util.cldr.CLDRLocaleProviderAdapter$$Lambda/0x800000066 (java.base@21.0.2)
 635:             1             16  sun.util.cldr.CLDRTimeZoneNameProviderImpl$AVAILABLE_IDS$$Lambda/0x0000014099055898 (java.base@21.0.2)
 636:             1             16  sun.util.locale.InternalLocaleBuilder$CaseInsensitiveChar (java.base@21.0.2)
 637:             1             16  sun.util.locale.provider.TimeZoneNameUtility$TimeZoneNameGetter (java.base@21.0.2)
 638:             1             16  sun.util.resources.LocaleData$LocaleDataStrategy (java.base@21.0.2)
 639:             1             16  sun.util.resources.cldr.provider.CLDRLocaleDataMetaInfo (jdk.localedata@21.0.2)
Total        588676       19357088
PS C:\Users\selov\projects\job4j_tracker> jmap -histo 1268
 num     #instances         #bytes  class name (module)
-------------------------------------------------------
   1:        201791       10128288  [B (java.base@21.0.2)
   2:        200970        4823280  java.lang.String (java.base@21.0.2)
   3:        190126        4563024  java.time.LocalDateTime (java.base@21.0.2)
   4:        190069        4561656  java.time.LocalDate (java.base@21.0.2)
   5:        190026        4560624  java.time.LocalTime (java.base@21.0.2)
   6:        190000        4560000  ru.job4j.tracker.Item
   7:         49755        2786280  sun.util.calendar.ZoneInfo (java.base@21.0.2)
   8:           186        2502768  Ljdk.internal.vm.FillerArray; (java.base@21.0.2)
   9:          1654        1766080  [Ljava.lang.Object; (java.base@21.0.2)
  10:          1507         184504  java.lang.Class (java.base@21.0.2)
  11:          4199         134368  java.util.HashMap$Node (java.base@21.0.2)
  12:          2813          90016  java.util.concurrent.ConcurrentHashMap$Node (java.base@21.0.2)
  13:           224          79024  [C (java.base@21.0.2)
  14:           158          74696  [I (java.base@21.0.2)
  15:           356          60800  [Ljava.util.HashMap$Node; (java.base@21.0.2)
  16:          1128          45120  java.util.LinkedHashMap$Entry (java.base@21.0.2)
  17:          2468          39488  java.time.Clock$SystemClock (java.base@21.0.2)
  18:           516          29248  [Ljava.lang.String; (java.base@21.0.2)
  19:            67          28528  [Ljava.util.concurrent.ConcurrentHashMap$Node; (java.base@21.0.2)
  20:           238          18088  [Ljava.lang.ref.SoftReference; (java.base@21.0.2)
  21:           362          17376  java.lang.invoke.MemberName (java.base@21.0.2)
  22:           357          17136  java.util.HashMap (java.base@21.0.2)
  23:           344          13760  java.lang.invoke.MethodType (java.base@21.0.2)
  24:           349          11168  java.lang.invoke.LambdaForm$Name (java.base@21.0.2)
  25:           347          11104  java.lang.invoke.MethodType$ConcurrentWeakInternSet$WeakEntry (java.base@21.0.2)
  26:           374           8976  java.lang.module.ModuleDescriptor$Exports (java.base@21.0.2)
  27:           289           8656  [Ljava.lang.Class; (java.base@21.0.2)
  28:            49           8032  [Ljava.lang.invoke.MethodHandle; (java.base@21.0.2)
  29:           303           7272  java.lang.invoke.ResolvedMethodName (java.base@21.0.2)
  30:           256           6144  java.lang.Long (java.base@21.0.2)
  31:            89           5696  java.util.concurrent.ConcurrentHashMap (java.base@21.0.2)
  32:           140           5600  java.lang.ref.SoftReference (java.base@21.0.2)
  33:            70           5600  java.net.URI (java.base@21.0.2)
  34:           230           5520  java.util.ImmutableCollections$Set12 (java.base@21.0.2)
  35:           172           5504  java.lang.module.ModuleDescriptor$Requires (java.base@21.0.2)
  36:           113           5424  java.lang.invoke.LambdaForm (java.base@21.0.2)
  37:           118           5016  [Ljava.lang.invoke.LambdaForm$Name; (java.base@21.0.2)
  38:           195           4680  jdk.internal.module.ServicesCatalog$ServiceProvider (java.base@21.0.2)
  39:           145           4640  java.lang.invoke.MethodTypeForm (java.base@21.0.2)
  40:            70           4480  java.lang.module.ModuleDescriptor (java.base@21.0.2)
  41:           272           4352  java.util.HashSet (java.base@21.0.2)
  42:           267           4272  java.lang.Integer (java.base@21.0.2)
  43:            70           3920  jdk.internal.module.ModuleReferenceImpl (java.base@21.0.2)
  44:            69           3864  java.lang.Module (java.base@21.0.2)
  45:           152           3648  java.util.ImmutableCollections$SetN (java.base@21.0.2)
  46:            90           3600  java.math.BigInteger (java.base@21.0.2)
  47:           215           3440  java.lang.Object (java.base@21.0.2)
  48:            83           3320  java.lang.invoke.DirectMethodHandle (java.base@21.0.2)
  49:           129           3096  java.lang.invoke.LambdaForm$NamedFunction (java.base@21.0.2)
  50:            12           2688  [J (java.base@21.0.2)
  51:           103           2472  [[C (java.base@21.0.2)
  52:            68           2176  java.lang.invoke.LambdaForm$Kind (java.base@21.0.2)
  53:           128           2048  java.lang.Character (java.base@21.0.2)
  54:            62           1984  jdk.internal.loader.BuiltinClassLoader$LoadedModule (java.base@21.0.2)
  55:            77           1848  java.util.ImmutableCollections$List12 (java.base@21.0.2)
  56:            74           1776  java.util.concurrent.CopyOnWriteArrayList (java.base@21.0.2)
  57:            20           1760  java.lang.reflect.Method (java.base@21.0.2)
  58:            70           1680  jdk.internal.module.SystemModuleFinders$2 (java.base@21.0.2)
  59:            25           1600  java.net.URL (java.base@21.0.2)
  60:            33           1584  java.time.temporal.ValueRange (java.base@21.0.2)
  61:            65           1560  java.lang.module.ModuleDescriptor$Provides (java.base@21.0.2)
  62:            38           1520  java.io.ObjectStreamField (java.base@21.0.2)
  63:            38           1520  java.lang.invoke.BoundMethodHandle$Species_L (java.base@21.0.2)
  64:            63           1512  java.lang.module.ResolvedModule (java.base@21.0.2)
  65:            63           1512  jdk.internal.module.SystemModuleFinders$SystemModuleReader (java.base@21.0.2)
  66:            61           1464  jdk.internal.module.ModuleReferenceImpl$CachedHash (java.base@21.0.2)
  67:            10           1440  [Ljava.lang.invoke.MemberName; (java.base@21.0.2)
  68:            30           1440  java.time.temporal.ChronoField (java.base@21.0.2)
  69:             1           1424  [[B (java.base@21.0.2)
  70:            22           1408  java.lang.Class$ReflectionData (java.base@21.0.2)
  71:            29           1392  java.lang.invoke.DirectMethodHandle$Constructor (java.base@21.0.2)
  72:             6           1376  [Z (java.base@21.0.2)
  73:            42           1344  java.util.concurrent.locks.ReentrantLock$NonfairSync (java.base@21.0.2)
  74:            27           1296  java.lang.invoke.LambdaFormEditor$Transform (java.base@21.0.2)
  75:            17           1224  java.lang.reflect.Constructor (java.base@21.0.2)
  76:            25           1200  jdk.internal.ref.CleanerImpl$PhantomCleanableRef (java.base@21.0.2)
  77:            38           1184  [Ljava.math.BigInteger; (java.base@21.0.2)
  78:            11           1144  java.util.jar.JarFile$JarFileEntry (java.base@21.0.2)
  79:            69           1104  java.util.HashMap$KeySet (java.base@21.0.2)
  80:            66           1056  jdk.internal.module.SystemModuleFinders$3 (java.base@21.0.2)
  81:             1           1040  [Ljava.lang.Integer; (java.base@21.0.2)
  82:             1           1040  [Ljava.lang.Long; (java.base@21.0.2)
  83:            26           1040  sun.util.locale.LocaleObjectCache$CacheEntry (java.base@21.0.2)
  84:            31            992  java.lang.invoke.VarHandle$AccessMode (java.base@21.0.2)
  85:            31            992  java.util.Locale (java.base@21.0.2)
  86:            31            992  sun.util.locale.BaseLocale (java.base@21.0.2)
  87:            12            960  [Ljava.util.WeakHashMap$Entry; (java.base@21.0.2)
  88:             8            960  java.lang.Thread (java.base@21.0.2)
  89:            20            960  java.lang.invoke.DirectMethodHandle$Accessor (java.base@21.0.2)
  90:            28            944  [Ljava.time.format.DateTimeFormatterBuilder$DateTimePrinterParser; (java.base@21.0.2)
  91:            23            920  java.lang.reflect.AccessFlag (java.base@21.0.2)
  92:            16            896  java.nio.HeapCharBuffer (java.base@21.0.2)
  93:            11            880  java.util.zip.ZipFile$Source (java.base@21.0.2)
  94:            27            864  java.lang.ref.ReferenceQueue (java.base@21.0.2)
  95:            33            792  java.util.ImmutableCollections$ListN (java.base@21.0.2)
  96:            24            768  java.time.format.DateTimeFormatterBuilder$NumberPrinterParser (java.base@21.0.2)
  97:            22            704  java.lang.reflect.ClassFileFormatVersion (java.base@21.0.2)
  98:            11            704  sun.nio.fs.WindowsFileAttributes (java.base@21.0.2)
  99:            28            672  java.time.format.DateTimeFormatterBuilder$CompositePrinterParser (java.base@21.0.2)
 100:            42            672  java.util.concurrent.locks.ReentrantLock (java.base@21.0.2)
 101:            27            648  java.util.concurrent.locks.AbstractQueuedSynchronizer$ConditionObject (java.base@21.0.2)
 102:            27            648  java.util.jar.Attributes$Name (java.base@21.0.2)
 103:            16            640  java.time.format.DateTimeFormatter (java.base@21.0.2)
 104:            20            640  java.util.regex.Pattern$Curly (java.base@21.0.2)
 105:            10            640  java.util.zip.Inflater (java.base@21.0.2)
 106:             3            624  [Ljava.lang.invoke.LambdaForm; (java.base@21.0.2)
 107:            11            616  java.io.FileCleanable (java.base@21.0.2)
 108:            11            616  java.util.jar.JarFile (java.base@21.0.2)
 109:            15            600  java.io.FileDescriptor (java.base@21.0.2)
 110:            12            576  java.util.WeakHashMap (java.base@21.0.2)
 111:             7            560  java.util.concurrent.TimeUnit (java.base@21.0.2)
 112:            10            560  sun.invoke.util.Wrapper (java.base@21.0.2)
 113:             1            528  [Ljava.lang.Character; (java.base@21.0.2)
 114:             2            528  [Ljava.time.LocalDateTime; (java.base@21.0.2)
 115:             6            528  java.util.regex.Pattern (java.base@21.0.2)
 116:            11            528  jdk.internal.loader.URLClassPath$JarLoader (java.base@21.0.2)
 117:            12            512  [Ljava.lang.invoke.MethodType; (java.base@21.0.2)
 118:             8            512  java.nio.DirectByteBuffer (java.base@21.0.2)
 119:            16            512  java.time.temporal.ChronoUnit (java.base@21.0.2)
 120:            21            504  java.lang.invoke.Invokers (java.base@21.0.2)
 121:            21            504  java.util.AbstractMap$SimpleImmutableEntry (java.base@21.0.2)
 122:            21            504  java.util.regex.Pattern$BmpCharProperty (java.base@21.0.2)
 123:            12            480  java.lang.OutOfMemoryError (java.base@21.0.2)
 124:            12            480  java.lang.Thread$FieldHolder (java.base@21.0.2)
 125:            12            480  java.security.AccessControlContext (java.base@21.0.2)
 126:            20            480  java.util.ArrayList (java.base@21.0.2)
 127:            19            456  java.time.Duration (java.base@21.0.2)
 128:             7            448  java.util.LinkedHashMap (java.base@21.0.2)
 129:            11            440  java.io.RandomAccessFile (java.base@21.0.2)
 130:             1            432  [[[C (java.base@21.0.2)
 131:            12            384  java.io.File (java.base@21.0.2)
 132:             8            384  java.lang.invoke.BoundMethodHandle$SpeciesData (java.base@21.0.2)
 133:            12            384  sun.util.locale.BaseLocale$Key (java.base@21.0.2)
 134:            12            368  [Ljava.io.ObjectStreamField; (java.base@21.0.2)
 135:            23            368  java.time.format.DateTimeFormatterBuilder$CharLiteralPrinterParser (java.base@21.0.2)
 136:            22            352  java.util.regex.Pattern$$Lambda/0x80000002a (java.base@21.0.2)
 137:            11            352  java.util.zip.ZipFile$CleanableResource (java.base@21.0.2)
 138:             3            344  [D (java.base@21.0.2)
 139:            14            336  [Ljava.lang.reflect.Constructor; (java.base@21.0.2)
 140:             5            336  [Lsun.invoke.util.Wrapper; (java.base@21.0.2)
 141:             5            336  [S (java.base@21.0.2)
 142:             7            336  java.lang.invoke.VarHandleReferences$FieldInstanceReadWrite (java.base@21.0.2)
 143:             6            336  java.nio.DirectLongBufferU (java.base@21.0.2)
 144:            14            336  java.util.Collections$SetFromMap (java.base@21.0.2)
 145:             2            328  [Ljava.time.ZoneOffset; (java.base@21.0.2)
 146:             8            320  [Ljava.lang.invoke.BoundMethodHandle$SpeciesData; (java.base@21.0.2)
 147:             8            320  java.lang.invoke.BoundMethodHandle$Species_LL (java.base@21.0.2)
 148:            10            320  java.lang.invoke.VarForm (java.base@21.0.2)
 149:             8            320  sun.util.resources.Bundles$BundleReference (java.base@21.0.2)
 150:            13            312  jdk.internal.reflect.DirectConstructorHandleAccessor (java.base@21.0.2)
 151:             1            288  [Ljava.lang.invoke.LambdaForm$Kind; (java.base@21.0.2)
 152:             6            288  java.lang.invoke.MethodHandleImpl$IntrinsicMethodHandle (java.base@21.0.2)
 153:            12            288  java.util.ArrayDeque (java.base@21.0.2)
 154:             6            288  java.util.stream.StreamOpFlag (java.base@21.0.2)
 155:             9            288  jdk.internal.org.objectweb.asm.Type (java.base@21.0.2)
 156:             5            280  java.nio.HeapByteBuffer (java.base@21.0.2)
 157:             7            280  java.security.ProtectionDomain (java.base@21.0.2)
 158:             7            280  jdk.internal.loader.NativeLibraries$NativeLibraryImpl (java.base@21.0.2)
 159:            11            264  java.lang.invoke.MethodHandleImpl$Intrinsic (java.base@21.0.2)
 160:            11            264  java.util.zip.ZipFile$Source$Key (java.base@21.0.2)
 161:             8            256  java.lang.invoke.SimpleMethodHandle (java.base@21.0.2)
 162:             8            256  java.math.RoundingMode (java.base@21.0.2)
 163:             8            256  sun.util.resources.Bundles$CacheKey (java.base@21.0.2)
 164:             5            240  [Ljava.lang.invoke.LambdaForm$NamedFunction; (java.base@21.0.2)
 165:             6            240  java.lang.invoke.LambdaForm$BasicType (java.base@21.0.2)
 166:            10            240  java.nio.charset.CoderResult (java.base@21.0.2)
 167:            10            240  java.nio.file.StandardOpenOption (java.base@21.0.2)
 168:             6            240  java.security.CodeSource (java.base@21.0.2)
 169:             6            240  java.util.EnumMap (java.base@21.0.2)
 170:            10            240  java.util.zip.Inflater$InflaterZStreamRef (java.base@21.0.2)
 171:             8            224  [Ljava.lang.reflect.Method; (java.base@21.0.2)
 172:             9            216  java.lang.reflect.AccessFlag$Location (java.base@21.0.2)
 173:             5            200  java.lang.invoke.VarHandle$AccessDescriptor (java.base@21.0.2)
 174:             5            200  java.util.WeakHashMap$Entry (java.base@21.0.2)
 175:             5            200  sun.util.locale.provider.LocaleProviderAdapter$Type (java.base@21.0.2)
 176:             5            200  sun.util.locale.provider.LocaleResources (java.base@21.0.2)
 177:             3            192  java.nio.DirectByteBufferR (java.base@21.0.2)
 178:             8            192  java.time.ZoneOffset (java.base@21.0.2)
 179:             6            192  java.time.format.TextStyle (java.base@21.0.2)
 180:             6            192  java.util.Hashtable$Entry (java.base@21.0.2)
 181:            12            192  java.util.WeakHashMap$KeySet (java.base@21.0.2)
 182:            12            192  jdk.internal.misc.InternalLock (java.base@21.0.2)
 183:             1            168  [[Ljava.math.BigInteger; (java.base@21.0.2)
 184:             3            168  java.util.Properties (java.base@21.0.2)
 185:             7            168  jdk.net.ExtendedSocketOptions$ExtSocketOption (jdk.net@21.0.2)
 186:             2            160  [Ljava.lang.ThreadLocal$ThreadLocalMap$Entry; (java.base@21.0.2)
 187:             5            160  java.lang.invoke.VarHandle$AccessType (java.base@21.0.2)
 188:             5            160  java.net.InetAddress$InetAddressHolder (java.base@21.0.2)
 189:             5            160  java.util.RegularEnumSet (java.base@21.0.2)
 190:             2            152  [[Ljava.lang.String; (java.base@21.0.2)
 191:             1            144  [Ljava.lang.invoke.VarHandle$AccessMode; (java.base@21.0.2)
 192:             6            144  java.lang.Thread$State (java.base@21.0.2)
 193:             3            144  java.lang.ThreadGroup (java.base@21.0.2)
 194:             3            144  java.lang.invoke.MethodHandleImpl$AsVarargsCollector (java.base@21.0.2)
 195:             3            144  java.time.temporal.JulianFields$Field (java.base@21.0.2)
 196:             9            144  java.util.Collections$UnmodifiableSet (java.base@21.0.2)
 197:             3            144  java.util.Hashtable (java.base@21.0.2)
 198:             1            144  java.util.Scanner (java.base@21.0.2)
 199:             6            144  jdk.internal.perf.PerfCounter (java.base@21.0.2)
 200:             1            136  [Ljava.time.temporal.ChronoField; (java.base@21.0.2)
 201:             3            128  [Ljava.util.Hashtable$Entry; (java.base@21.0.2)
 202:             1            128  com.intellij.rt.execution.application.AppMainV2$1
 203:             4            128  java.lang.ThreadLocal$ThreadLocalMap$Entry (java.base@21.0.2)
 204:             4            128  java.lang.module.ModuleDescriptor$Modifier (java.base@21.0.2)
 205:             4            128  java.lang.module.ModuleDescriptor$Requires$Modifier (java.base@21.0.2)
 206:             4            128  java.time.format.DateTimeFormatterBuilder$TextPrinterParser (java.base@21.0.2)
 207:             4            128  java.util.ImmutableCollections$MapN (java.base@21.0.2)
 208:             4            128  java.util.stream.FindOps$FindOp (java.base@21.0.2)
 209:             4            128  jdk.internal.loader.NativeLibraries (java.base@21.0.2)
 210:             4            128  jdk.internal.reflect.DirectMethodHandleAccessor (java.base@21.0.2)
 211:             3            120  [Ljava.lang.invoke.LambdaForm$BasicType; (java.base@21.0.2)
 212:             5            120  java.lang.module.ModuleDescriptor$Opens (java.base@21.0.2)
 213:             1            120  java.lang.ref.Finalizer$FinalizerThread (java.base@21.0.2)
 214:             1            120  java.lang.ref.Reference$ReferenceHandler (java.base@21.0.2)
 215:             5            120  java.time.format.SignStyle (java.base@21.0.2)
 216:             5            120  java.util.stream.StreamOpFlag$Type (java.base@21.0.2)
 217:             1            120  jdk.internal.misc.InnocuousThread (java.base@21.0.2)
 218:             5            120  sun.nio.fs.WindowsPathType (java.base@21.0.2)
 219:             3            120  sun.util.locale.provider.LocaleResources$ResourceReference (java.base@21.0.2)
 220:             1            112  [Ljava.lang.reflect.AccessFlag; (java.base@21.0.2)
 221:             7            112  [Ljava.security.Principal; (java.base@21.0.2)
 222:             1            112  [Ljava.time.LocalTime; (java.base@21.0.2)
 223:             2            112  java.nio.DirectIntBufferRU (java.base@21.0.2)
 224:             7            112  java.security.ProtectionDomain$Key (java.base@21.0.2)
 225:             2            112  sun.nio.cs.StreamEncoder (java.base@21.0.2)
 226:             1            104  [Ljava.lang.reflect.ClassFileFormatVersion; (java.base@21.0.2)
 227:             1            104  jdk.internal.loader.ClassLoaders$AppClassLoader (java.base@21.0.2)
 228:             1            104  jdk.internal.loader.ClassLoaders$BootClassLoader (java.base@21.0.2)
 229:             1            104  jdk.internal.loader.ClassLoaders$PlatformClassLoader (java.base@21.0.2)
 230:             1             96  [Lsun.util.locale.BaseLocale; (java.base@21.0.2)
 231:             2             96  java.io.PrintStream (java.base@21.0.2)
 232:             3             96  java.lang.Runtime$Version (java.base@21.0.2)
 233:             2             96  java.lang.invoke.BoundMethodHandle$Species_LJ (java.base@21.0.2)
 234:             2             96  java.lang.invoke.BoundMethodHandle$Species_LLLL (java.base@21.0.2)
 235:             3             96  java.lang.invoke.MethodHandles$Lookup (java.base@21.0.2)
 236:             3             96  java.lang.ref.WeakReference (java.base@21.0.2)
 237:             4             96  java.time.format.DateTimeFormatterBuilder$OffsetIdPrinterParser (java.base@21.0.2)
 238:             4             96  java.time.format.DateTimeFormatterBuilder$SettingsParser (java.base@21.0.2)
 239:             3             96  java.util.HexFormat (java.base@21.0.2)
 240:             4             96  java.util.LinkedHashMap$LinkedKeySet (java.base@21.0.2)
 241:             2             96  java.util.Locale$Category (java.base@21.0.2)
 242:             6             96  java.util.concurrent.atomic.AtomicInteger (java.base@21.0.2)
 243:             3             96  java.util.concurrent.locks.AbstractQueuedSynchronizer$ConditionNode (java.base@21.0.2)
 244:             4             96  java.util.regex.Pattern$BmpCharPropertyGreedy (java.base@21.0.2)
 245:             4             96  java.util.regex.Pattern$CharPropertyGreedy (java.base@21.0.2)
 246:             4             96  java.util.regex.Pattern$Qtype (java.base@21.0.2)
 247:             4             96  java.util.regex.Pattern$Start (java.base@21.0.2)
 248:             4             96  java.util.stream.StreamShape (java.base@21.0.2)
 249:             1             96  jdk.internal.jimage.ImageReader$SharedImageReader (java.base@21.0.2)
 250:             3             96  jdk.internal.util.ClassFileDumper (java.base@21.0.2)
 251:             4             96  jdk.internal.util.OperatingSystem (java.base@21.0.2)
 252:             3             96  sun.net.spi.DefaultProxySelector$NonProxyInfo (java.base@21.0.2)
 253:             2             96  sun.nio.cs.StreamDecoder (java.base@21.0.2)
 254:             2             96  sun.nio.cs.UTF_8$Encoder (java.base@21.0.2)
 255:             2             80  [Ljava.lang.OutOfMemoryError; (java.base@21.0.2)
 256:             1             80  [Ljava.nio.ByteBuffer; (java.base@21.0.2)
 257:             1             80  [Ljava.time.temporal.ChronoUnit; (java.base@21.0.2)
 258:             2             80  [Ljava.util.stream.StreamOpFlag$Type; (java.base@21.0.2)
 259:             2             80  [[Ljava.lang.invoke.MethodHandle; (java.base@21.0.2)
 260:             2             80  java.io.BufferedOutputStream (java.base@21.0.2)
 261:             2             80  java.io.BufferedWriter (java.base@21.0.2)
 262:             2             80  java.lang.ModuleLayer (java.base@21.0.2)
 263:             2             80  java.lang.module.Configuration (java.base@21.0.2)
 264:             2             80  java.lang.ref.NativeReferenceQueue (java.base@21.0.2)
 265:             2             80  java.util.Collections$SingletonMap (java.base@21.0.2)
 266:             2             80  java.util.IdentityHashMap (java.base@21.0.2)
 267:             1             80  java.util.regex.Matcher (java.base@21.0.2)
 268:             5             80  java.util.regex.Pattern$BitClass (java.base@21.0.2)
 269:             1             80  sun.nio.ch.NioSocketImpl (java.base@21.0.2)
 270:             1             80  sun.util.cldr.CLDRLocaleProviderAdapter (java.base@21.0.2)
 271:             1             80  sun.util.locale.provider.JRELocaleProviderAdapter (java.base@21.0.2)
 272:             3             72  [Ljava.security.ProtectionDomain; (java.base@21.0.2)
 273:             3             72  java.lang.NamedPackage (java.base@21.0.2)
 274:             3             72  java.lang.RuntimePermission (java.base@21.0.2)
 275:             3             72  java.lang.WeakPairMap (java.base@21.0.2)
 276:             3             72  java.net.Inet4Address (java.base@21.0.2)
 277:             3             72  java.net.Proxy$Type (java.base@21.0.2)
 278:             3             72  java.net.StandardProtocolFamily (java.base@21.0.2)
 279:             3             72  java.security.Permissions (java.base@21.0.2)
 280:             3             72  java.time.Instant (java.base@21.0.2)
 281:             3             72  java.time.format.ResolverStyle (java.base@21.0.2)
 282:             3             72  java.util.concurrent.atomic.AtomicLong (java.base@21.0.2)
 283:             3             72  java.util.regex.Pattern$GroupHead (java.base@21.0.2)
 284:             3             72  java.util.regex.Pattern$GroupTail (java.base@21.0.2)
 285:             3             72  java.util.stream.Collector$Characteristics (java.base@21.0.2)
 286:             3             72  java.util.zip.ZipCoder$Comparison (java.base@21.0.2)
 287:             3             72  sun.security.util.LazyCodeSourcePermissionCollection (java.base@21.0.2)
 288:             2             64  [Ljava.lang.invoke.LambdaFormEditor$Transform; (java.base@21.0.2)
 289:             1             64  [Ljava.lang.invoke.MethodHandleImpl$Intrinsic; (java.base@21.0.2)
 290:             2             64  [Ljava.nio.charset.CoderResult; (java.base@21.0.2)
 291:             2             64  [Ljava.util.stream.Collector$Characteristics; (java.base@21.0.2)
 292:             2             64  [Ljdk.internal.util.OperatingSystem; (java.base@21.0.2)
 293:             2             64  java.io.FileOutputStream (java.base@21.0.2)
 294:             2             64  java.lang.ClassValue$Entry (java.base@21.0.2)
 295:             2             64  java.lang.Package (java.base@21.0.2)
 296:             2             64  java.lang.invoke.MethodHandles$Lookup$ClassOption (java.base@21.0.2)
 297:             2             64  java.lang.ref.ReferenceQueue$Null (java.base@21.0.2)
 298:             2             64  java.net.Inet6Address$Inet6AddressHolder (java.base@21.0.2)
 299:             1             64  java.net.SocksSocketImpl (java.base@21.0.2)
 300:             2             64  java.time.temporal.IsoFields$Unit (java.base@21.0.2)
 301:             4             64  java.util.concurrent.ConcurrentHashMap$ValuesView (java.base@21.0.2)
 302:             2             64  java.util.regex.Pattern$Branch (java.base@21.0.2)
 303:             4             64  jdk.internal.module.ServicesCatalog (java.base@21.0.2)
 304:             4             64  jdk.internal.util.Preconditions$4 (java.base@21.0.2)
 305:             2             64  sun.nio.fs.NativeBuffer (java.base@21.0.2)
 306:             1             56  [Ljava.lang.reflect.AccessFlag$Location; (java.base@21.0.2)
 307:             1             56  [Ljava.nio.file.StandardOpenOption; (java.base@21.0.2)
 308:             1             56  [[I (java.base@21.0.2)
 309:             1             56  java.lang.invoke.BoundMethodHandle$Specializer (java.base@21.0.2)
 310:             1             56  java.lang.invoke.BoundMethodHandle$Species_LLLLL (java.base@21.0.2)
 311:             1             56  jdk.internal.org.objectweb.asm.Label (java.base@21.0.2)
 312:             1             48  [Ljava.math.RoundingMode; (java.base@21.0.2)
 313:             1             48  [Ljava.util.concurrent.TimeUnit; (java.base@21.0.2)
 314:             3             48  [Ljava.util.regex.IntHashSet; (java.base@21.0.2)
 315:             2             48  [Ljava.util.regex.Pattern$Node; (java.base@21.0.2)
 316:             1             48  java.io.BufferedInputStream (java.base@21.0.2)
 317:             1             48  java.io.BufferedReader (java.base@21.0.2)
 318:             2             48  java.io.File$PathStatus (java.base@21.0.2)
 319:             2             48  java.io.InputStreamReader (java.base@21.0.2)
 320:             2             48  java.io.OutputStreamWriter (java.base@21.0.2)
 321:             1             48  java.lang.NullPointerException (java.base@21.0.2)
 322:             2             48  java.lang.ThreadLocal$ThreadLocalMap (java.base@21.0.2)
 323:             1             48  java.lang.invoke.BoundMethodHandle$Specializer$Factory (java.base@21.0.2)
 324:             1             48  java.lang.invoke.BoundMethodHandle$Species_LLJ (java.base@21.0.2)
 325:             1             48  java.lang.invoke.BoundMethodHandle$Species_LLL (java.base@21.0.2)
 326:             2             48  java.net.Inet6Address (java.base@21.0.2)
 327:             3             48  java.nio.charset.CodingErrorAction (java.base@21.0.2)
 328:             2             48  java.security.BasicPermissionCollection (java.base@21.0.2)
 329:             3             48  java.security.SecureClassLoader$CodeSourceKey (java.base@21.0.2)
 330:             2             48  java.time.format.DateTimeFormatterBuilder$ZoneIdPrinterParser (java.base@21.0.2)
 331:             2             48  java.time.format.DateTimeTextProvider$LocaleStore (java.base@21.0.2)
 332:             3             48  java.util.HashMap$EntrySet (java.base@21.0.2)
 333:             2             48  java.util.LinkedHashMap$LinkedEntrySet (java.base@21.0.2)
 334:             3             48  java.util.Optional (java.base@21.0.2)
 335:             3             48  java.util.ResourceBundle$NoFallbackControl (java.base@21.0.2)
 336:             2             48  java.util.concurrent.ConcurrentHashMap$KeySetView (java.base@21.0.2)
 337:             1             48  java.util.concurrent.ConcurrentSkipListMap (java.base@21.0.2)
 338:             2             48  java.util.regex.Pattern$$Lambda/0x800000033 (java.base@21.0.2)
 339:             2             48  java.util.regex.Pattern$StartS (java.base@21.0.2)
 340:             1             48  jdk.internal.jimage.ImageHeader (java.base@21.0.2)
 341:             2             48  jdk.internal.misc.Signal (java.base@21.0.2)
 342:             2             48  jdk.internal.misc.Signal$NativeHandler (java.base@21.0.2)
 343:             2             48  jdk.internal.reflect.ReflectionFactory$Config (java.base@21.0.2)
 344:             2             48  sun.nio.fs.NativeBuffer$Deallocator (java.base@21.0.2)
 345:             1             48  sun.util.resources.TimeZoneNames (java.base@21.0.2)
 346:             1             48  sun.util.resources.TimeZoneNames_en (java.base@21.0.2)
 347:             1             48  sun.util.resources.cldr.TimeZoneNames (java.base@21.0.2)
 348:             1             48  sun.util.resources.cldr.TimeZoneNames_en (java.base@21.0.2)
 349:             1             40  [Ljava.lang.Thread$State; (java.base@21.0.2)
 350:             1             40  [Ljava.lang.invoke.VarHandle$AccessType; (java.base@21.0.2)
 351:             1             40  [Ljava.time.format.SignStyle; (java.base@21.0.2)
 352:             1             40  [Ljava.time.format.TextStyle; (java.base@21.0.2)
 353:             1             40  [Ljava.util.stream.StreamOpFlag; (java.base@21.0.2)
 354:             1             40  [Lsun.nio.fs.WindowsPathType; (java.base@21.0.2)
 355:             1             40  [Lsun.util.locale.provider.LocaleProviderAdapter$Type; (java.base@21.0.2)
 356:             1             40  [[Ljava.lang.invoke.LambdaForm$Name; (java.base@21.0.2)
 357:             1             40  java.lang.ArithmeticException (java.base@21.0.2)
 358:             1             40  java.lang.Package$VersionInfo (java.base@21.0.2)
 359:             1             40  java.lang.VirtualMachineError (java.base@21.0.2)
 360:             1             40  java.lang.invoke.DirectMethodHandle$Interface (java.base@21.0.2)
 361:             1             40  java.lang.invoke.VarHandleInts$FieldInstanceReadWrite (java.base@21.0.2)
 362:             1             40  java.net.Socket (java.base@21.0.2)
 363:             1             40  java.time.format.DateTimeFormatterBuilder$NanosPrinterParser (java.base@21.0.2)
 364:             1             40  java.time.zone.ZoneRules (java.base@21.0.2)
 365:             1             40  java.util.ResourceBundle$2 (java.base@21.0.2)
 366:             1             40  jdk.internal.loader.URLClassPath (java.base@21.0.2)
 367:             1             40  jdk.internal.ref.Cleaner (java.base@21.0.2)
 368:             1             40  jdk.internal.ref.CleanerImpl$CleanerCleanable (java.base@21.0.2)
 369:             1             40  sun.nio.cs.StandardCharsets$Aliases (java.base@21.0.2)
 370:             1             40  sun.nio.cs.StandardCharsets$Cache (java.base@21.0.2)
 371:             1             40  sun.nio.cs.StandardCharsets$Classes (java.base@21.0.2)
 372:             1             40  sun.nio.cs.US_ASCII$Decoder (java.base@21.0.2)
 373:             1             40  sun.nio.cs.UTF_8$Decoder (java.base@21.0.2)
 374:             1             40  sun.nio.fs.WindowsPath (java.base@21.0.2)
 375:             1             40  sun.text.resources.cldr.FormatData (java.base@21.0.2)
 376:             1             40  sun.text.resources.cldr.ext.FormatData_ru (jdk.localedata@21.0.2)
 377:             1             40  sun.util.locale.InternalLocaleBuilder (java.base@21.0.2)
 378:             1             40  sun.util.resources.Bundles$1 (java.base@21.0.2)
 379:             2             32  [Ljava.lang.StackTraceElement; (java.base@21.0.2)
 380:             1             32  [Ljava.lang.ThreadGroup; (java.base@21.0.2)
 381:             2             32  [Ljava.lang.annotation.Annotation; (java.base@21.0.2)
 382:             1             32  [Ljava.lang.module.ModuleDescriptor$Modifier; (java.base@21.0.2)
 383:             1             32  [Ljava.lang.module.ModuleDescriptor$Requires$Modifier; (java.base@21.0.2)
 384:             1             32  [Ljava.net.Proxy$Type; (java.base@21.0.2)
 385:             1             32  [Ljava.net.StandardProtocolFamily; (java.base@21.0.2)
 386:             1             32  [Ljava.time.format.DateTimeFormatterBuilder$SettingsParser; (java.base@21.0.2)
 387:             1             32  [Ljava.time.format.ResolverStyle; (java.base@21.0.2)
 388:             1             32  [Ljava.time.temporal.IsoFields$Field; (java.base@21.0.2)
 389:             1             32  [Ljava.time.temporal.JulianFields$Field; (java.base@21.0.2)
 390:             1             32  [Ljava.util.regex.Pattern$Qtype; (java.base@21.0.2)
 391:             1             32  [Ljava.util.stream.StreamShape; (java.base@21.0.2)
 392:             1             32  [Ljava.util.zip.ZipCoder$Comparison; (java.base@21.0.2)
 393:             1             32  [Ljdk.internal.module.ServicesCatalog; (java.base@21.0.2)
 394:             1             32  [Lsun.nio.fs.NativeBuffer; (java.base@21.0.2)
 395:             1             32  java.io.FileInputStream (java.base@21.0.2)
 396:             2             32  java.lang.Boolean (java.base@21.0.2)
 397:             1             32  java.lang.Module$ArchivedData (java.base@21.0.2)
 398:             1             32  java.lang.invoke.VarHandleByteArrayAsChars$ArrayHandle (java.base@21.0.2)
 399:             1             32  java.lang.invoke.VarHandleByteArrayAsDoubles$ArrayHandle (java.base@21.0.2)
 400:             1             32  java.lang.invoke.VarHandleByteArrayAsFloats$ArrayHandle (java.base@21.0.2)
 401:             1             32  java.lang.invoke.VarHandleByteArrayAsInts$ArrayHandle (java.base@21.0.2)
 402:             1             32  java.lang.invoke.VarHandleByteArrayAsLongs$ArrayHandle (java.base@21.0.2)
 403:             1             32  java.lang.invoke.VarHandleByteArrayAsShorts$ArrayHandle (java.base@21.0.2)
 404:             1             32  java.lang.module.ModuleDescriptor$Version (java.base@21.0.2)
 405:             2             32  java.lang.ref.NativeReferenceQueue$Lock (java.base@21.0.2)
 406:             2             32  java.nio.ByteOrder (java.base@21.0.2)
 407:             1             32  java.nio.DirectByteBuffer$Deallocator (java.base@21.0.2)
 408:             2             32  java.time.format.DateTimeFormatterBuilder$1 (java.base@21.0.2)
 409:             2             32  java.time.format.DateTimeFormatterBuilder$StringLiteralPrinterParser (java.base@21.0.2)
 410:             2             32  java.util.Collections$SingletonSet (java.base@21.0.2)
 411:             1             32  java.util.Collections$UnmodifiableMap (java.base@21.0.2)
 412:             2             32  java.util.HashMap$Values (java.base@21.0.2)
 413:             2             32  java.util.IdentityHashMap$KeySet (java.base@21.0.2)
 414:             2             32  java.util.ResourceBundle$SingleFormatControl (java.base@21.0.2)
 415:             2             32  java.util.concurrent.ConcurrentHashMap$EntrySetView (java.base@21.0.2)
 416:             2             32  java.util.regex.Pattern$BranchConn (java.base@21.0.2)
 417:             1             32  java.util.zip.ZipCoder$UTF8ZipCoder (java.base@21.0.2)
 418:             1             32  jdk.internal.loader.ArchivedClassLoaders (java.base@21.0.2)
 419:             2             32  jdk.internal.loader.ClassLoaderValue (java.base@21.0.2)
 420:             1             32  jdk.internal.loader.URLClassPath$FileLoader (java.base@21.0.2)
 421:             1             32  jdk.internal.org.objectweb.asm.ConstantDynamic (java.base@21.0.2)
 422:             1             32  jdk.internal.org.objectweb.asm.Handle (java.base@21.0.2)
 423:             1             32  jdk.net.ExtendedSocketOptions$1 (jdk.net@21.0.2)
 424:             1             32  sun.instrument.InstrumentationImpl (java.instrument@21.0.2)
 425:             2             32  sun.util.resources.LocaleData (java.base@21.0.2)
 426:             1             24  [Ljava.io.File$PathStatus; (java.base@21.0.2)
 427:             1             24  [Ljava.lang.ClassValue$Entry; (java.base@21.0.2)
 428:             1             24  [Ljava.lang.invoke.MethodHandles$Lookup$ClassOption; (java.base@21.0.2)
 429:             1             24  [Ljava.net.URL; (java.base@21.0.2)
 430:             1             24  [Ljava.time.temporal.IsoFields$Unit; (java.base@21.0.2)
 431:             1             24  [Ljava.util.Comparators$NaturalOrderComparator; (java.base@21.0.2)
 432:             1             24  [Ljava.util.Locale$Category; (java.base@21.0.2)
 433:             1             24  [Ljava.util.jar.Manifest; (java.base@21.0.2)
 434:             1             24  java.io.WinNTFileSystem (java.base@21.0.2)
 435:             1             24  java.lang.ClassValue$Version (java.base@21.0.2)
 436:             1             24  java.lang.Double (java.base@21.0.2)
 437:             1             24  java.lang.StringBuilder (java.base@21.0.2)
 438:             1             24  java.lang.invoke.MethodType$ConcurrentWeakInternSet (java.base@21.0.2)
 439:             1             24  java.lang.invoke.VarHandles$1 (java.base@21.0.2)
 440:             1             24  java.net.Inet6AddressImpl (java.base@21.0.2)
 441:             1             24  java.net.Proxy (java.base@21.0.2)
 442:             1             24  java.net.Socket$SocketInputStream (java.base@21.0.2)
 443:             1             24  java.time.ZoneRegion (java.base@21.0.2)
 444:             1             24  java.time.format.DecimalStyle (java.base@21.0.2)
 445:             1             24  java.time.temporal.IsoFields$Field$1 (java.base@21.0.2)
 446:             1             24  java.time.temporal.IsoFields$Field$2 (java.base@21.0.2)
 447:             1             24  java.time.temporal.IsoFields$Field$3 (java.base@21.0.2)
 448:             1             24  java.time.temporal.IsoFields$Field$4 (java.base@21.0.2)
 449:             1             24  java.time.zone.TzdbZoneRulesProvider (java.base@21.0.2)
 450:             1             24  java.util.Arrays$ArrayList (java.base@21.0.2)
 451:             1             24  java.util.Collections$EmptyMap (java.base@21.0.2)
 452:             1             24  java.util.Collections$UnmodifiableRandomAccessList (java.base@21.0.2)
 453:             1             24  java.util.Comparators$NaturalOrderComparator (java.base@21.0.2)
 454:             1             24  java.util.Locale$Cache (java.base@21.0.2)
 455:             1             24  java.util.OptionalInt (java.base@21.0.2)
 456:             1             24  java.util.ResourceBundle$Control$CandidateListCache (java.base@21.0.2)
 457:             1             24  java.util.Scanner$PatternLRUCache (java.base@21.0.2)
 458:             1             24  java.util.jar.Manifest (java.base@21.0.2)
 459:             1             24  java.util.regex.Pattern$$Lambda/0x000001409904cc60 (java.base@21.0.2)
 460:             1             24  java.util.regex.Pattern$$Lambda/0x80000002b (java.base@21.0.2)
 461:             1             24  java.util.regex.Pattern$CharProperty (java.base@21.0.2)
 462:             1             24  java.util.regex.Pattern$Dollar (java.base@21.0.2)
 463:             1             24  java.util.regex.Pattern$Slice (java.base@21.0.2)
 464:             1             24  jdk.internal.jimage.ImageReader (java.base@21.0.2)
 465:             1             24  jdk.internal.module.ModuleBootstrap$SafeModuleFinder (java.base@21.0.2)
 466:             1             24  jdk.internal.module.ModuleHashes (java.base@21.0.2)
 467:             1             24  jdk.internal.ref.CleanerImpl (java.base@21.0.2)
 468:             1             24  ru.job4j.tracker.MemTracker
 469:             1             24  sun.instrument.TransformerManager (java.instrument@21.0.2)
 470:             1             24  sun.nio.ch.Util$BufferCache (java.base@21.0.2)
 471:             1             24  sun.nio.cs.ISO_8859_1 (java.base@21.0.2)
 472:             1             24  sun.nio.cs.MS1251 (java.base@21.0.2)
 473:             1             24  sun.nio.cs.StandardCharsets (java.base@21.0.2)
 474:             1             24  sun.nio.cs.US_ASCII (java.base@21.0.2)
 475:             1             24  sun.nio.cs.UTF_16 (java.base@21.0.2)
 476:             1             24  sun.nio.cs.UTF_16BE (java.base@21.0.2)
 477:             1             24  sun.nio.cs.UTF_16LE (java.base@21.0.2)
 478:             1             24  sun.nio.cs.UTF_8 (java.base@21.0.2)
 479:             1             24  sun.nio.fs.WindowsFileSystem (java.base@21.0.2)
 480:             1             24  sun.util.cldr.CLDRTimeZoneNameProviderImpl (java.base@21.0.2)
 481:             1             24  sun.util.locale.BaseLocale$Cache (java.base@21.0.2)
 482:             1             24  sun.util.locale.provider.DecimalFormatSymbolsProviderImpl (java.base@21.0.2)
 483:             1             24  sun.util.locale.provider.LocaleServiceProviderPool (java.base@21.0.2)
 484:             1             24  sun.util.locale.provider.NumberFormatProviderImpl (java.base@21.0.2)
 485:             1             24  sun.util.locale.provider.TimeZoneNameProviderImpl (java.base@21.0.2)
 486:             1             16  [F (java.base@21.0.2)
 487:             1             16  [Ljava.lang.Throwable; (java.base@21.0.2)
 488:             1             16  [Ljava.security.cert.Certificate; (java.base@21.0.2)
 489:             1             16  [Ljava.text.FieldPosition; (java.base@21.0.2)
 490:             1             16  [Ljava.time.zone.ZoneOffsetTransitionRule; (java.base@21.0.2)
 491:             1             16  [Lsun.instrument.TransformerManager$TransformerInfo; (java.instrument@21.0.2)
 492:             1             16  java.io.FileDescriptor$1 (java.base@21.0.2)
 493:             1             16  java.io.PrintStream$1 (java.base@21.0.2)
 494:             1             16  java.io.RandomAccessFile$2 (java.base@21.0.2)
 495:             1             16  java.lang.CharacterData00 (java.base@21.0.2)
 496:             1             16  java.lang.CharacterDataLatin1 (java.base@21.0.2)
 497:             1             16  java.lang.ClassValue$Identity (java.base@21.0.2)
 498:             1             16  java.lang.Float (java.base@21.0.2)
 499:             1             16  java.lang.Runtime (java.base@21.0.2)
 500:             1             16  java.lang.String$CaseInsensitiveComparator (java.base@21.0.2)
 501:             1             16  java.lang.System$2 (java.base@21.0.2)
 502:             1             16  java.lang.Terminator$1 (java.base@21.0.2)
 503:             1             16  java.lang.invoke.ClassSpecializer$1 (java.base@21.0.2)
 504:             1             16  java.lang.invoke.MemberName$Factory (java.base@21.0.2)
 505:             1             16  java.lang.invoke.MethodHandleImpl$1 (java.base@21.0.2)
 506:             1             16  java.lang.module.ModuleDescriptor$1 (java.base@21.0.2)
 507:             1             16  java.lang.ref.Cleaner (java.base@21.0.2)
 508:             1             16  java.lang.ref.Cleaner$1 (java.base@21.0.2)
 509:             1             16  java.lang.ref.Reference$1 (java.base@21.0.2)
 510:             1             16  java.lang.reflect.AccessFlag$1 (java.base@21.0.2)
 511:             1             16  java.lang.reflect.AccessFlag$10 (java.base@21.0.2)
 512:             1             16  java.lang.reflect.AccessFlag$11 (java.base@21.0.2)
 513:             1             16  java.lang.reflect.AccessFlag$12 (java.base@21.0.2)
 514:             1             16  java.lang.reflect.AccessFlag$13 (java.base@21.0.2)
 515:             1             16  java.lang.reflect.AccessFlag$14 (java.base@21.0.2)
 516:             1             16  java.lang.reflect.AccessFlag$15 (java.base@21.0.2)
 517:             1             16  java.lang.reflect.AccessFlag$16 (java.base@21.0.2)
 518:             1             16  java.lang.reflect.AccessFlag$17 (java.base@21.0.2)
 519:             1             16  java.lang.reflect.AccessFlag$18 (java.base@21.0.2)
 520:             1             16  java.lang.reflect.AccessFlag$2 (java.base@21.0.2)
 521:             1             16  java.lang.reflect.AccessFlag$3 (java.base@21.0.2)
 522:             1             16  java.lang.reflect.AccessFlag$4 (java.base@21.0.2)
 523:             1             16  java.lang.reflect.AccessFlag$5 (java.base@21.0.2)
 524:             1             16  java.lang.reflect.AccessFlag$6 (java.base@21.0.2)
 525:             1             16  java.lang.reflect.AccessFlag$7 (java.base@21.0.2)
 526:             1             16  java.lang.reflect.AccessFlag$8 (java.base@21.0.2)
 527:             1             16  java.lang.reflect.AccessFlag$9 (java.base@21.0.2)
 528:             1             16  java.lang.reflect.ReflectAccess (java.base@21.0.2)
 529:             1             16  java.net.InetAddress$1 (java.base@21.0.2)
 530:             1             16  java.net.InetAddress$PlatformResolver (java.base@21.0.2)
 531:             1             16  java.net.URI$1 (java.base@21.0.2)
 532:             1             16  java.net.URL$3 (java.base@21.0.2)
 533:             1             16  java.net.URL$DefaultFactory (java.base@21.0.2)
 534:             1             16  java.net.spi.InetAddressResolver$LookupPolicy (java.base@21.0.2)
 535:             1             16  java.nio.Bits$1 (java.base@21.0.2)
 536:             1             16  java.nio.Buffer$1 (java.base@21.0.2)
 537:             1             16  java.nio.Buffer$2 (java.base@21.0.2)
 538:             1             16  java.security.ProtectionDomain$JavaSecurityAccessImpl (java.base@21.0.2)
 539:             1             16  java.text.DecimalFormatSymbols$$Lambda/0x80000000d (java.base@21.0.2)
 540:             1             16  java.time.ZoneOffset$$Lambda/0x80000000e (java.base@21.0.2)
 541:             1             16  java.time.chrono.IsoChronology (java.base@21.0.2)
 542:             1             16  java.time.format.DateTimeFormatter$$Lambda/0x80000000f (java.base@21.0.2)
 543:             1             16  java.time.format.DateTimeFormatter$$Lambda/0x800000010 (java.base@21.0.2)
 544:             1             16  java.time.format.DateTimeFormatterBuilder$$Lambda/0x800000011 (java.base@21.0.2)
 545:             1             16  java.time.format.DateTimeFormatterBuilder$InstantPrinterParser (java.base@21.0.2)
 546:             1             16  java.time.format.DateTimeTextProvider (java.base@21.0.2)
 547:             1             16  java.time.format.DateTimeTextProvider$1 (java.base@21.0.2)
 548:             1             16  java.util.Collections$EmptyEnumeration (java.base@21.0.2)
 549:             1             16  java.util.Collections$EmptyIterator (java.base@21.0.2)
 550:             1             16  java.util.Collections$EmptyList (java.base@21.0.2)
 551:             1             16  java.util.Collections$EmptySet (java.base@21.0.2)
 552:             1             16  java.util.EnumMap$1 (java.base@21.0.2)
 553:             1             16  java.util.Locale$Builder (java.base@21.0.2)
 554:             1             16  java.util.Map$Entry$$Lambda/0x00000140990594f8 (java.base@21.0.2)
 555:             1             16  java.util.ResourceBundle$1 (java.base@21.0.2)
 556:             1             16  java.util.ResourceBundle$Control (java.base@21.0.2)
 557:             1             16  java.util.Spliterators$EmptySpliterator$OfDouble (java.base@21.0.2)
 558:             1             16  java.util.Spliterators$EmptySpliterator$OfInt (java.base@21.0.2)
 559:             1             16  java.util.Spliterators$EmptySpliterator$OfLong (java.base@21.0.2)
 560:             1             16  java.util.Spliterators$EmptySpliterator$OfRef (java.base@21.0.2)
 561:             1             16  java.util.concurrent.ConcurrentSkipListSet (java.base@21.0.2)
 562:             1             16  java.util.jar.Attributes (java.base@21.0.2)
 563:             1             16  java.util.jar.JavaUtilJarAccessImpl (java.base@21.0.2)
 564:             1             16  java.util.regex.CharPredicates$$Lambda/0x000001409904a080 (java.base@21.0.2)
 565:             1             16  java.util.regex.CharPredicates$$Lambda/0x000001409904ab68 (java.base@21.0.2)
 566:             1             16  java.util.regex.Pattern$$Lambda/0x000001409904a4c8 (java.base@21.0.2)
 567:             1             16  java.util.regex.Pattern$$Lambda/0x0000014099051098 (java.base@21.0.2)
 568:             1             16  java.util.regex.Pattern$$Lambda/0x800000032 (java.base@21.0.2)
 569:             1             16  java.util.regex.Pattern$LastNode (java.base@21.0.2)
 570:             1             16  java.util.regex.Pattern$Node (java.base@21.0.2)
 571:             1             16  java.util.stream.Collectors$$Lambda/0x80000003a (java.base@21.0.2)
 572:             1             16  java.util.stream.Collectors$$Lambda/0x800000041 (java.base@21.0.2)
 573:             1             16  java.util.stream.Collectors$$Lambda/0x800000043 (java.base@21.0.2)
 574:             1             16  java.util.stream.Collectors$$Lambda/0x800000046 (java.base@21.0.2)
 575:             1             16  java.util.stream.FindOps$FindSink$OfInt$$Lambda/0x800000049 (java.base@21.0.2)
 576:             1             16  java.util.stream.FindOps$FindSink$OfInt$$Lambda/0x80000004a (java.base@21.0.2)
 577:             1             16  java.util.stream.FindOps$FindSink$OfInt$$Lambda/0x80000004b (java.base@21.0.2)
 578:             1             16  java.util.stream.FindOps$FindSink$OfInt$$Lambda/0x80000004c (java.base@21.0.2)
 579:             1             16  java.util.stream.FindOps$FindSink$OfRef$$Lambda/0x80000004d (java.base@21.0.2)
 580:             1             16  java.util.stream.FindOps$FindSink$OfRef$$Lambda/0x80000004e (java.base@21.0.2)
 581:             1             16  java.util.stream.FindOps$FindSink$OfRef$$Lambda/0x80000004f (java.base@21.0.2)
 582:             1             16  java.util.stream.FindOps$FindSink$OfRef$$Lambda/0x800000050 (java.base@21.0.2)
 583:             1             16  java.util.stream.Nodes$EmptyNode$OfDouble (java.base@21.0.2)
 584:             1             16  java.util.stream.Nodes$EmptyNode$OfInt (java.base@21.0.2)
 585:             1             16  java.util.stream.Nodes$EmptyNode$OfLong (java.base@21.0.2)
 586:             1             16  java.util.stream.Nodes$EmptyNode$OfRef (java.base@21.0.2)
 587:             1             16  java.util.zip.ZipFile$1 (java.base@21.0.2)
 588:             1             16  jdk.internal.jimage.ImageReaderFactory$1 (java.base@21.0.2)
 589:             1             16  jdk.internal.jimage.ImageStringsReader (java.base@21.0.2)
 590:             1             16  jdk.internal.jimage.decompressor.Decompressor (java.base@21.0.2)
 591:             1             16  jdk.internal.misc.ScopedMemoryAccess (java.base@21.0.2)
 592:             1             16  jdk.internal.misc.TerminatingThreadLocal$1 (java.base@21.0.2)
 593:             1             16  jdk.internal.misc.Unsafe (java.base@21.0.2)
 594:             1             16  jdk.internal.module.DefaultRoots$$Lambda/0x800000053 (java.base@21.0.2)
 595:             1             16  jdk.internal.module.DefaultRoots$$Lambda/0x800000054 (java.base@21.0.2)
 596:             1             16  jdk.internal.module.DefaultRoots$$Lambda/0x800000055 (java.base@21.0.2)
 597:             1             16  jdk.internal.module.DefaultRoots$$Lambda/0x800000056 (java.base@21.0.2)
 598:             1             16  jdk.internal.module.ModulePatcher (java.base@21.0.2)
 599:             1             16  jdk.internal.module.ModuleResolution (java.base@21.0.2)
 600:             1             16  jdk.internal.module.ModuleTarget (java.base@21.0.2)
 601:             1             16  jdk.internal.perf.Perf (java.base@21.0.2)
 602:             1             16  jdk.internal.reflect.ReflectionFactory (java.base@21.0.2)
 603:             1             16  jdk.internal.util.Preconditions$1 (java.base@21.0.2)
 604:             1             16  jdk.internal.util.Preconditions$2 (java.base@21.0.2)
 605:             1             16  jdk.internal.util.Preconditions$3 (java.base@21.0.2)
 606:             1             16  jdk.net.WindowsSocketOptions (jdk.net@21.0.2)
 607:             1             16  ru.job4j.tracker.ConsoleInput
 608:             1             16  ru.job4j.tracker.ConsoleOutput
 609:             1             16  ru.job4j.tracker.CreateAction
 610:             1             16  ru.job4j.tracker.CreateManyItems
 611:             1             16  ru.job4j.tracker.DeleteAction
 612:             1             16  ru.job4j.tracker.DeleteAllItems
 613:             1             16  ru.job4j.tracker.ExitAction
 614:             1             16  ru.job4j.tracker.FindAllAction
 615:             1             16  ru.job4j.tracker.FindByIdAction
 616:             1             16  ru.job4j.tracker.FindByNameAction
 617:             1             16  ru.job4j.tracker.ReplaceAction
 618:             1             16  ru.job4j.tracker.StartUI
 619:             1             16  sun.instrument.InstrumentationImpl$$Lambda/0x0000014099041d80 (java.instrument@21.0.2)
 620:             1             16  sun.net.spi.DefaultProxySelector (java.base@21.0.2)
 621:             1             16  sun.net.www.protocol.file.Handler (java.base@21.0.2)
 622:             1             16  sun.net.www.protocol.jar.Handler (java.base@21.0.2)
 623:             1             16  sun.net.www.protocol.jrt.Handler (java.base@21.0.2)
 624:             1             16  sun.nio.ch.Net$1 (java.base@21.0.2)
 625:             1             16  sun.nio.ch.NioSocketImpl$$Lambda/0x000001409904a720 (java.base@21.0.2)
 626:             1             16  sun.nio.ch.NioSocketImpl$1 (java.base@21.0.2)
 627:             1             16  sun.nio.ch.SocketDispatcher (java.base@21.0.2)
 628:             1             16  sun.nio.ch.Util$1 (java.base@21.0.2)
 630:             1             16  sun.nio.fs.WindowsFileSystemProvider (java.base@21.0.2)
 631:             1             16  sun.util.calendar.Gregorian (java.base@21.0.2)
 632:             1             16  sun.util.cldr.CLDRBaseLocaleDataMetaInfo (java.base@21.0.2)
 633:             1             16  sun.util.cldr.CLDRLocaleProviderAdapter$$Lambda/0x800000064 (java.base@21.0.2)
 634:             1             16  sun.util.cldr.CLDRLocaleProviderAdapter$$Lambda/0x800000066 (java.base@21.0.2)
 635:             1             16  sun.util.cldr.CLDRTimeZoneNameProviderImpl$AVAILABLE_IDS$$Lambda/0x0000014099055898 (java.base@21.0.2)
 636:             1             16  sun.util.locale.InternalLocaleBuilder$CaseInsensitiveChar (java.base@21.0.2)
 637:             1             16  sun.util.locale.provider.TimeZoneNameUtility$TimeZoneNameGetter (java.base@21.0.2)
 638:             1             16  sun.util.resources.LocaleData$LocaleDataStrategy (java.base@21.0.2)
 639:             1             16  sun.util.resources.cldr.provider.CLDRLocaleDataMetaInfo (jdk.localedata@21.0.2)
Total       1237339       41349408
PS C:\Users\selov\projects\job4j_tracker> jmap -histo 1268
 num     #instances         #bytes  class name (module)
-------------------------------------------------------
   1:        201821       10129648  [B (java.base@21.0.2)
   2:        201000        4824000  java.lang.String (java.base@21.0.2)
   3:        190126        4563024  java.time.LocalDateTime (java.base@21.0.2)
   4:        190069        4561656  java.time.LocalDate (java.base@21.0.2)
   5:        190026        4560624  java.time.LocalTime (java.base@21.0.2)
   6:        190000        4560000  ru.job4j.tracker.Item
   7:           150        3085528  Ljdk.internal.vm.FillerArray; (java.base@21.0.2)
   8:        190140        3042240  java.lang.Integer (java.base@21.0.2)
   9:          1657        2526144  [Ljava.lang.Object; (java.base@21.0.2)
  10:          1514         185296  java.lang.Class (java.base@21.0.2)
  11:          5380         172160  java.util.ArrayList$Itr (java.base@21.0.2)
  12:          4199         134368  java.util.HashMap$Node (java.base@21.0.2)
  13:          2826          90432  java.util.concurrent.ConcurrentHashMap$Node (java.base@21.0.2)
  14:           224          79024  [C (java.base@21.0.2)
  15:           160          74816  [I (java.base@21.0.2)
  16:           356          60800  [Ljava.util.HashMap$Node; (java.base@21.0.2)
  17:          1128          45120  java.util.LinkedHashMap$Entry (java.base@21.0.2)
  18:           516          29248  [Ljava.lang.String; (java.base@21.0.2)
  19:            67          28528  [Ljava.util.concurrent.ConcurrentHashMap$Node; (java.base@21.0.2)
  20:           238          18088  [Ljava.lang.ref.SoftReference; (java.base@21.0.2)
  21:           366          17568  java.lang.invoke.MemberName (java.base@21.0.2)
  22:           357          17136  java.util.HashMap (java.base@21.0.2)
  23:           352          14080  java.lang.invoke.MethodType (java.base@21.0.2)
  24:           355          11360  java.lang.invoke.MethodType$ConcurrentWeakInternSet$WeakEntry (java.base@21.0.2)
  25:           351          11232  java.lang.invoke.LambdaForm$Name (java.base@21.0.2)
  26:           374           8976  java.lang.module.ModuleDescriptor$Exports (java.base@21.0.2)
  27:           295           8800  [Ljava.lang.Class; (java.base@21.0.2)
  28:            49           8032  [Ljava.lang.invoke.MethodHandle; (java.base@21.0.2)
  29:           307           7368  java.lang.invoke.ResolvedMethodName (java.base@21.0.2)
  30:           256           6144  java.lang.Long (java.base@21.0.2)
  31:            89           5696  java.util.concurrent.ConcurrentHashMap (java.base@21.0.2)
  32:           141           5640  java.lang.ref.SoftReference (java.base@21.0.2)
  33:            70           5600  java.net.URI (java.base@21.0.2)
  34:           230           5520  java.util.ImmutableCollections$Set12 (java.base@21.0.2)
  35:           172           5504  java.lang.module.ModuleDescriptor$Requires (java.base@21.0.2)
  36:           114           5472  java.lang.invoke.LambdaForm (java.base@21.0.2)
  37:           119           5048  [Ljava.lang.invoke.LambdaForm$Name; (java.base@21.0.2)
  38:           195           4680  jdk.internal.module.ServicesCatalog$ServiceProvider (java.base@21.0.2)
  39:           145           4640  java.lang.invoke.MethodTypeForm (java.base@21.0.2)
  40:            70           4480  java.lang.module.ModuleDescriptor (java.base@21.0.2)
  41:           272           4352  java.util.HashSet (java.base@21.0.2)
  42:            70           3920  jdk.internal.module.ModuleReferenceImpl (java.base@21.0.2)
  43:            69           3864  java.lang.Module (java.base@21.0.2)
  44:           152           3648  java.util.ImmutableCollections$SetN (java.base@21.0.2)
  45:            90           3600  java.math.BigInteger (java.base@21.0.2)
  46:           219           3504  java.lang.Object (java.base@21.0.2)
  47:            85           3400  java.lang.invoke.DirectMethodHandle (java.base@21.0.2)
  48:           130           3120  java.lang.invoke.LambdaForm$NamedFunction (java.base@21.0.2)
  49:            12           2688  [J (java.base@21.0.2)
  50:           103           2472  [[C (java.base@21.0.2)
  51:            68           2176  java.lang.invoke.LambdaForm$Kind (java.base@21.0.2)
  52:           128           2048  java.lang.Character (java.base@21.0.2)
  53:            62           1984  jdk.internal.loader.BuiltinClassLoader$LoadedModule (java.base@21.0.2)
  54:            77           1848  java.util.ImmutableCollections$List12 (java.base@21.0.2)
  55:            74           1776  java.util.concurrent.CopyOnWriteArrayList (java.base@21.0.2)
  56:            20           1760  java.lang.reflect.Method (java.base@21.0.2)
  57:            70           1680  jdk.internal.module.SystemModuleFinders$2 (java.base@21.0.2)
  58:            40           1600  java.lang.invoke.BoundMethodHandle$Species_L (java.base@21.0.2)
  59:            25           1600  java.net.URL (java.base@21.0.2)
  60:            33           1584  java.time.temporal.ValueRange (java.base@21.0.2)
  61:            65           1560  java.lang.module.ModuleDescriptor$Provides (java.base@21.0.2)
  62:            38           1520  java.io.ObjectStreamField (java.base@21.0.2)
  63:            63           1512  java.lang.module.ResolvedModule (java.base@21.0.2)
  64:            63           1512  jdk.internal.module.SystemModuleFinders$SystemModuleReader (java.base@21.0.2)
  65:            61           1464  jdk.internal.module.ModuleReferenceImpl$CachedHash (java.base@21.0.2)
  66:            10           1440  [Ljava.lang.invoke.MemberName; (java.base@21.0.2)
  67:            30           1440  java.time.temporal.ChronoField (java.base@21.0.2)
  68:             1           1424  [[B (java.base@21.0.2)
  69:            22           1408  java.lang.Class$ReflectionData (java.base@21.0.2)
  70:            29           1392  java.lang.invoke.DirectMethodHandle$Constructor (java.base@21.0.2)
  71:             6           1376  [Z (java.base@21.0.2)
  72:            42           1344  java.util.concurrent.locks.ReentrantLock$NonfairSync (java.base@21.0.2)
  73:            27           1296  java.lang.invoke.LambdaFormEditor$Transform (java.base@21.0.2)
  74:            27           1296  jdk.internal.ref.CleanerImpl$PhantomCleanableRef (java.base@21.0.2)
  75:            17           1224  java.lang.reflect.Constructor (java.base@21.0.2)
  76:            38           1184  [Ljava.math.BigInteger; (java.base@21.0.2)
  77:            11           1144  java.util.jar.JarFile$JarFileEntry (java.base@21.0.2)
  78:            69           1104  java.util.HashMap$KeySet (java.base@21.0.2)
  79:            66           1056  jdk.internal.module.SystemModuleFinders$3 (java.base@21.0.2)
  80:             1           1040  [Ljava.lang.Integer; (java.base@21.0.2)
  81:             1           1040  [Ljava.lang.Long; (java.base@21.0.2)
  82:            26           1040  sun.util.locale.LocaleObjectCache$CacheEntry (java.base@21.0.2)
  83:            31            992  java.lang.invoke.VarHandle$AccessMode (java.base@21.0.2)
  84:            31            992  java.util.Locale (java.base@21.0.2)
  85:            31            992  sun.util.locale.BaseLocale (java.base@21.0.2)
  86:            12            960  [Ljava.util.WeakHashMap$Entry; (java.base@21.0.2)
  87:             8            960  java.lang.Thread (java.base@21.0.2)
  88:            20            960  java.lang.invoke.DirectMethodHandle$Accessor (java.base@21.0.2)
  89:            28            944  [Ljava.time.format.DateTimeFormatterBuilder$DateTimePrinterParser; (java.base@21.0.2)
  90:            23            920  java.lang.reflect.AccessFlag (java.base@21.0.2)
  91:            16            896  java.nio.HeapCharBuffer (java.base@21.0.2)
  92:            11            880  java.util.zip.ZipFile$Source (java.base@21.0.2)
  93:            27            864  java.lang.ref.ReferenceQueue (java.base@21.0.2)
  94:            34            816  java.util.ImmutableCollections$ListN (java.base@21.0.2)
  95:            24            768  java.time.format.DateTimeFormatterBuilder$NumberPrinterParser (java.base@21.0.2)
  96:            22            704  java.lang.reflect.ClassFileFormatVersion (java.base@21.0.2)
  97:            11            704  sun.nio.fs.WindowsFileAttributes (java.base@21.0.2)
  98:            28            672  java.time.format.DateTimeFormatterBuilder$CompositePrinterParser (java.base@21.0.2)
  99:            42            672  java.util.concurrent.locks.ReentrantLock (java.base@21.0.2)
 100:            27            648  java.util.concurrent.locks.AbstractQueuedSynchronizer$ConditionObject (java.base@21.0.2)
 101:            27            648  java.util.jar.Attributes$Name (java.base@21.0.2)
 102:            16            640  java.time.format.DateTimeFormatter (java.base@21.0.2)
 103:            20            640  java.util.regex.Pattern$Curly (java.base@21.0.2)
 104:            10            640  java.util.zip.Inflater (java.base@21.0.2)
 105:             3            624  [Ljava.lang.invoke.LambdaForm; (java.base@21.0.2)
 106:            11            616  java.io.FileCleanable (java.base@21.0.2)
 107:            11            616  java.util.jar.JarFile (java.base@21.0.2)
 108:            15            600  java.io.FileDescriptor (java.base@21.0.2)
 109:            12            576  java.util.WeakHashMap (java.base@21.0.2)
 110:             7            560  java.util.concurrent.TimeUnit (java.base@21.0.2)
 111:            10            560  sun.invoke.util.Wrapper (java.base@21.0.2)
 112:             1            528  [Ljava.lang.Character; (java.base@21.0.2)
 113:             2            528  [Ljava.time.LocalDateTime; (java.base@21.0.2)
 114:             6            528  java.util.regex.Pattern (java.base@21.0.2)
 115:            11            528  jdk.internal.loader.URLClassPath$JarLoader (java.base@21.0.2)
 116:            12            512  [Ljava.lang.invoke.MethodType; (java.base@21.0.2)
 117:             8            512  java.nio.DirectByteBuffer (java.base@21.0.2)
 118:            16            512  java.time.temporal.ChronoUnit (java.base@21.0.2)
 119:            21            504  java.lang.invoke.Invokers (java.base@21.0.2)
 120:            21            504  java.util.AbstractMap$SimpleImmutableEntry (java.base@21.0.2)
 121:            21            504  java.util.regex.Pattern$BmpCharProperty (java.base@21.0.2)
 122:            12            480  java.lang.OutOfMemoryError (java.base@21.0.2)
 123:            12            480  java.lang.Thread$FieldHolder (java.base@21.0.2)
 124:            12            480  java.security.AccessControlContext (java.base@21.0.2)
 125:            20            480  java.util.ArrayList (java.base@21.0.2)
 126:            19            456  java.time.Duration (java.base@21.0.2)
 127:             7            448  java.util.LinkedHashMap (java.base@21.0.2)
 128:            11            440  java.io.RandomAccessFile (java.base@21.0.2)
 129:             1            432  [[[C (java.base@21.0.2)
 130:            12            384  java.io.File (java.base@21.0.2)
 131:             8            384  java.lang.invoke.BoundMethodHandle$SpeciesData (java.base@21.0.2)
 132:            12            384  sun.util.locale.BaseLocale$Key (java.base@21.0.2)
 133:            12            368  [Ljava.io.ObjectStreamField; (java.base@21.0.2)
 134:            23            368  java.time.format.DateTimeFormatterBuilder$CharLiteralPrinterParser (java.base@21.0.2)
 135:            22            352  java.util.regex.Pattern$$Lambda/0x80000002a (java.base@21.0.2)
 136:            11            352  java.util.zip.ZipFile$CleanableResource (java.base@21.0.2)
 137:             3            344  [D (java.base@21.0.2)
 138:            14            336  [Ljava.lang.reflect.Constructor; (java.base@21.0.2)
 139:             5            336  [Lsun.invoke.util.Wrapper; (java.base@21.0.2)
 140:             5            336  [S (java.base@21.0.2)
 141:             7            336  java.lang.invoke.VarHandleReferences$FieldInstanceReadWrite (java.base@21.0.2)
 142:             6            336  java.nio.DirectLongBufferU (java.base@21.0.2)
 143:            14            336  java.util.Collections$SetFromMap (java.base@21.0.2)
 144:             2            328  [Ljava.time.ZoneOffset; (java.base@21.0.2)
 145:             8            320  [Ljava.lang.invoke.BoundMethodHandle$SpeciesData; (java.base@21.0.2)
 146:             8            320  java.lang.invoke.BoundMethodHandle$Species_LL (java.base@21.0.2)
 147:            10            320  java.lang.invoke.VarForm (java.base@21.0.2)
 148:             8            320  sun.util.resources.Bundles$BundleReference (java.base@21.0.2)
 149:            13            312  jdk.internal.reflect.DirectConstructorHandleAccessor (java.base@21.0.2)
 150:             1            288  [Ljava.lang.invoke.LambdaForm$Kind; (java.base@21.0.2)
 151:             6            288  java.lang.invoke.MethodHandleImpl$IntrinsicMethodHandle (java.base@21.0.2)
 152:            12            288  java.util.ArrayDeque (java.base@21.0.2)
 153:             6            288  java.util.stream.StreamOpFlag (java.base@21.0.2)
 154:             9            288  jdk.internal.org.objectweb.asm.Type (java.base@21.0.2)
 155:             5            280  java.nio.HeapByteBuffer (java.base@21.0.2)
 156:             7            280  java.security.ProtectionDomain (java.base@21.0.2)
 157:             7            280  jdk.internal.loader.NativeLibraries$NativeLibraryImpl (java.base@21.0.2)
 158:             5            280  sun.util.calendar.ZoneInfo (java.base@21.0.2)
 159:            11            264  java.lang.invoke.MethodHandleImpl$Intrinsic (java.base@21.0.2)
 160:            11            264  java.util.zip.ZipFile$Source$Key (java.base@21.0.2)
 161:             8            256  java.lang.invoke.SimpleMethodHandle (java.base@21.0.2)
 162:             8            256  java.math.RoundingMode (java.base@21.0.2)
 163:             8            256  sun.util.resources.Bundles$CacheKey (java.base@21.0.2)
 164:             5            240  [Ljava.lang.invoke.LambdaForm$NamedFunction; (java.base@21.0.2)
 165:             6            240  java.lang.invoke.LambdaForm$BasicType (java.base@21.0.2)
 166:            10            240  java.nio.charset.CoderResult (java.base@21.0.2)
 167:            10            240  java.nio.file.StandardOpenOption (java.base@21.0.2)
 168:             6            240  java.security.CodeSource (java.base@21.0.2)
 169:             6            240  java.util.EnumMap (java.base@21.0.2)
 170:            10            240  java.util.zip.Inflater$InflaterZStreamRef (java.base@21.0.2)
 171:             8            224  [Ljava.lang.reflect.Method; (java.base@21.0.2)
 172:             9            216  java.lang.reflect.AccessFlag$Location (java.base@21.0.2)
 173:             5            200  java.lang.invoke.VarHandle$AccessDescriptor (java.base@21.0.2)
 174:             5            200  java.util.WeakHashMap$Entry (java.base@21.0.2)
 175:             5            200  sun.util.locale.provider.LocaleProviderAdapter$Type (java.base@21.0.2)
 176:             5            200  sun.util.locale.provider.LocaleResources (java.base@21.0.2)
 177:             3            192  java.nio.DirectByteBufferR (java.base@21.0.2)
 178:             8            192  java.time.ZoneOffset (java.base@21.0.2)
 179:             6            192  java.time.format.TextStyle (java.base@21.0.2)
 180:             6            192  java.util.Hashtable$Entry (java.base@21.0.2)
 181:            12            192  java.util.WeakHashMap$KeySet (java.base@21.0.2)
 182:            12            192  jdk.internal.misc.InternalLock (java.base@21.0.2)
 183:             1            168  [[Ljava.math.BigInteger; (java.base@21.0.2)
 184:             3            168  java.util.Properties (java.base@21.0.2)
 185:             7            168  jdk.net.ExtendedSocketOptions$ExtSocketOption (jdk.net@21.0.2)
 186:             2            160  [Ljava.lang.ThreadLocal$ThreadLocalMap$Entry; (java.base@21.0.2)
 187:             5            160  java.lang.invoke.VarHandle$AccessType (java.base@21.0.2)
 188:             5            160  java.net.InetAddress$InetAddressHolder (java.base@21.0.2)
 189:             5            160  java.util.RegularEnumSet (java.base@21.0.2)
 190:             2            152  [[Ljava.lang.String; (java.base@21.0.2)
 191:             1            144  [Ljava.lang.invoke.VarHandle$AccessMode; (java.base@21.0.2)
 192:             6            144  java.lang.Thread$State (java.base@21.0.2)
 193:             3            144  java.lang.ThreadGroup (java.base@21.0.2)
 194:             3            144  java.lang.invoke.MethodHandleImpl$AsVarargsCollector (java.base@21.0.2)
 195:             3            144  java.time.temporal.JulianFields$Field (java.base@21.0.2)
 196:             9            144  java.util.Collections$UnmodifiableSet (java.base@21.0.2)
 197:             3            144  java.util.Hashtable (java.base@21.0.2)
 198:             1            144  java.util.Scanner (java.base@21.0.2)
 199:             6            144  jdk.internal.perf.PerfCounter (java.base@21.0.2)
 200:             1            136  [Ljava.time.temporal.ChronoField; (java.base@21.0.2)
 201:             3            128  [Ljava.util.Hashtable$Entry; (java.base@21.0.2)
 202:             1            128  com.intellij.rt.execution.application.AppMainV2$1
 203:             4            128  java.lang.ThreadLocal$ThreadLocalMap$Entry (java.base@21.0.2)
 204:             4            128  java.lang.module.ModuleDescriptor$Modifier (java.base@21.0.2)
 205:             4            128  java.lang.module.ModuleDescriptor$Requires$Modifier (java.base@21.0.2)
 206:             4            128  java.time.format.DateTimeFormatterBuilder$TextPrinterParser (java.base@21.0.2)
 207:             4            128  java.util.ImmutableCollections$MapN (java.base@21.0.2)
 208:             4            128  java.util.concurrent.locks.AbstractQueuedSynchronizer$ConditionNode (java.base@21.0.2)
 209:             4            128  java.util.stream.FindOps$FindOp (java.base@21.0.2)
 210:             4            128  jdk.internal.loader.NativeLibraries (java.base@21.0.2)
 211:             4            128  jdk.internal.reflect.DirectMethodHandleAccessor (java.base@21.0.2)
 212:             3            120  [Ljava.lang.invoke.LambdaForm$BasicType; (java.base@21.0.2)
 213:             5            120  java.lang.module.ModuleDescriptor$Opens (java.base@21.0.2)
 214:             1            120  java.lang.ref.Finalizer$FinalizerThread (java.base@21.0.2)
 215:             1            120  java.lang.ref.Reference$ReferenceHandler (java.base@21.0.2)
 216:             5            120  java.time.format.SignStyle (java.base@21.0.2)
 217:             5            120  java.util.stream.StreamOpFlag$Type (java.base@21.0.2)
 218:             1            120  jdk.internal.misc.InnocuousThread (java.base@21.0.2)
 219:             5            120  sun.nio.fs.WindowsPathType (java.base@21.0.2)
 220:             3            120  sun.util.locale.provider.LocaleResources$ResourceReference (java.base@21.0.2)
 221:             1            112  [Ljava.lang.reflect.AccessFlag; (java.base@21.0.2)
 222:             7            112  [Ljava.security.Principal; (java.base@21.0.2)
 223:             1            112  [Ljava.time.LocalTime; (java.base@21.0.2)
 224:             2            112  java.nio.DirectIntBufferRU (java.base@21.0.2)
 225:             7            112  java.security.ProtectionDomain$Key (java.base@21.0.2)
 226:             2            112  sun.nio.cs.StreamEncoder (java.base@21.0.2)
 227:             1            104  [Ljava.lang.reflect.ClassFileFormatVersion; (java.base@21.0.2)
 228:             1            104  jdk.internal.loader.ClassLoaders$AppClassLoader (java.base@21.0.2)
 229:             1            104  jdk.internal.loader.ClassLoaders$BootClassLoader (java.base@21.0.2)
 230:             1            104  jdk.internal.loader.ClassLoaders$PlatformClassLoader (java.base@21.0.2)
 231:             1             96  [Lsun.util.locale.BaseLocale; (java.base@21.0.2)
 232:             2             96  java.io.PrintStream (java.base@21.0.2)
 233:             3             96  java.lang.Runtime$Version (java.base@21.0.2)
 234:             2             96  java.lang.invoke.BoundMethodHandle$Species_LJ (java.base@21.0.2)
 235:             2             96  java.lang.invoke.BoundMethodHandle$Species_LLLL (java.base@21.0.2)
 236:             3             96  java.lang.invoke.MethodHandles$Lookup (java.base@21.0.2)
 237:             3             96  java.lang.ref.WeakReference (java.base@21.0.2)
 238:             4             96  java.time.format.DateTimeFormatterBuilder$OffsetIdPrinterParser (java.base@21.0.2)
 239:             4             96  java.time.format.DateTimeFormatterBuilder$SettingsParser (java.base@21.0.2)
 240:             3             96  java.util.HexFormat (java.base@21.0.2)
 241:             4             96  java.util.LinkedHashMap$LinkedKeySet (java.base@21.0.2)
 242:             2             96  java.util.Locale$Category (java.base@21.0.2)
 243:             6             96  java.util.concurrent.atomic.AtomicInteger (java.base@21.0.2)
 244:             4             96  java.util.regex.Pattern$BmpCharPropertyGreedy (java.base@21.0.2)
 245:             4             96  java.util.regex.Pattern$CharPropertyGreedy (java.base@21.0.2)
 246:             4             96  java.util.regex.Pattern$Qtype (java.base@21.0.2)
 247:             4             96  java.util.regex.Pattern$Start (java.base@21.0.2)
 248:             4             96  java.util.stream.StreamShape (java.base@21.0.2)
 249:             1             96  jdk.internal.jimage.ImageReader$SharedImageReader (java.base@21.0.2)
 250:             3             96  jdk.internal.util.ClassFileDumper (java.base@21.0.2)
 251:             4             96  jdk.internal.util.OperatingSystem (java.base@21.0.2)
 252:             3             96  sun.net.spi.DefaultProxySelector$NonProxyInfo (java.base@21.0.2)
 253:             2             96  sun.nio.cs.StreamDecoder (java.base@21.0.2)
 254:             2             96  sun.nio.cs.UTF_8$Encoder (java.base@21.0.2)
 255:             2             80  [Ljava.lang.OutOfMemoryError; (java.base@21.0.2)
 256:             1             80  [Ljava.nio.ByteBuffer; (java.base@21.0.2)
 257:             1             80  [Ljava.time.temporal.ChronoUnit; (java.base@21.0.2)
 258:             2             80  [Ljava.util.stream.StreamOpFlag$Type; (java.base@21.0.2)
 259:             2             80  [[Ljava.lang.invoke.MethodHandle; (java.base@21.0.2)
 260:             2             80  java.io.BufferedOutputStream (java.base@21.0.2)
 261:             2             80  java.io.BufferedWriter (java.base@21.0.2)
 262:             2             80  java.lang.ModuleLayer (java.base@21.0.2)
 263:             2             80  java.lang.module.Configuration (java.base@21.0.2)
 264:             2             80  java.lang.ref.NativeReferenceQueue (java.base@21.0.2)
 265:             2             80  java.util.Collections$SingletonMap (java.base@21.0.2)
 266:             2             80  java.util.IdentityHashMap (java.base@21.0.2)
 267:             1             80  java.util.regex.Matcher (java.base@21.0.2)
 268:             5             80  java.util.regex.Pattern$BitClass (java.base@21.0.2)
 269:             1             80  sun.nio.ch.NioSocketImpl (java.base@21.0.2)
 270:             1             80  sun.util.cldr.CLDRLocaleProviderAdapter (java.base@21.0.2)
 271:             1             80  sun.util.locale.provider.JRELocaleProviderAdapter (java.base@21.0.2)
 272:             3             72  [Ljava.security.ProtectionDomain; (java.base@21.0.2)
 273:             3             72  java.lang.NamedPackage (java.base@21.0.2)
 274:             3             72  java.lang.RuntimePermission (java.base@21.0.2)
 275:             3             72  java.lang.WeakPairMap (java.base@21.0.2)
 276:             3             72  java.net.Inet4Address (java.base@21.0.2)
 277:             3             72  java.net.Proxy$Type (java.base@21.0.2)
 278:             3             72  java.net.StandardProtocolFamily (java.base@21.0.2)
 279:             3             72  java.security.Permissions (java.base@21.0.2)
 280:             3             72  java.time.Instant (java.base@21.0.2)
 281:             3             72  java.time.format.ResolverStyle (java.base@21.0.2)
 282:             3             72  java.util.concurrent.atomic.AtomicLong (java.base@21.0.2)
 283:             3             72  java.util.regex.Pattern$GroupHead (java.base@21.0.2)
 284:             3             72  java.util.regex.Pattern$GroupTail (java.base@21.0.2)
 285:             3             72  java.util.stream.Collector$Characteristics (java.base@21.0.2)
 286:             3             72  java.util.zip.ZipCoder$Comparison (java.base@21.0.2)
 287:             3             72  sun.security.util.LazyCodeSourcePermissionCollection (java.base@21.0.2)
 288:             2             64  [Ljava.lang.invoke.LambdaFormEditor$Transform; (java.base@21.0.2)
 289:             1             64  [Ljava.lang.invoke.MethodHandleImpl$Intrinsic; (java.base@21.0.2)
 290:             2             64  [Ljava.nio.charset.CoderResult; (java.base@21.0.2)
 291:             4             64  [Ljava.util.regex.IntHashSet; (java.base@21.0.2)
 292:             2             64  [Ljava.util.stream.Collector$Characteristics; (java.base@21.0.2)
 293:             2             64  [Ljdk.internal.util.OperatingSystem; (java.base@21.0.2)
 294:             2             64  java.io.FileOutputStream (java.base@21.0.2)
 295:             2             64  java.lang.ClassValue$Entry (java.base@21.0.2)
 296:             2             64  java.lang.Package (java.base@21.0.2)
 297:             2             64  java.lang.invoke.MethodHandleNatives$CallSiteContext (java.base@21.0.2)
 298:             2             64  java.lang.invoke.MethodHandles$Lookup$ClassOption (java.base@21.0.2)
 299:             2             64  java.lang.ref.ReferenceQueue$Null (java.base@21.0.2)
 300:             2             64  java.net.Inet6Address$Inet6AddressHolder (java.base@21.0.2)
 301:             1             64  java.net.SocksSocketImpl (java.base@21.0.2)
 302:             2             64  java.time.temporal.IsoFields$Unit (java.base@21.0.2)
 303:             4             64  java.util.concurrent.ConcurrentHashMap$ValuesView (java.base@21.0.2)
 304:             2             64  java.util.regex.Pattern$Branch (java.base@21.0.2)
 305:             4             64  jdk.internal.module.ServicesCatalog (java.base@21.0.2)
 306:             4             64  jdk.internal.util.Preconditions$4 (java.base@21.0.2)
 307:             2             64  sun.nio.fs.NativeBuffer (java.base@21.0.2)
 308:             1             56  [Ljava.lang.reflect.AccessFlag$Location; (java.base@21.0.2)
 309:             1             56  [Ljava.nio.file.StandardOpenOption; (java.base@21.0.2)
 310:             1             56  [[I (java.base@21.0.2)
 311:             1             56  java.lang.invoke.BoundMethodHandle$Specializer (java.base@21.0.2)
 312:             1             56  java.lang.invoke.BoundMethodHandle$Species_LLLLL (java.base@21.0.2)
 313:             1             56  java.util.stream.ReferencePipeline$3 (java.base@21.0.2)
 314:             1             56  java.util.stream.ReferencePipeline$Head (java.base@21.0.2)
 315:             1             56  jdk.internal.org.objectweb.asm.Label (java.base@21.0.2)
 316:             1             48  [Ljava.math.RoundingMode; (java.base@21.0.2)
 317:             1             48  [Ljava.util.concurrent.TimeUnit; (java.base@21.0.2)
 318:             2             48  [Ljava.util.regex.Pattern$Node; (java.base@21.0.2)
 319:             1             48  java.io.BufferedInputStream (java.base@21.0.2)
 320:             1             48  java.io.BufferedReader (java.base@21.0.2)
 321:             2             48  java.io.File$PathStatus (java.base@21.0.2)
 322:             2             48  java.io.InputStreamReader (java.base@21.0.2)
 323:             2             48  java.io.OutputStreamWriter (java.base@21.0.2)
 324:             1             48  java.lang.NullPointerException (java.base@21.0.2)
 325:             2             48  java.lang.ThreadLocal$ThreadLocalMap (java.base@21.0.2)
 326:             1             48  java.lang.invoke.BoundMethodHandle$Specializer$Factory (java.base@21.0.2)
 327:             1             48  java.lang.invoke.BoundMethodHandle$Species_LLJ (java.base@21.0.2)
 328:             1             48  java.lang.invoke.BoundMethodHandle$Species_LLL (java.base@21.0.2)
 329:             2             48  java.lang.invoke.ConstantCallSite (java.base@21.0.2)
 330:             2             48  java.net.Inet6Address (java.base@21.0.2)
 331:             3             48  java.nio.charset.CodingErrorAction (java.base@21.0.2)
 332:             2             48  java.security.BasicPermissionCollection (java.base@21.0.2)
 333:             3             48  java.security.SecureClassLoader$CodeSourceKey (java.base@21.0.2)
 334:             2             48  java.time.format.DateTimeFormatterBuilder$ZoneIdPrinterParser (java.base@21.0.2)
 335:             2             48  java.time.format.DateTimeTextProvider$LocaleStore (java.base@21.0.2)
 336:             3             48  java.util.HashMap$EntrySet (java.base@21.0.2)
 337:             2             48  java.util.LinkedHashMap$LinkedEntrySet (java.base@21.0.2)
 338:             3             48  java.util.Optional (java.base@21.0.2)
 339:             3             48  java.util.ResourceBundle$NoFallbackControl (java.base@21.0.2)
 340:             2             48  java.util.concurrent.ConcurrentHashMap$KeySetView (java.base@21.0.2)
 341:             1             48  java.util.concurrent.ConcurrentSkipListMap (java.base@21.0.2)
 342:             2             48  java.util.regex.Pattern$$Lambda/0x800000033 (java.base@21.0.2)
 343:             2             48  java.util.regex.Pattern$StartS (java.base@21.0.2)
 344:             1             48  jdk.internal.jimage.ImageHeader (java.base@21.0.2)
 345:             2             48  jdk.internal.misc.Signal (java.base@21.0.2)
 346:             2             48  jdk.internal.misc.Signal$NativeHandler (java.base@21.0.2)
 347:             2             48  jdk.internal.reflect.ReflectionFactory$Config (java.base@21.0.2)
 348:             2             48  sun.nio.fs.NativeBuffer$Deallocator (java.base@21.0.2)
 349:             1             48  sun.util.resources.TimeZoneNames (java.base@21.0.2)
 350:             1             48  sun.util.resources.TimeZoneNames_en (java.base@21.0.2)
 351:             1             48  sun.util.resources.cldr.TimeZoneNames (java.base@21.0.2)
 352:             1             48  sun.util.resources.cldr.TimeZoneNames_en (java.base@21.0.2)
 353:             1             40  [Ljava.lang.Thread$State; (java.base@21.0.2)
 354:             1             40  [Ljava.lang.invoke.VarHandle$AccessType; (java.base@21.0.2)
 355:             1             40  [Ljava.time.format.SignStyle; (java.base@21.0.2)
 356:             1             40  [Ljava.time.format.TextStyle; (java.base@21.0.2)
 357:             1             40  [Ljava.util.stream.StreamOpFlag; (java.base@21.0.2)
 358:             1             40  [Lsun.nio.fs.WindowsPathType; (java.base@21.0.2)
 359:             1             40  [Lsun.util.locale.provider.LocaleProviderAdapter$Type; (java.base@21.0.2)
 360:             1             40  [[Ljava.lang.invoke.LambdaForm$Name; (java.base@21.0.2)
 361:             1             40  java.lang.ArithmeticException (java.base@21.0.2)
 362:             1             40  java.lang.Package$VersionInfo (java.base@21.0.2)
 363:             1             40  java.lang.VirtualMachineError (java.base@21.0.2)
 364:             1             40  java.lang.invoke.DirectMethodHandle$Interface (java.base@21.0.2)
 365:             1             40  java.lang.invoke.VarHandleInts$FieldInstanceReadWrite (java.base@21.0.2)
 366:             1             40  java.net.Socket (java.base@21.0.2)
 367:             1             40  java.time.format.DateTimeFormatterBuilder$NanosPrinterParser (java.base@21.0.2)
 368:             1             40  java.time.zone.ZoneRules (java.base@21.0.2)
 369:             1             40  java.util.ResourceBundle$2 (java.base@21.0.2)
 370:             1             40  jdk.internal.loader.URLClassPath (java.base@21.0.2)
 371:             1             40  jdk.internal.ref.Cleaner (java.base@21.0.2)
 372:             1             40  jdk.internal.ref.CleanerImpl$CleanerCleanable (java.base@21.0.2)
 373:             1             40  sun.nio.cs.StandardCharsets$Aliases (java.base@21.0.2)
 374:             1             40  sun.nio.cs.StandardCharsets$Cache (java.base@21.0.2)
 375:             1             40  sun.nio.cs.StandardCharsets$Classes (java.base@21.0.2)
 376:             1             40  sun.nio.cs.US_ASCII$Decoder (java.base@21.0.2)
 377:             1             40  sun.nio.cs.UTF_8$Decoder (java.base@21.0.2)
 378:             1             40  sun.nio.fs.WindowsPath (java.base@21.0.2)
 379:             1             40  sun.text.resources.cldr.FormatData (java.base@21.0.2)
 380:             1             40  sun.text.resources.cldr.ext.FormatData_ru (jdk.localedata@21.0.2)
 381:             1             40  sun.util.locale.InternalLocaleBuilder (java.base@21.0.2)
 382:             1             40  sun.util.resources.Bundles$1 (java.base@21.0.2)
 383:             2             32  [Ljava.lang.StackTraceElement; (java.base@21.0.2)
 384:             1             32  [Ljava.lang.ThreadGroup; (java.base@21.0.2)
 385:             2             32  [Ljava.lang.annotation.Annotation; (java.base@21.0.2)
 386:             1             32  [Ljava.lang.module.ModuleDescriptor$Modifier; (java.base@21.0.2)
 387:             1             32  [Ljava.lang.module.ModuleDescriptor$Requires$Modifier; (java.base@21.0.2)
 388:             1             32  [Ljava.net.Proxy$Type; (java.base@21.0.2)
 389:             1             32  [Ljava.net.StandardProtocolFamily; (java.base@21.0.2)
 390:             1             32  [Ljava.time.format.DateTimeFormatterBuilder$SettingsParser; (java.base@21.0.2)
 391:             1             32  [Ljava.time.format.ResolverStyle; (java.base@21.0.2)
 392:             1             32  [Ljava.time.temporal.IsoFields$Field; (java.base@21.0.2)
 393:             1             32  [Ljava.time.temporal.JulianFields$Field; (java.base@21.0.2)
 394:             1             32  [Ljava.util.regex.Pattern$Qtype; (java.base@21.0.2)
 395:             1             32  [Ljava.util.stream.StreamShape; (java.base@21.0.2)
 396:             1             32  [Ljava.util.zip.ZipCoder$Comparison; (java.base@21.0.2)
 397:             1             32  [Ljdk.internal.module.ServicesCatalog; (java.base@21.0.2)
 398:             1             32  [Lsun.nio.fs.NativeBuffer; (java.base@21.0.2)
 399:             1             32  java.io.FileInputStream (java.base@21.0.2)
 400:             2             32  java.lang.Boolean (java.base@21.0.2)
 401:             1             32  java.lang.Module$ArchivedData (java.base@21.0.2)
 402:             1             32  java.lang.invoke.VarHandleByteArrayAsChars$ArrayHandle (java.base@21.0.2)
 403:             1             32  java.lang.invoke.VarHandleByteArrayAsDoubles$ArrayHandle (java.base@21.0.2)
 404:             1             32  java.lang.invoke.VarHandleByteArrayAsFloats$ArrayHandle (java.base@21.0.2)
 405:             1             32  java.lang.invoke.VarHandleByteArrayAsInts$ArrayHandle (java.base@21.0.2)
 406:             1             32  java.lang.invoke.VarHandleByteArrayAsLongs$ArrayHandle (java.base@21.0.2)
 407:             1             32  java.lang.invoke.VarHandleByteArrayAsShorts$ArrayHandle (java.base@21.0.2)
 408:             1             32  java.lang.module.ModuleDescriptor$Version (java.base@21.0.2)
 409:             2             32  java.lang.ref.NativeReferenceQueue$Lock (java.base@21.0.2)
 410:             2             32  java.nio.ByteOrder (java.base@21.0.2)
 411:             1             32  java.nio.DirectByteBuffer$Deallocator (java.base@21.0.2)
 412:             2             32  java.time.format.DateTimeFormatterBuilder$1 (java.base@21.0.2)
 413:             2             32  java.time.format.DateTimeFormatterBuilder$StringLiteralPrinterParser (java.base@21.0.2)
 414:             1             32  java.util.ArrayList$ArrayListSpliterator (java.base@21.0.2)
 415:             2             32  java.util.Collections$SingletonSet (java.base@21.0.2)
 416:             1             32  java.util.Collections$UnmodifiableMap (java.base@21.0.2)
 417:             2             32  java.util.HashMap$Values (java.base@21.0.2)
 418:             2             32  java.util.IdentityHashMap$KeySet (java.base@21.0.2)
 419:             1             32  java.util.ImmutableCollections$ListItr (java.base@21.0.2)
 420:             2             32  java.util.ResourceBundle$SingleFormatControl (java.base@21.0.2)
 421:             2             32  java.util.concurrent.ConcurrentHashMap$EntrySetView (java.base@21.0.2)
 422:             2             32  java.util.regex.Pattern$BranchConn (java.base@21.0.2)
 423:             1             32  java.util.zip.ZipCoder$UTF8ZipCoder (java.base@21.0.2)
 424:             1             32  jdk.internal.loader.ArchivedClassLoaders (java.base@21.0.2)
 425:             2             32  jdk.internal.loader.ClassLoaderValue (java.base@21.0.2)
 426:             1             32  jdk.internal.loader.URLClassPath$FileLoader (java.base@21.0.2)
 427:             1             32  jdk.internal.org.objectweb.asm.ConstantDynamic (java.base@21.0.2)
 428:             1             32  jdk.internal.org.objectweb.asm.Handle (java.base@21.0.2)
 429:             1             32  jdk.net.ExtendedSocketOptions$1 (jdk.net@21.0.2)
 430:             1             32  sun.instrument.InstrumentationImpl (java.instrument@21.0.2)
 431:             2             32  sun.util.resources.LocaleData (java.base@21.0.2)
 432:             1             24  [Ljava.io.File$PathStatus; (java.base@21.0.2)
 433:             1             24  [Ljava.lang.ClassValue$Entry; (java.base@21.0.2)
 434:             1             24  [Ljava.lang.invoke.MethodHandles$Lookup$ClassOption; (java.base@21.0.2)
 435:             1             24  [Ljava.net.URL; (java.base@21.0.2)
 436:             1             24  [Ljava.time.temporal.IsoFields$Unit; (java.base@21.0.2)
 437:             1             24  [Ljava.util.Comparators$NaturalOrderComparator; (java.base@21.0.2)
 438:             1             24  [Ljava.util.Locale$Category; (java.base@21.0.2)
 439:             1             24  [Ljava.util.jar.Manifest; (java.base@21.0.2)
 440:             1             24  java.io.WinNTFileSystem (java.base@21.0.2)
 441:             1             24  java.lang.ClassValue$Version (java.base@21.0.2)
 442:             1             24  java.lang.Double (java.base@21.0.2)
 443:             1             24  java.lang.StringBuilder (java.base@21.0.2)
 444:             1             24  java.lang.invoke.MethodType$ConcurrentWeakInternSet (java.base@21.0.2)
 445:             1             24  java.lang.invoke.VarHandles$1 (java.base@21.0.2)
 446:             1             24  java.net.Inet6AddressImpl (java.base@21.0.2)
 447:             1             24  java.net.Proxy (java.base@21.0.2)
 448:             1             24  java.net.Socket$SocketInputStream (java.base@21.0.2)
 449:             1             24  java.time.ZoneRegion (java.base@21.0.2)
 450:             1             24  java.time.format.DecimalStyle (java.base@21.0.2)
 451:             1             24  java.time.temporal.IsoFields$Field$1 (java.base@21.0.2)
 452:             1             24  java.time.temporal.IsoFields$Field$2 (java.base@21.0.2)
 453:             1             24  java.time.temporal.IsoFields$Field$3 (java.base@21.0.2)
 454:             1             24  java.time.temporal.IsoFields$Field$4 (java.base@21.0.2)
 455:             1             24  java.time.zone.TzdbZoneRulesProvider (java.base@21.0.2)
 456:             1             24  java.util.Arrays$ArrayList (java.base@21.0.2)
 457:             1             24  java.util.Collections$EmptyMap (java.base@21.0.2)
 458:             1             24  java.util.Collections$UnmodifiableRandomAccessList (java.base@21.0.2)
 459:             1             24  java.util.Comparators$NaturalOrderComparator (java.base@21.0.2)
 460:             1             24  java.util.Locale$Cache (java.base@21.0.2)
 461:             1             24  java.util.OptionalInt (java.base@21.0.2)
 462:             1             24  java.util.ResourceBundle$Control$CandidateListCache (java.base@21.0.2)
 463:             1             24  java.util.Scanner$PatternLRUCache (java.base@21.0.2)
 464:             1             24  java.util.jar.Manifest (java.base@21.0.2)
 465:             1             24  java.util.regex.Pattern$$Lambda/0x000001409904cc60 (java.base@21.0.2)
 466:             1             24  java.util.regex.Pattern$$Lambda/0x80000002b (java.base@21.0.2)
 467:             1             24  java.util.regex.Pattern$CharProperty (java.base@21.0.2)
 468:             1             24  java.util.regex.Pattern$Dollar (java.base@21.0.2)
 469:             1             24  java.util.regex.Pattern$Slice (java.base@21.0.2)
 470:             1             24  java.util.stream.Nodes$FixedNodeBuilder (java.base@21.0.2)
 471:             1             24  java.util.stream.ReferencePipeline$3$1 (java.base@21.0.2)
 472:             1             24  jdk.internal.jimage.ImageReader (java.base@21.0.2)
 473:             1             24  jdk.internal.module.ModuleBootstrap$SafeModuleFinder (java.base@21.0.2)
 474:             1             24  jdk.internal.module.ModuleHashes (java.base@21.0.2)
 475:             1             24  jdk.internal.ref.CleanerImpl (java.base@21.0.2)
 476:             1             24  ru.job4j.tracker.MemTracker
 477:             1             24  sun.instrument.TransformerManager (java.instrument@21.0.2)
 478:             1             24  sun.nio.ch.Util$BufferCache (java.base@21.0.2)
 479:             1             24  sun.nio.cs.ISO_8859_1 (java.base@21.0.2)
 480:             1             24  sun.nio.cs.MS1251 (java.base@21.0.2)
 481:             1             24  sun.nio.cs.StandardCharsets (java.base@21.0.2)
 482:             1             24  sun.nio.cs.US_ASCII (java.base@21.0.2)
 483:             1             24  sun.nio.cs.UTF_16 (java.base@21.0.2)
 484:             1             24  sun.nio.cs.UTF_16BE (java.base@21.0.2)
 485:             1             24  sun.nio.cs.UTF_16LE (java.base@21.0.2)
 486:             1             24  sun.nio.cs.UTF_8 (java.base@21.0.2)
 487:             1             24  sun.nio.fs.WindowsFileSystem (java.base@21.0.2)
 488:             1             24  sun.util.cldr.CLDRTimeZoneNameProviderImpl (java.base@21.0.2)
 489:             1             24  sun.util.locale.BaseLocale$Cache (java.base@21.0.2)
 490:             1             24  sun.util.locale.provider.DecimalFormatSymbolsProviderImpl (java.base@21.0.2)
 491:             1             24  sun.util.locale.provider.LocaleServiceProviderPool (java.base@21.0.2)
 492:             1             24  sun.util.locale.provider.NumberFormatProviderImpl (java.base@21.0.2)
 493:             1             24  sun.util.locale.provider.TimeZoneNameProviderImpl (java.base@21.0.2)
 494:             1             16  [F (java.base@21.0.2)
 495:             1             16  [Ljava.lang.Throwable; (java.base@21.0.2)
 496:             1             16  [Ljava.security.cert.Certificate; (java.base@21.0.2)
 497:             1             16  [Ljava.text.FieldPosition; (java.base@21.0.2)
 498:             1             16  [Ljava.time.zone.ZoneOffsetTransitionRule; (java.base@21.0.2)
 499:             1             16  [Lsun.instrument.TransformerManager$TransformerInfo; (java.instrument@21.0.2)
 500:             1             16  java.io.FileDescriptor$1 (java.base@21.0.2)
 501:             1             16  java.io.PrintStream$1 (java.base@21.0.2)
 502:             1             16  java.io.RandomAccessFile$2 (java.base@21.0.2)
 503:             1             16  java.lang.CharacterData00 (java.base@21.0.2)
 504:             1             16  java.lang.CharacterDataLatin1 (java.base@21.0.2)
 505:             1             16  java.lang.ClassValue$Identity (java.base@21.0.2)
 506:             1             16  java.lang.Float (java.base@21.0.2)
 507:             1             16  java.lang.Runtime (java.base@21.0.2)
 508:             1             16  java.lang.String$CaseInsensitiveComparator (java.base@21.0.2)
 509:             1             16  java.lang.System$2 (java.base@21.0.2)
 510:             1             16  java.lang.Terminator$1 (java.base@21.0.2)
 511:             1             16  java.lang.invoke.ClassSpecializer$1 (java.base@21.0.2)
 512:             1             16  java.lang.invoke.MemberName$Factory (java.base@21.0.2)
 513:             1             16  java.lang.invoke.MethodHandleImpl$1 (java.base@21.0.2)
 514:             1             16  java.lang.module.ModuleDescriptor$1 (java.base@21.0.2)
 515:             1             16  java.lang.ref.Cleaner (java.base@21.0.2)
 516:             1             16  java.lang.ref.Cleaner$1 (java.base@21.0.2)
 517:             1             16  java.lang.ref.Reference$1 (java.base@21.0.2)
 518:             1             16  java.lang.reflect.AccessFlag$1 (java.base@21.0.2)
 519:             1             16  java.lang.reflect.AccessFlag$10 (java.base@21.0.2)
 520:             1             16  java.lang.reflect.AccessFlag$11 (java.base@21.0.2)
 521:             1             16  java.lang.reflect.AccessFlag$12 (java.base@21.0.2)
 522:             1             16  java.lang.reflect.AccessFlag$13 (java.base@21.0.2)
 523:             1             16  java.lang.reflect.AccessFlag$14 (java.base@21.0.2)
 524:             1             16  java.lang.reflect.AccessFlag$15 (java.base@21.0.2)
 525:             1             16  java.lang.reflect.AccessFlag$16 (java.base@21.0.2)
 526:             1             16  java.lang.reflect.AccessFlag$17 (java.base@21.0.2)
 527:             1             16  java.lang.reflect.AccessFlag$18 (java.base@21.0.2)
 528:             1             16  java.lang.reflect.AccessFlag$2 (java.base@21.0.2)
 529:             1             16  java.lang.reflect.AccessFlag$3 (java.base@21.0.2)
 530:             1             16  java.lang.reflect.AccessFlag$4 (java.base@21.0.2)
 531:             1             16  java.lang.reflect.AccessFlag$5 (java.base@21.0.2)
 532:             1             16  java.lang.reflect.AccessFlag$6 (java.base@21.0.2)
 533:             1             16  java.lang.reflect.AccessFlag$7 (java.base@21.0.2)
 534:             1             16  java.lang.reflect.AccessFlag$8 (java.base@21.0.2)
 535:             1             16  java.lang.reflect.AccessFlag$9 (java.base@21.0.2)
 536:             1             16  java.lang.reflect.ReflectAccess (java.base@21.0.2)
 537:             1             16  java.net.InetAddress$1 (java.base@21.0.2)
 538:             1             16  java.net.InetAddress$PlatformResolver (java.base@21.0.2)
 539:             1             16  java.net.URI$1 (java.base@21.0.2)
 540:             1             16  java.net.URL$3 (java.base@21.0.2)
 541:             1             16  java.net.URL$DefaultFactory (java.base@21.0.2)
 542:             1             16  java.net.spi.InetAddressResolver$LookupPolicy (java.base@21.0.2)
 543:             1             16  java.nio.Bits$1 (java.base@21.0.2)
 544:             1             16  java.nio.Buffer$1 (java.base@21.0.2)
 545:             1             16  java.nio.Buffer$2 (java.base@21.0.2)
 546:             1             16  java.security.ProtectionDomain$JavaSecurityAccessImpl (java.base@21.0.2)
 547:             1             16  java.text.DecimalFormatSymbols$$Lambda/0x80000000d (java.base@21.0.2)
 548:             1             16  java.time.Clock$SystemClock (java.base@21.0.2)
 549:             1             16  java.time.ZoneOffset$$Lambda/0x80000000e (java.base@21.0.2)
 550:             1             16  java.time.chrono.IsoChronology (java.base@21.0.2)
 551:             1             16  java.time.format.DateTimeFormatter$$Lambda/0x80000000f (java.base@21.0.2)
 552:             1             16  java.time.format.DateTimeFormatter$$Lambda/0x800000010 (java.base@21.0.2)
 553:             1             16  java.time.format.DateTimeFormatterBuilder$$Lambda/0x800000011 (java.base@21.0.2)
 554:             1             16  java.time.format.DateTimeFormatterBuilder$InstantPrinterParser (java.base@21.0.2)
 555:             1             16  java.time.format.DateTimeTextProvider (java.base@21.0.2)
 556:             1             16  java.time.format.DateTimeTextProvider$1 (java.base@21.0.2)
 557:             1             16  java.util.Collections$EmptyEnumeration (java.base@21.0.2)
 558:             1             16  java.util.Collections$EmptyIterator (java.base@21.0.2)
 559:             1             16  java.util.Collections$EmptyList (java.base@21.0.2)
 560:             1             16  java.util.Collections$EmptySet (java.base@21.0.2)
 561:             1             16  java.util.EnumMap$1 (java.base@21.0.2)
 562:             1             16  java.util.ImmutableCollections$Access$1 (java.base@21.0.2)
 563:             1             16  java.util.Locale$Builder (java.base@21.0.2)
 564:             1             16  java.util.Map$Entry$$Lambda/0x00000140990594f8 (java.base@21.0.2)
 565:             1             16  java.util.ResourceBundle$1 (java.base@21.0.2)
 566:             1             16  java.util.ResourceBundle$Control (java.base@21.0.2)
 567:             1             16  java.util.Spliterators$EmptySpliterator$OfDouble (java.base@21.0.2)
 568:             1             16  java.util.Spliterators$EmptySpliterator$OfInt (java.base@21.0.2)
 569:             1             16  java.util.Spliterators$EmptySpliterator$OfLong (java.base@21.0.2)
 570:             1             16  java.util.Spliterators$EmptySpliterator$OfRef (java.base@21.0.2)
 571:             1             16  java.util.concurrent.ConcurrentSkipListSet (java.base@21.0.2)
 572:             1             16  java.util.jar.Attributes (java.base@21.0.2)
 573:             1             16  java.util.jar.JavaUtilJarAccessImpl (java.base@21.0.2)
 574:             1             16  java.util.regex.CharPredicates$$Lambda/0x000001409904a080 (java.base@21.0.2)
 575:             1             16  java.util.regex.CharPredicates$$Lambda/0x000001409904ab68 (java.base@21.0.2)
 576:             1             16  java.util.regex.Pattern$$Lambda/0x000001409904a4c8 (java.base@21.0.2)
 577:             1             16  java.util.regex.Pattern$$Lambda/0x0000014099051098 (java.base@21.0.2)
 578:             1             16  java.util.regex.Pattern$$Lambda/0x800000032 (java.base@21.0.2)
 579:             1             16  java.util.regex.Pattern$LastNode (java.base@21.0.2)
 580:             1             16  java.util.regex.Pattern$Node (java.base@21.0.2)
 581:             1             16  java.util.stream.Collectors$$Lambda/0x80000003a (java.base@21.0.2)
 582:             1             16  java.util.stream.Collectors$$Lambda/0x800000041 (java.base@21.0.2)
 583:             1             16  java.util.stream.Collectors$$Lambda/0x800000043 (java.base@21.0.2)
 584:             1             16  java.util.stream.Collectors$$Lambda/0x800000046 (java.base@21.0.2)
 585:             1             16  java.util.stream.FindOps$FindSink$OfInt$$Lambda/0x800000049 (java.base@21.0.2)
 586:             1             16  java.util.stream.FindOps$FindSink$OfInt$$Lambda/0x80000004a (java.base@21.0.2)
 587:             1             16  java.util.stream.FindOps$FindSink$OfInt$$Lambda/0x80000004b (java.base@21.0.2)
 588:             1             16  java.util.stream.FindOps$FindSink$OfInt$$Lambda/0x80000004c (java.base@21.0.2)
 589:             1             16  java.util.stream.FindOps$FindSink$OfRef$$Lambda/0x80000004d (java.base@21.0.2)
 590:             1             16  java.util.stream.FindOps$FindSink$OfRef$$Lambda/0x80000004e (java.base@21.0.2)
 591:             1             16  java.util.stream.FindOps$FindSink$OfRef$$Lambda/0x80000004f (java.base@21.0.2)
 592:             1             16  java.util.stream.FindOps$FindSink$OfRef$$Lambda/0x800000050 (java.base@21.0.2)
 593:             1             16  java.util.stream.Nodes$EmptyNode$OfDouble (java.base@21.0.2)
 594:             1             16  java.util.stream.Nodes$EmptyNode$OfInt (java.base@21.0.2)
 595:             1             16  java.util.stream.Nodes$EmptyNode$OfLong (java.base@21.0.2)
 596:             1             16  java.util.stream.Nodes$EmptyNode$OfRef (java.base@21.0.2)
 597:             1             16  java.util.stream.ReferencePipeline$$Lambda/0x000001409905b1f8 (java.base@21.0.2)
 598:             1             16  java.util.zip.ZipFile$1 (java.base@21.0.2)
 599:             1             16  jdk.internal.jimage.ImageReaderFactory$1 (java.base@21.0.2)
 600:             1             16  jdk.internal.jimage.ImageStringsReader (java.base@21.0.2)
 601:             1             16  jdk.internal.jimage.decompressor.Decompressor (java.base@21.0.2)
 602:             1             16  jdk.internal.misc.ScopedMemoryAccess (java.base@21.0.2)
 603:             1             16  jdk.internal.misc.TerminatingThreadLocal$1 (java.base@21.0.2)
 604:             1             16  jdk.internal.misc.Unsafe (java.base@21.0.2)
 605:             1             16  jdk.internal.module.DefaultRoots$$Lambda/0x800000053 (java.base@21.0.2)
 606:             1             16  jdk.internal.module.DefaultRoots$$Lambda/0x800000054 (java.base@21.0.2)
 607:             1             16  jdk.internal.module.DefaultRoots$$Lambda/0x800000055 (java.base@21.0.2)
 608:             1             16  jdk.internal.module.DefaultRoots$$Lambda/0x800000056 (java.base@21.0.2)
 609:             1             16  jdk.internal.module.ModulePatcher (java.base@21.0.2)
 610:             1             16  jdk.internal.module.ModuleResolution (java.base@21.0.2)
 611:             1             16  jdk.internal.module.ModuleTarget (java.base@21.0.2)
 612:             1             16  jdk.internal.perf.Perf (java.base@21.0.2)
 613:             1             16  jdk.internal.reflect.ReflectionFactory (java.base@21.0.2)
 614:             1             16  jdk.internal.util.Preconditions$1 (java.base@21.0.2)
 615:             1             16  jdk.internal.util.Preconditions$2 (java.base@21.0.2)
 616:             1             16  jdk.internal.util.Preconditions$3 (java.base@21.0.2)
 617:             1             16  jdk.net.WindowsSocketOptions (jdk.net@21.0.2)
 618:             1             16  ru.job4j.tracker.ConsoleInput
 619:             1             16  ru.job4j.tracker.ConsoleOutput
 620:             1             16  ru.job4j.tracker.CreateAction
 621:             1             16  ru.job4j.tracker.CreateManyItems
 622:             1             16  ru.job4j.tracker.DeleteAction
 623:             1             16  ru.job4j.tracker.DeleteAllItems
 624:             1             16  ru.job4j.tracker.DeleteAllItems$$Lambda/0x0000014099007828
 625:             1             16  ru.job4j.tracker.ExitAction
 626:             1             16  ru.job4j.tracker.FindAllAction
 627:             1             16  ru.job4j.tracker.FindByIdAction
 628:             1             16  ru.job4j.tracker.FindByNameAction
 629:             1             16  ru.job4j.tracker.ReplaceAction
 630:             1             16  ru.job4j.tracker.StartUI
 631:             1             16  sun.instrument.InstrumentationImpl$$Lambda/0x0000014099041d80 (java.instrument@21.0.2)
 632:             1             16  sun.net.spi.DefaultProxySelector (java.base@21.0.2)
 633:             1             16  sun.net.www.protocol.file.Handler (java.base@21.0.2)
 634:             1             16  sun.net.www.protocol.jar.Handler (java.base@21.0.2)
 635:             1             16  sun.net.www.protocol.jrt.Handler (java.base@21.0.2)
 636:             1             16  sun.nio.ch.Net$1 (java.base@21.0.2)
 637:             1             16  sun.nio.ch.NioSocketImpl$$Lambda/0x000001409904a720 (java.base@21.0.2)
 638:             1             16  sun.nio.ch.NioSocketImpl$1 (java.base@21.0.2)
 639:             1             16  sun.nio.ch.SocketDispatcher (java.base@21.0.2)
 640:             1             16  sun.nio.ch.Util$1 (java.base@21.0.2)
 641:             1             16  sun.nio.fs.NativeBuffers$1 (java.base@21.0.2)
 642:             1             16  sun.nio.fs.WindowsFileSystemProvider (java.base@21.0.2)
 643:             1             16  sun.util.calendar.Gregorian (java.base@21.0.2)
 644:             1             16  sun.util.cldr.CLDRBaseLocaleDataMetaInfo (java.base@21.0.2)
 645:             1             16  sun.util.cldr.CLDRLocaleProviderAdapter$$Lambda/0x800000064 (java.base@21.0.2)
 646:             1             16  sun.util.cldr.CLDRLocaleProviderAdapter$$Lambda/0x800000066 (java.base@21.0.2)
 647:             1             16  sun.util.cldr.CLDRTimeZoneNameProviderImpl$AVAILABLE_IDS$$Lambda/0x0000014099055898 (java.base@21.0.2)
 648:             1             16  sun.util.locale.InternalLocaleBuilder$CaseInsensitiveChar (java.base@21.0.2)
 649:             1             16  sun.util.locale.provider.TimeZoneNameUtility$TimeZoneNameGetter (java.base@21.0.2)
 650:             1             16  sun.util.resources.LocaleData$LocaleDataStrategy (java.base@21.0.2)
 651:             1             16  sun.util.resources.cldr.provider.CLDRLocaleDataMetaInfo (jdk.localedata@21.0.2)
Total       1380486       43082288
PS C:\Users\selov\projects\job4j_tracker> 

2) Анализ был проведен инстументом jstat.
- Добавляли экземпляры , сначала 5к, потом 190 и уже 805к
-В случае 1кк экземпляров ёмкость и использованная память значительно выше, что логично для большего количества объектов.
- ОС увеличилась почти в три раза, что отражает большую нагрузку на память при увеличении количества объектов.
- Количество сборок мусора в Young Generation и общее время сборки мусора значительно увеличилось при увеличении количества объектов

PS C:\Users\selov\projects\job4j_tracker> jstat -gc 5560 1s 10
    S0C         S1C         S0U         S1U          EC           EU           OC           OU          MC         MU       CCSC      CCSU     YGC     YGCT     FGC    FGCT     CGC    CGCT       GCT   
        0,0         0,0         0,0         0,0       6144,0       3072,0     124928,0          0,0        0,0        0,0       0,0       0,0      0     0,000     0     0,000     0     0,000     0,000
        0,0         0,0         0,0         0,0       6144,0       3072,0     124928,0          0,0        0,0        0,0       0,0       0,0      0     0,000     0     0,000     0     0,000     0,000
        0,0         0,0         0,0         0,0       6144,0       3072,0     124928,0          0,0        0,0        0,0       0,0       0,0      0     0,000     0     0,000     0     0,000     0,000
        0,0         0,0         0,0         0,0       6144,0       3072,0     124928,0          0,0        0,0        0,0       0,0       0,0      0     0,000     0     0,000     0     0,000     0,000
        0,0         0,0         0,0         0,0       6144,0       3072,0     124928,0          0,0        0,0        0,0       0,0       0,0      0     0,000     0     0,000     0     0,000     0,000
        0,0         0,0         0,0         0,0       6144,0       3072,0     124928,0          0,0        0,0        0,0       0,0       0,0      0     0,000     0     0,000     0     0,000     0,000
        0,0         0,0         0,0         0,0       6144,0       3072,0     124928,0          0,0        0,0        0,0       0,0       0,0      0     0,000     0     0,000     0     0,000     0,000
        0,0         0,0         0,0         0,0       6144,0       3072,0     124928,0          0,0        0,0        0,0       0,0       0,0      0     0,000     0     0,000     0     0,000     0,000
        0,0         0,0         0,0         0,0       6144,0       3072,0     124928,0          0,0        0,0        0,0       0,0       0,0      0     0,000     0     0,000     0     0,000     0,000
        0,0         0,0         0,0         0,0       6144,0       3072,0     124928,0          0,0        0,0        0,0       0,0       0,0      0     0,000     0     0,000     0     0,000     0,000

Добавление 5000

PS C:\Users\selov\projects\job4j_tracker> jstat -gc 5560 1s 10
    S0C         S1C         S0U         S1U          EC           EU           OC           OU          MC         MU       CCSC      CCSU     YGC     YGCT     FGC    FGCT     CGC    CGCT       GCT   
        0,0      1024,0         0,0      1024,0       6144,0          0,0     123904,0       2368,0     1728,0     1576,9     192,0     137,1      1     0,006     0     0,000     0     0,000     0,006
        0,0      1024,0         0,0      1024,0       6144,0          0,0     123904,0       2368,0     1728,0     1576,9     192,0     137,1      1     0,006     0     0,000     0     0,000     0,006
        0,0      1024,0         0,0      1024,0       6144,0          0,0     123904,0       2368,0     1728,0     1576,9     192,0     137,1      1     0,006     0     0,000     0     0,000     0,006
        0,0      1024,0         0,0      1024,0       6144,0          0,0     123904,0       2368,0     1728,0     1576,9     192,0     137,1      1     0,006     0     0,000     0     0,000     0,006
        0,0      1024,0         0,0      1024,0       6144,0          0,0     123904,0       2368,0     1728,0     1576,9     192,0     137,1      1     0,006     0     0,000     0     0,000     0,006
        0,0      1024,0         0,0      1024,0       6144,0          0,0     123904,0       2368,0     1728,0     1576,9     192,0     137,1      1     0,006     0     0,000     0     0,000     0,006
        0,0      1024,0         0,0      1024,0       6144,0          0,0     123904,0       2368,0     1728,0     1576,9     192,0     137,1      1     0,006     0     0,000     0     0,000     0,006
        0,0      1024,0         0,0      1024,0       6144,0          0,0     123904,0       2368,0     1728,0     1576,9     192,0     137,1      1     0,006     0     0,000     0     0,000     0,006
        0,0      1024,0         0,0      1024,0       6144,0          0,0     123904,0       2368,0     1728,0     1576,9     192,0     137,1      1     0,006     0     0,000     0     0,000     0,006
        0,0      1024,0         0,0      1024,0       6144,0          0,0     123904,0       2368,0     1728,0     1576,9     192,0     137,1      1     0,006     0     0,000     0     0,000     0,006

190к экземпляров

    S0C         S1C         S0U         S1U          EC           EU           OC           OU          MC         MU       CCSC      CCSU     YGC     YGCT     FGC    FGCT     CGC    CGCT       GCT
        0,0      2048,0         0,0      2048,0      16384,0      10240,0     112640,0      27136,0     1728,0     1585,1     192,0     137,1      5     0,038     0     0,000     0     0,000     0,038
        0,0      2048,0         0,0      2048,0      16384,0      10240,0     112640,0      27136,0     1728,0     1585,1     192,0     137,1      5     0,038     0     0,000     0     0,000     0,038
        0,0      2048,0         0,0      2048,0      16384,0      10240,0     112640,0      27136,0     1728,0     1585,1     192,0     137,1      5     0,038     0     0,000     0     0,000     0,038
        0,0      2048,0         0,0      2048,0      16384,0      10240,0     112640,0      27136,0     1728,0     1585,1     192,0     137,1      5     0,038     0     0,000     0     0,000     0,038
        0,0      2048,0         0,0      2048,0      16384,0      10240,0     112640,0      27136,0     1728,0     1585,1     192,0     137,1      5     0,038     0     0,000     0     0,000     0,038
        0,0      2048,0         0,0      2048,0      16384,0      10240,0     112640,0      27136,0     1728,0     1585,1     192,0     137,1      5     0,038     0     0,000     0     0,000     0,038
        0,0      2048,0         0,0      2048,0      16384,0      10240,0     112640,0      27136,0     1728,0     1585,1     192,0     137,1      5     0,038     0     0,000     0     0,000     0,038
        0,0      2048,0         0,0      2048,0      16384,0      10240,0     112640,0      27136,0     1728,0     1585,1     192,0     137,1      5     0,038     0     0,000     0     0,000     0,038
        0,0      2048,0         0,0      2048,0      16384,0      10240,0     112640,0      27136,0     1728,0     1585,1     192,0     137,1      5     0,038     0     0,000     0     0,000     0,038
        0,0      2048,0         0,0      2048,0      16384,0      10240,0     112640,0      27136,0     1728,0     1585,1     192,0     137,1      5     0,038     0     0,000     0     0,000     0,038


1кк экземпляров 
    S0C         S1C         S0U         S1U          EC           EU           OC           OU          MC         MU       CCSC      CCSU     YGC     YGCT     FGC    FGCT     CGC    CGCT       GCT   
        0,0      6144,0         0,0      6144,0      51200,0      34816,0     335872,0     156160,0     1728,0     1588,5     192,0     137,1     11     0,213     0     0,000     0     0,000     0,213
        0,0      6144,0         0,0      6144,0      51200,0      34816,0     335872,0     156160,0     1728,0     1588,5     192,0     137,1     11     0,213     0     0,000     0     0,000     0,213
        0,0      6144,0         0,0      6144,0      51200,0      34816,0     335872,0     156160,0     1728,0     1588,5     192,0     137,1     11     0,213     0     0,000     0     0,000     0,213
        0,0      6144,0         0,0      6144,0      51200,0      34816,0     335872,0     156160,0     1728,0     1588,5     192,0     137,1     11     0,213     0     0,000     0     0,000     0,213
        0,0      6144,0         0,0      6144,0      51200,0      34816,0     335872,0     156160,0     1728,0     1588,5     192,0     137,1     11     0,213     0     0,000     0     0,000     0,213
        0,0      6144,0         0,0      6144,0      51200,0      34816,0     335872,0     156160,0     1728,0     1588,5     192,0     137,1     11     0,213     0     0,000     0     0,000     0,213
        0,0      6144,0         0,0      6144,0      51200,0      34816,0     335872,0     156160,0     1728,0     1588,5     192,0     137,1     11     0,213     0     0,000     0     0,000     0,213
        0,0      6144,0         0,0      6144,0      51200,0      34816,0     335872,0     156160,0     1728,0     1588,5     192,0     137,1     11     0,213     0     0,000     0     0,000     0,213
        0,0      6144,0         0,0      6144,0      51200,0      34816,0     335872,0     156160,0     1728,0     1588,5     192,0     137,1     11     0,213     0     0,000     0     0,000     0,213
        0,0      6144,0         0,0      6144,0      51200,0      34816,0     335872,0     156160,0     1728,0     1588,5     192,0     137,1     11     0,213     0     0,000     0     0,000     0,213
3) При добавление большого количества объектов(экземпляров) вышла ошибка "Java heap space"

